Archive member included to satisfy reference by file (symbol)

app/libapp.a(main.cpp.obj)    (--whole-archive)
app/libapp.a(led.cpp.obj)     (--whole-archive)
app/libapp.a(uart.cpp.obj)    (--whole-archive)
zephyr/libzephyr.a(cpp_dtors.c.obj)
                              (--whole-archive)
zephyr/libzephyr.a(heap.c.obj)
                              (--whole-archive)
zephyr/libzephyr.a(cbprintf_packaged.c.obj)
                              (--whole-archive)
zephyr/libzephyr.a(printk.c.obj)
                              (--whole-archive)
zephyr/libzephyr.a(sem.c.obj)
                              (--whole-archive)
zephyr/libzephyr.a(thread_entry.c.obj)
                              (--whole-archive)
zephyr/libzephyr.a(cbprintf_complete.c.obj)
                              (--whole-archive)
zephyr/libzephyr.a(assert.c.obj)
                              (--whole-archive)
zephyr/libzephyr.a(mpsc_pbuf.c.obj)
                              (--whole-archive)
zephyr/libzephyr.a(dec.c.obj)
                              (--whole-archive)
zephyr/libzephyr.a(hex.c.obj)
                              (--whole-archive)
zephyr/libzephyr.a(rb.c.obj)  (--whole-archive)
zephyr/libzephyr.a(timeutil.c.obj)
                              (--whole-archive)
zephyr/libzephyr.a(bitarray.c.obj)
                              (--whole-archive)
zephyr/libzephyr.a(onoff.c.obj)
                              (--whole-archive)
zephyr/libzephyr.a(notify.c.obj)
                              (--whole-archive)
zephyr/libzephyr.a(ring_buffer.c.obj)
                              (--whole-archive)
zephyr/libzephyr.a(last_section_id.c.obj)
                              (--whole-archive)
zephyr/libzephyr.a(configs.c.obj)
                              (--whole-archive)
zephyr/libzephyr.a(thread_info.c.obj)
                              (--whole-archive)
zephyr/libzephyr.a(log_core.c.obj)
                              (--whole-archive)
zephyr/libzephyr.a(log_mgmt.c.obj)
                              (--whole-archive)
zephyr/libzephyr.a(log_cache.c.obj)
                              (--whole-archive)
zephyr/libzephyr.a(log_msg.c.obj)
                              (--whole-archive)
zephyr/libzephyr.a(log_output.c.obj)
                              (--whole-archive)
zephyr/libzephyr.a(log_backend_uart.c.obj)
                              (--whole-archive)
zephyr/libzephyr.a(mem_attr.c.obj)
                              (--whole-archive)
zephyr/libzephyr.a(tracing_none.c.obj)
                              (--whole-archive)
zephyr/libzephyr.a(banner.c.obj)
                              (--whole-archive)
zephyr/libzephyr.a(flash_map_partition_manager.c.obj)
                              (--whole-archive)
zephyr/libzephyr.a(nrf_cc3xx_platform_abort_zephyr.c.obj)
                              (--whole-archive)
zephyr/libzephyr.a(nrf_cc3xx_platform_mutex_zephyr.c.obj)
                              (--whole-archive)
zephyr/arch/common/libarch__common.a(sw_isr_common.c.obj)
                              (--whole-archive)
zephyr/arch/arch/arm/core/libarch__arm__core.a(fatal.c.obj)
                              (--whole-archive)
zephyr/arch/arch/arm/core/libarch__arm__core.a(nmi.c.obj)
                              (--whole-archive)
zephyr/arch/arch/arm/core/libarch__arm__core.a(nmi_on_reset.S.obj)
                              (--whole-archive)
zephyr/arch/arch/arm/core/libarch__arm__core.a(__aeabi_atexit.c.obj)
                              (--whole-archive)
zephyr/arch/arch/arm/core/libarch__arm__core.a(tls.c.obj)
                              (--whole-archive)
zephyr/arch/arch/arm/core/cortex_m/libarch__arm__core__cortex_m.a(exc_exit.c.obj)
                              (--whole-archive)
zephyr/arch/arch/arm/core/cortex_m/libarch__arm__core__cortex_m.a(fault.c.obj)
                              (--whole-archive)
zephyr/arch/arch/arm/core/cortex_m/libarch__arm__core__cortex_m.a(fault_s.S.obj)
                              (--whole-archive)
zephyr/arch/arch/arm/core/cortex_m/libarch__arm__core__cortex_m.a(fpu.c.obj)
                              (--whole-archive)
zephyr/arch/arch/arm/core/cortex_m/libarch__arm__core__cortex_m.a(reset.S.obj)
                              (--whole-archive)
zephyr/arch/arch/arm/core/cortex_m/libarch__arm__core__cortex_m.a(scb.c.obj)
                              (--whole-archive)
zephyr/arch/arch/arm/core/cortex_m/libarch__arm__core__cortex_m.a(thread_abort.c.obj)
                              (--whole-archive)
zephyr/arch/arch/arm/core/cortex_m/libarch__arm__core__cortex_m.a(vector_table.S.obj)
                              (--whole-archive)
zephyr/arch/arch/arm/core/cortex_m/libarch__arm__core__cortex_m.a(swap_helper.S.obj)
                              (--whole-archive)
zephyr/arch/arch/arm/core/cortex_m/libarch__arm__core__cortex_m.a(irq_manage.c.obj)
                              (--whole-archive)
zephyr/arch/arch/arm/core/cortex_m/libarch__arm__core__cortex_m.a(prep_c.c.obj)
                              (--whole-archive)
[...]
Memory Configuration

Name             Origin             Length             Attributes
FLASH            0x0000000000000000 0x0000000000100000 xr
RAM              0x0000000020000000 0x0000000000070000 xw
IDT_LIST         0x00000000ffff7fff 0x0000000000008000 xw
*default*        0x0000000000000000 0xffffffffffffffff

Linker script and memory map

                0x0000000000006be0                vfprintf = __l_vfprintf
                0x0000000000000000                vfscanf = __l_vfscanf
LOAD zephyr/CMakeFiles/zephyr_pre0.dir/misc/empty_file.c.obj
LOAD zephyr/CMakeFiles/offsets.dir/./arch/arm/core/offsets/offsets.c.obj
LOAD app/libapp.a
LOAD zephyr/libzephyr.a
LOAD zephyr/arch/common/libarch__common.a
LOAD zephyr/arch/arch/arm/core/libarch__arm__core.a
LOAD zephyr/arch/arch/arm/core/cortex_m/libarch__arm__core__cortex_m.a
LOAD zephyr/arch/arch/arm/core/cortex_m/cmse/libarch__arm__core__cortex_m__cmse.a
LOAD zephyr/arch/arch/arm/core/mpu/libarch__arm__core__mpu.a
LOAD zephyr/lib/libc/picolibc/liblib__libc__picolibc.a
LOAD zephyr/lib/libc/common/liblib__libc__common.a
LOAD zephyr/soc/soc/nrf5340/libsoc__nordic.a
LOAD zephyr/drivers/clock_control/libdrivers__clock_control.a
LOAD zephyr/drivers/console/libdrivers__console.a
LOAD zephyr/drivers/gpio/libdrivers__gpio.a
LOAD zephyr/drivers/pinctrl/libdrivers__pinctrl.a
LOAD zephyr/drivers/serial/libdrivers__serial.a
LOAD zephyr/drivers/timer/libdrivers__timer.a
LOAD modules/nrf/drivers/hw_cc3xx/lib..__nrf__drivers__hw_cc3xx.a
LOAD modules/hal_nordic/modules/hal_nordic/nrfx/libmodules__hal_nordic__nrfx.a
LOAD zephyr/kernel/libkernel.a
LOAD zephyr/arch/common/libisr_tables.a
LOAD /home/musman/ncs/nrfSDK/nrfxlib/crypto/nrf_cc312_platform/lib/cortex-m33/soft-float/no-interrupts/libnrf_cc312_platform_0.9.19.a
LOAD /home/musman/ncs/toolchains/b2ecd2435d/opt/zephyr-sdk/arm-zephyr-eabi/bin/../lib/gcc/../../picolibc/arm-zephyr-eabi/lib/thumb/v8-m.main/nofp/libstdc++.a
LOAD /home/musman/ncs/toolchains/b2ecd2435d/opt/zephyr-sdk/arm-zephyr-eabi/bin/../lib/gcc/../../picolibc/arm-zephyr-eabi/lib/thumb/v8-m.main/nofp/libc.a
LOAD /home/musman/ncs/toolchains/b2ecd2435d/opt/zephyr-sdk/arm-zephyr-eabi/bin/../lib/gcc/arm-zephyr-eabi/12.2.0/thumb/v8-m.main/nofp/libgcc.a
                0x0000000000000020                _region_min_align = 0x20

.rel.plt        0x0000000000000000        0x0
 *(SORT_BY_ALIGNMENT(.rel.plt))
                [!provide]                        PROVIDE (__rel_iplt_start = .)
 *(SORT_BY_ALIGNMENT(.rel.iplt))
 .rel.iplt      0x0000000000000000        0x0 app/libapp.a(main.cpp.obj)
                [!provide]                        PROVIDE (__rel_iplt_end = .)

.rela.plt       0x0000000000000000        0x0
 *(SORT_BY_ALIGNMENT(.rela.plt))
                [!provide]                        PROVIDE (__rela_iplt_start = .)
 *(SORT_BY_ALIGNMENT(.rela.iplt))
                [!provide]                        PROVIDE (__rela_iplt_end = .)

.rel.dyn
 *(SORT_BY_ALIGNMENT(.rel.*))

.rela.dyn
 *(SORT_BY_ALIGNMENT(.rela.*))

/DISCARD/
 *(SORT_BY_ALIGNMENT(.plt))

/DISCARD/
 *(SORT_BY_ALIGNMENT(.iplt))
                0x0000000000000000                __rom_region_start = 0x0

rom_start       0x0000000000000000      0x154
                0x0000000000000000                __rom_start_address = .
 FILL mask 0x00
                0x0000000000000000                . = (. + (0x0 - (. - __rom_start_address)))
                0x0000000000000000                . = ALIGN (0x4)
                0x0000000000000000                . = ALIGN (0x80)
                0x0000000000000000                . = ALIGN (0x200)
                0x0000000000000000                _vector_start = .
 *(SORT_BY_ALIGNMENT(.exc_vector_table))
 *(SORT_BY_ALIGNMENT(.exc_vector_table.*))
 .exc_vector_table._vector_table_section
                0x0000000000000000       0x40 zephyr/arch/arch/arm/core/cortex_m/libarch__arm__core__cortex_m.a(vector_table.S.obj)
                0x0000000000000000                _vector_table
 *(SORT_BY_ALIGNMENT(.vectors))
                0x0000000000000154                _vector_end = .
                0x0000000000000040                . = ALIGN (0x4)
 *(SORT_BY_ALIGNMENT(.gnu.linkonce.irq_vector_table*))
 .gnu.linkonce.irq_vector_table
                0x0000000000000040      0x114 zephyr/arch/common/libisr_tables.a(isr_tables.c.obj)
                0x0000000000000040                _irq_vector_table
                0x0000000000000154                _vector_end = .

text            0x0000000000000154     0xa3a8
                0x0000000000000154                __text_region_start = .
 *(SORT_BY_ALIGNMENT(.text))
 .text          0x0000000000000154       0x30 /home/musman/ncs/toolchains/b2ecd2435d/opt/zephyr-sdk/arm-zephyr-eabi/bin/../lib/gcc/arm-zephyr-eabi/12.2.0/thumb/v8-m.main/nofp/libgcc.a(_aeabi_uldivmod.o)
                0x0000000000000154                __aeabi_uldivmod
 .text          0x0000000000000184        0x4 /home/musman/ncs/toolchains/b2ecd2435d/opt/zephyr-sdk/arm-zephyr-eabi/bin/../lib/gcc/arm-zephyr-eabi/12.2.0/thumb/v8-m.main/nofp/libgcc.a(_dvmd_tls.o)
                0x0000000000000184                __aeabi_ldiv0
                0x0000000000000184                __aeabi_idiv0
 .text          0x0000000000000188       0x10 /home/musman/ncs/toolchains/b2ecd2435d/opt/zephyr-sdk/arm-zephyr-eabi/bin/../lib/gcc/../../picolibc/arm-zephyr-eabi/lib/thumb/v8-m.main/nofp/libc.a(strlen.S.o)
                0x0000000000000188                strlen
 .text          0x0000000000000198      0x29c /home/musman/ncs/toolchains/b2ecd2435d/opt/zephyr-sdk/arm-zephyr-eabi/bin/../lib/gcc/arm-zephyr-eabi/12.2.0/thumb/v8-m.main/nofp/libgcc.a(_udivmoddi4.o)
                0x0000000000000198                __udivmoddi4
 *(SORT_BY_ALIGNMENT(.text.*))
 .text._ZN3LedC2Eb
                0x0000000000000434       0x1c app/libapp.a(led.cpp.obj)
                0x0000000000000434                Led::Led(bool)
                0x0000000000000434                Led::Led(bool)
 .text._ZN3Led2onEv
                0x0000000000000450       0xf4 app/libapp.a(led.cpp.obj)
                0x0000000000000450                Led::on()
 .text._ZN3Led3offEv
                0x0000000000000544       0xf4 app/libapp.a(led.cpp.obj)
                0x0000000000000544                Led::off()
 .text._ZN4UartC2Ev
                0x0000000000000638       0x24 app/libapp.a(uart.cpp.obj)
                0x0000000000000638                Uart::Uart()
                0x0000000000000638                Uart::Uart()
 .text._ZN4Uart4initEv
                0x000000000000065c       0x24 app/libapp.a(uart.cpp.obj)
                0x000000000000065c                Uart::init()
 .text.cbvprintf_package
                0x0000000000000680      0x4b4 zephyr/libzephyr.a(cbprintf_packaged.c.obj)
                0x0000000000000680                cbvprintf_package
 .text.cbprintf_package_convert
                0x0000000000000b34      0x4c4 zephyr/libzephyr.a(cbprintf_packaged.c.obj)
                0x0000000000000b34                cbprintf_package_convert
 .text.__printk_hook_install
                0x0000000000000ff8        0xc zephyr/libzephyr.a(printk.c.obj)
                0x0000000000000ff8                __printk_hook_install
 .text.z_thread_entry
                0x0000000000001004       0x34 zephyr/libzephyr.a(thread_entry.c.obj)
                0x0000000000001004                z_thread_entry
 .text.process_event
                0x0000000000001038      0x16c zephyr/libzephyr.a(onoff.c.obj)
 .text.msg_process
                0x00000000000011a4       0x3c zephyr/libzephyr.a(log_core.c.obj)
 .text.log_backend_notify_all
                0x00000000000011e0       0x30 zephyr/libzephyr.a(log_core.c.obj)
 .text.activate_foreach_backend
                0x0000000000001210       0x64 zephyr/libzephyr.a(log_core.c.obj)
 .text.z_log_init
                0x0000000000001274       0x8c zephyr/libzephyr.a(log_core.c.obj)
 .text.thread_set
                0x0000000000001300       0x28 zephyr/libzephyr.a(log_core.c.obj)
 .text.log_process_thread_timer_expiry_fn
                0x0000000000001328       0x10 zephyr/libzephyr.a(log_core.c.obj)
 .text.enable_logger
                0x0000000000001338       0x5c zephyr/libzephyr.a(log_core.c.obj)
 .text.log_format_func_t_get
                0x0000000000001394        0xc zephyr/libzephyr.a(log_core.c.obj)
                0x0000000000001394                log_format_func_t_get
 .text.log_set_timestamp_func
                0x00000000000013a0       0x24 zephyr/libzephyr.a(log_core.c.obj)
                0x00000000000013a0                log_set_timestamp_func
 .text.z_log_notify_backend_enabled
                0x00000000000013c4       0x20 zephyr/libzephyr.a(log_core.c.obj)
                0x00000000000013c4                z_log_notify_backend_enabled
 .text.z_log_dropped
                0x00000000000013e4       0x44 zephyr/libzephyr.a(log_core.c.obj)
                0x00000000000013e4                z_log_dropped
 .text.z_log_dropped_read_and_clear
                0x0000000000001428       0x18 zephyr/libzephyr.a(log_core.c.obj)
                0x0000000000001428                z_log_dropped_read_and_clear
 .text.dropped_notify
                0x0000000000001440       0x38 zephyr/libzephyr.a(log_core.c.obj)
                0x0000000000001440                dropped_notify
 .text.z_log_dropped_pending
                0x0000000000001478       0x14 zephyr/libzephyr.a(log_core.c.obj)
                0x0000000000001478                z_log_dropped_pending
 .text.z_log_msg_init
                0x000000000000148c       0x20 zephyr/libzephyr.a(log_core.c.obj)
                0x000000000000148c                z_log_msg_init
 .text.log_core_init
                0x00000000000014ac       0x50 zephyr/libzephyr.a(log_core.c.obj)
                0x00000000000014ac                log_core_init
 .text.z_log_msg_alloc
                0x00000000000014fc       0x10 zephyr/libzephyr.a(log_core.c.obj)
                0x00000000000014fc                z_log_msg_alloc
 .text.z_log_msg_local_claim
                0x000000000000150c       0x10 zephyr/libzephyr.a(log_core.c.obj)
                0x000000000000150c                z_log_msg_local_claim
 .text.z_log_msg_free
                0x000000000000151c       0x14 zephyr/libzephyr.a(log_core.c.obj)
                0x000000000000151c                z_log_msg_free
 .text.z_log_msg_pending
                0x0000000000001530       0x10 zephyr/libzephyr.a(log_core.c.obj)
                0x0000000000001530                z_log_msg_pending
 .text.z_impl_log_process
                0x0000000000001540       0xb4 zephyr/libzephyr.a(log_core.c.obj)
                0x0000000000001540                z_impl_log_process
 .text.z_impl_log_panic
                0x00000000000015f4       0x4c zephyr/libzephyr.a(log_core.c.obj)
                0x00000000000015f4                z_impl_log_panic
 .text.z_log_msg_post_finalize
                0x0000000000001640       0x7c zephyr/libzephyr.a(log_core.c.obj)
 .text.z_log_msg_commit
                0x00000000000016bc       0x20 zephyr/libzephyr.a(log_core.c.obj)
                0x00000000000016bc                z_log_msg_commit
 .text.log_process_thread_func
                0x00000000000016dc       0x78 zephyr/libzephyr.a(log_core.c.obj)
 .text.log_src_cnt_get
                0x0000000000001754       0x14 zephyr/libzephyr.a(log_mgmt.c.obj)
                0x0000000000001754                log_src_cnt_get
 .text.log_source_name_get
                0x0000000000001768       0x1c zephyr/libzephyr.a(log_mgmt.c.obj)
                0x0000000000001768                log_source_name_get
 .text.cbprintf_package_copy
                0x0000000000001784       0x30 zephyr/libzephyr.a(log_msg.c.obj)
 .text.z_impl_z_log_msg_static_create
                0x00000000000017b4      0x158 zephyr/libzephyr.a(log_msg.c.obj)
                0x00000000000017b4                z_impl_z_log_msg_static_create
 .text.z_log_msg_runtime_vcreate
                0x000000000000190c       0xac zephyr/libzephyr.a(log_msg.c.obj)
                0x000000000000190c                z_log_msg_runtime_vcreate
 .text.log_msg_get_source_id
                0x00000000000019b8       0x18 zephyr/libzephyr.a(log_msg.c.obj)
                0x00000000000019b8                log_msg_get_source_id
 .text.print_formatted
                0x00000000000019d0       0x24 zephyr/libzephyr.a(log_output.c.obj)
 .text.timestamp_print
                0x00000000000019f4       0x8c zephyr/libzephyr.a(log_output.c.obj)
 .text.color_print
                0x0000000000001a80       0x2c zephyr/libzephyr.a(log_output.c.obj)
 .text.ids_print
                0x0000000000001aac       0x70 zephyr/libzephyr.a(log_output.c.obj)
 .text.prefix_print
                0x0000000000001b1c       0x88 zephyr/libzephyr.a(log_output.c.obj)
 .text.newline_print
                0x0000000000001ba4       0x28 zephyr/libzephyr.a(log_output.c.obj)
 .text.hexdump_line_print
                0x0000000000001bcc       0xc4 zephyr/libzephyr.a(log_output.c.obj)
 .text.log_output_process
                0x0000000000001c90       0x88 zephyr/libzephyr.a(log_output.c.obj)
                0x0000000000001c90                log_output_process
 .text.log_output_dropped_process
                0x0000000000001d18       0x84 zephyr/libzephyr.a(log_output.c.obj)
                0x0000000000001d18                log_output_dropped_process
 .text.log_output_timestamp_freq_set
                0x0000000000001d9c       0x2c zephyr/libzephyr.a(log_output.c.obj)
                0x0000000000001d9c                log_output_timestamp_freq_set
 .text.char_out
                0x0000000000001dc8       0x24 zephyr/libzephyr.a(log_backend_uart.c.obj)
 .text.mem_attr_get_regions
                0x0000000000001dec        0xc zephyr/libzephyr.a(mem_attr.c.obj)
                0x0000000000001dec                mem_attr_get_regions
 .text.boot_banner
                0x0000000000001df8       0x18 zephyr/libzephyr.a(banner.c.obj)
                0x0000000000001df8                boot_banner
 .text.nrf_cc3xx_platform_abort_init
                0x0000000000001e10       0x10 zephyr/libzephyr.a(nrf_cc3xx_platform_abort_zephyr.c.obj)
                0x0000000000001e10                nrf_cc3xx_platform_abort_init
 .text.mutex_flags_unknown
                0x0000000000001e20       0x50 zephyr/libzephyr.a(nrf_cc3xx_platform_mutex_zephyr.c.obj)
 .text.mutex_unlock_platform
                0x0000000000001e70       0x6c zephyr/libzephyr.a(nrf_cc3xx_platform_mutex_zephyr.c.obj)
 .text.mutex_lock_platform
                0x0000000000001edc       0x7c zephyr/libzephyr.a(nrf_cc3xx_platform_mutex_zephyr.c.obj)
 .text.mutex_free_platform
                0x0000000000001f58       0x5c zephyr/libzephyr.a(nrf_cc3xx_platform_mutex_zephyr.c.obj)
 .text.mutex_init_platform
                0x0000000000001fb4       0x88 zephyr/libzephyr.a(nrf_cc3xx_platform_mutex_zephyr.c.obj)
 .text.nrf_cc3xx_platform_mutex_init
                0x000000000000203c       0x28 zephyr/libzephyr.a(nrf_cc3xx_platform_mutex_zephyr.c.obj)
                0x000000000000203c                nrf_cc3xx_platform_mutex_init
 .text.esf_dump
                0x0000000000002064      0x160 zephyr/arch/arch/arm/core/libarch__arm__core.a(fatal.c.obj)
 .text.z_arm_fatal_error
                0x00000000000021c4       0x38 zephyr/arch/arch/arm/core/libarch__arm__core.a(fatal.c.obj)
                0x00000000000021c4                z_arm_fatal_error
 .text.z_SysNmiOnReset
                0x00000000000021fc        0x8 zephyr/arch/arch/arm/core/libarch__arm__core.a(nmi_on_reset.S.obj)
                0x00000000000021fc                z_SysNmiOnReset
 .text.z_tls_copy
                0x0000000000002204       0x28 zephyr/arch/arch/arm/core/libarch__arm__core.a(tls.c.obj)
 .text.arch_tls_stack_setup
                0x000000000000222c       0x28 zephyr/arch/arch/arm/core/libarch__arm__core.a(tls.c.obj)
                0x000000000000222c                arch_tls_stack_setup
 .text._HandlerModeExit
                0x0000000000002254       0x20 zephyr/arch/arch/arm/core/cortex_m/libarch__arm__core__cortex_m.a(exc_exit.c.obj)
                0x0000000000002254                z_arm_exc_exit
                0x0000000000002254                z_arm_int_exit
 .text.z_arm_is_synchronous_svc
                0x0000000000002274       0x3c zephyr/arch/arch/arm/core/cortex_m/libarch__arm__core__cortex_m.a(fault.c.obj)
 .text.get_esf  0x00000000000022b0       0x48 zephyr/arch/arch/arm/core/cortex_m/libarch__arm__core__cortex_m.a(fault.c.obj)
 .text.usage_fault
                0x00000000000022f8       0xf0 zephyr/arch/arch/arm/core/cortex_m/libarch__arm__core__cortex_m.a(fault.c.obj)
 .text.debug_monitor
                0x00000000000023e8       0x1c zephyr/arch/arch/arm/core/cortex_m/libarch__arm__core__cortex_m.a(fault.c.obj)
 .text.reserved_exception
                0x0000000000002404       0xd8 zephyr/arch/arch/arm/core/cortex_m/libarch__arm__core__cortex_m.a(fault.c.obj)
 .text.mem_manage_fault
                0x00000000000024dc      0x114 zephyr/arch/arch/arm/core/cortex_m/libarch__arm__core__cortex_m.a(fault.c.obj)
 .text.bus_fault
                0x00000000000025f0      0x110 zephyr/arch/arch/arm/core/cortex_m/libarch__arm__core__cortex_m.a(fault.c.obj)
 .text.hard_fault
                0x0000000000002700       0xd0 zephyr/arch/arch/arm/core/cortex_m/libarch__arm__core__cortex_m.a(fault.c.obj)
 .text.z_arm_fault
                0x00000000000027d0       0x88 zephyr/arch/arch/arm/core/cortex_m/libarch__arm__core__cortex_m.a(fault.c.obj)
                0x00000000000027d0                z_arm_fault
 .text.z_arm_fault_init
                0x0000000000002858       0x20 zephyr/arch/arch/arm/core/cortex_m/libarch__arm__core__cortex_m.a(fault.c.obj)
                0x0000000000002858                z_arm_fault_init
 .text.__fault  0x0000000000002878       0x14 zephyr/arch/arch/arm/core/cortex_m/libarch__arm__core__cortex_m.a(fault_s.S.obj)
                0x0000000000002878                z_arm_bus_fault
                0x0000000000002878                z_arm_usage_fault
                0x0000000000002878                z_arm_mpu_fault
                0x0000000000002878                z_arm_exc_spurious
                0x0000000000002878                z_arm_debug_monitor
                0x0000000000002878                z_arm_hard_fault
 .text._reset_section
                0x000000000000288c       0x68 zephyr/arch/arch/arm/core/cortex_m/libarch__arm__core__cortex_m.a(reset.S.obj)
                0x000000000000288c                z_arm_reset
                0x000000000000288c                __start
 .text.z_arm_clear_arm_mpu_config
                0x00000000000028f4       0x28 zephyr/arch/arch/arm/core/cortex_m/libarch__arm__core__cortex_m.a(scb.c.obj)
                0x00000000000028f4                z_arm_clear_arm_mpu_config
 .text.z_arm_init_arch_hw_at_boot
                0x000000000000291c       0x54 zephyr/arch/arch/arm/core/cortex_m/libarch__arm__core__cortex_m.a(scb.c.obj)
                0x000000000000291c                z_arm_init_arch_hw_at_boot
 .text.z_impl_k_thread_abort
                0x0000000000002970       0x34 zephyr/arch/arch/arm/core/cortex_m/libarch__arm__core__cortex_m.a(thread_abort.c.obj)
                0x0000000000002970                z_impl_k_thread_abort
 .text.z_arm_pendsv
                0x00000000000029a4       0x68 zephyr/arch/arch/arm/core/cortex_m/libarch__arm__core__cortex_m.a(swap_helper.S.obj)
                0x00000000000029a4                z_arm_pendsv
 .text.z_arm_svc
                0x0000000000002a0c       0x24 zephyr/arch/arch/arm/core/cortex_m/libarch__arm__core__cortex_m.a(swap_helper.S.obj)
                0x0000000000002a0c                z_arm_svc
 .text.__NVIC_EnableIRQ
                0x0000000000002a30       0x1c zephyr/arch/arch/arm/core/cortex_m/libarch__arm__core__cortex_m.a(irq_manage.c.obj)
 .text.__NVIC_SetPriority
                0x0000000000002a4c       0x28 zephyr/arch/arch/arm/core/cortex_m/libarch__arm__core__cortex_m.a(irq_manage.c.obj)
 .text.arm_irq_is_enabled
                0x0000000000002a74       0x1c zephyr/arch/arch/arm/core/cortex_m/libarch__arm__core__cortex_m.a(irq_manage.c.obj)
                0x0000000000002a74                arm_irq_is_enabled
 .text.relocate_vector_table
                0x0000000000002a90       0x1c zephyr/arch/arch/arm/core/cortex_m/libarch__arm__core__cortex_m.a(prep_c.c.obj)
                0x0000000000002a90                relocate_vector_table
 .text.z_prep_c
                0x0000000000002aac       0x28 zephyr/arch/arch/arm/core/cortex_m/libarch__arm__core__cortex_m.a(prep_c.c.obj)
                0x0000000000002aac                z_prep_c
 .text.arch_new_thread
                0x0000000000002ad4       0x44 zephyr/arch/arch/arm/core/cortex_m/libarch__arm__core__cortex_m.a(thread.c.obj)
                0x0000000000002ad4                arch_new_thread
 .text.arch_switch_to_main_thread
                0x0000000000002b18       0x44 zephyr/arch/arch/arm/core/cortex_m/libarch__arm__core__cortex_m.a(thread.c.obj)
                0x0000000000002b18                arch_switch_to_main_thread
 .text.z_arm_cpu_idle_init
                0x0000000000002b5c        0xc zephyr/arch/arch/arm/core/cortex_m/libarch__arm__core__cortex_m.a(cpu_idle.c.obj)
                0x0000000000002b5c                z_arm_cpu_idle_init
 .text.z_arm_interrupt_init
                0x0000000000002b68       0x34 zephyr/arch/arch/arm/core/cortex_m/libarch__arm__core__cortex_m.a(irq_init.c.obj)
                0x0000000000002b68                z_arm_interrupt_init
 .text._isr_wrapper
                0x0000000000002b9c       0x20 zephyr/arch/arch/arm/core/cortex_m/libarch__arm__core__cortex_m.a(isr_wrapper.c.obj)
                0x0000000000002b9c                _isr_wrapper
 .text.z_arm_configure_static_mpu_regions
                0x0000000000002bbc       0x40 zephyr/arch/arch/arm/core/mpu/libarch__arm__core__mpu.a(arm_core_mpu.c.obj)
                0x0000000000002bbc                z_arm_configure_static_mpu_regions
 .text.mpu_init
                0x0000000000002bfc       0x14 zephyr/arch/arch/arm/core/mpu/libarch__arm__core__mpu.a(arm_mpu.c.obj)
 .text.mpu_set_region
                0x0000000000002c10       0x14 zephyr/arch/arch/arm/core/mpu/libarch__arm__core__mpu.a(arm_mpu.c.obj)
 .text.mpu_region_get_conf
                0x0000000000002c24       0x40 zephyr/arch/arch/arm/core/mpu/libarch__arm__core__mpu.a(arm_mpu.c.obj)
 .text.mpu_mark_areas_for_dynamic_regions
                0x0000000000002c64       0x60 zephyr/arch/arch/arm/core/mpu/libarch__arm__core__mpu.a(arm_mpu.c.obj)
 .text.region_allocate_and_init
                0x0000000000002cc4       0x3c zephyr/arch/arch/arm/core/mpu/libarch__arm__core__mpu.a(arm_mpu.c.obj)
 .text.mpu_configure_regions_and_partition
                0x0000000000002d00      0x1ac zephyr/arch/arch/arm/core/mpu/libarch__arm__core__mpu.a(arm_mpu.c.obj)
 .text.mpu_configure_static_mpu_regions
                0x0000000000002eac       0x14 zephyr/arch/arch/arm/core/mpu/libarch__arm__core__mpu.a(arm_mpu.c.obj)
 .text.arm_core_mpu_enable
                0x0000000000002ec0       0x18 zephyr/arch/arch/arm/core/mpu/libarch__arm__core__mpu.a(arm_mpu.c.obj)
                0x0000000000002ec0                arm_core_mpu_enable
 .text.arm_core_mpu_disable
                0x0000000000002ed8       0x14 zephyr/arch/arch/arm/core/mpu/libarch__arm__core__mpu.a(arm_mpu.c.obj)
                0x0000000000002ed8                arm_core_mpu_disable
 .text.z_arm_mpu_init
                0x0000000000002eec       0x80 zephyr/arch/arch/arm/core/mpu/libarch__arm__core__mpu.a(arm_mpu.c.obj)
                0x0000000000002eec                z_arm_mpu_init
 .text.cbvprintf
                0x0000000000002f6c       0x34 zephyr/lib/libc/picolibc/liblib__libc__picolibc.a(cbprintf.c.obj)
                0x0000000000002f6c                cbvprintf
 .text.z_impl_zephyr_fputc
                0x0000000000002fa0       0x10 zephyr/lib/libc/picolibc/liblib__libc__picolibc.a(stdio.c.obj)
                0x0000000000002fa0                z_impl_zephyr_fputc
 .text.__stdout_hook_install
                0x0000000000002fb0       0x18 zephyr/lib/libc/picolibc/liblib__libc__picolibc.a(stdio.c.obj)
                0x0000000000002fb0                __stdout_hook_install
 .text.malloc_prepare
                0x0000000000002fc8       0x24 zephyr/lib/libc/common/liblib__libc__common.a(malloc.c.obj)
 .text.nrfx_coredep_delay_us
                0x0000000000002fec       0x2c zephyr/soc/soc/nrf5340/libsoc__nordic.a(soc.c.obj)
 .text.nrf53_anomaly_160_check
                0x0000000000003018       0x7c zephyr/soc/soc/nrf5340/libsoc__nordic.a(soc.c.obj)
 .text.rtc_pretick_cpuapp_init
                0x0000000000003094       0x64 zephyr/soc/soc/nrf5340/libsoc__nordic.a(soc.c.obj)
 .text.soc_early_init_hook
                0x00000000000030f8       0x54 zephyr/soc/soc/nrf5340/libsoc__nordic.a(soc.c.obj)
                0x00000000000030f8                soc_early_init_hook
 .text.nrf_gpio_pin_control_select
                0x000000000000314c       0x34 zephyr/soc/soc/nrf5340/libsoc__nordic.a(nrf53_cpunet_mgmt.c.obj)
 .text.assign_pins
                0x0000000000003180       0x20 zephyr/soc/soc/nrf5340/libsoc__nordic.a(nrf53_cpunet_mgmt.c.obj)
 .text.nrf53_cpunet_mgmt_init
                0x00000000000031a0       0x14 zephyr/soc/soc/nrf5340/libsoc__nordic.a(nrf53_cpunet_mgmt.c.obj)
                0x00000000000031a0                nrf53_cpunet_mgmt_init
 .text.get_hf_flags
                0x00000000000031b4        0x8 zephyr/drivers/clock_control/libdrivers__clock_control.a(clock_control_nrf.c.obj)
 .text.get_subsys
                0x00000000000031bc        0xc zephyr/drivers/clock_control/libdrivers__clock_control.a(clock_control_nrf.c.obj)
 .text.onoff_stop
                0x00000000000031c8       0x20 zephyr/drivers/clock_control/libdrivers__clock_control.a(clock_control_nrf.c.obj)
 .text.onoff_start
                0x00000000000031e8       0x34 zephyr/drivers/clock_control/libdrivers__clock_control.a(clock_control_nrf.c.obj)
 .text.clock_event_handler
                0x000000000000321c       0x50 zephyr/drivers/clock_control/libdrivers__clock_control.a(clock_control_nrf.c.obj)
 .text.generic_hfclk_start
                0x000000000000326c       0x70 zephyr/drivers/clock_control/libdrivers__clock_control.a(clock_control_nrf.c.obj)
 .text.generic_hfclk_stop
                0x00000000000032dc       0x34 zephyr/drivers/clock_control/libdrivers__clock_control.a(clock_control_nrf.c.obj)
 .text.lfclk_spinwait
                0x0000000000003310       0xd8 zephyr/drivers/clock_control/libdrivers__clock_control.a(clock_control_nrf.c.obj)
 .text.api_blocking_start
                0x00000000000033e8       0x38 zephyr/drivers/clock_control/libdrivers__clock_control.a(clock_control_nrf.c.obj)
 .text.clk_init
                0x0000000000003420       0x60 zephyr/drivers/clock_control/libdrivers__clock_control.a(clock_control_nrf.c.obj)
 .text.z_nrf_clock_control_lf_on
                0x0000000000003480       0x4c zephyr/drivers/clock_control/libdrivers__clock_control.a(clock_control_nrf.c.obj)
                0x0000000000003480                z_nrf_clock_control_lf_on
 .text.console_out
                0x00000000000034cc       0x28 zephyr/drivers/console/libdrivers__console.a(uart_console.c.obj)
 .text.uart_console_hook_install
                0x00000000000034f4       0x18 zephyr/drivers/console/libdrivers__console.a(uart_console.c.obj)
 .text.uart_console_init
                0x000000000000350c       0x1c zephyr/drivers/console/libdrivers__console.a(uart_console.c.obj)
 .text.nrf_gpio_reconfigure
                0x0000000000003528       0xc0 zephyr/drivers/gpio/libdrivers__gpio.a(gpio_nrfx.c.obj)
 .text.nrf_gpio_pin_dir_get
                0x00000000000035e8       0x2c zephyr/drivers/gpio/libdrivers__gpio.a(gpio_nrfx.c.obj)
 .text.get_dev  0x0000000000003614       0x1c zephyr/drivers/gpio/libdrivers__gpio.a(gpio_nrfx.c.obj)
 .text.gpio_nrfx_pin_interrupt_configure
                0x0000000000003630      0x100 zephyr/drivers/gpio/libdrivers__gpio.a(gpio_nrfx.c.obj)
 .text.gpio_nrfx_pin_configure
                0x0000000000003730      0x1b4 zephyr/drivers/gpio/libdrivers__gpio.a(gpio_nrfx.c.obj)
 .text.gpio_nrfx_init
                0x00000000000038e4       0x5c zephyr/drivers/gpio/libdrivers__gpio.a(gpio_nrfx.c.obj)
 .text.nrf_gpio_cfg
                0x0000000000003940       0x54 zephyr/drivers/pinctrl/libdrivers__pinctrl.a(pinctrl_nrf.c.obj)
 .text.nrf_gpio_pin_set
                0x0000000000003994       0x28 zephyr/drivers/pinctrl/libdrivers__pinctrl.a(pinctrl_nrf.c.obj)
 .text.nrf_gpio_pin_clear
                0x00000000000039bc       0x28 zephyr/drivers/pinctrl/libdrivers__pinctrl.a(pinctrl_nrf.c.obj)
 .text.pinctrl_configure_pins
                0x00000000000039e4      0x274 zephyr/drivers/pinctrl/libdrivers__pinctrl.a(pinctrl_nrf.c.obj)
                0x00000000000039e4                pinctrl_configure_pins
 .text.uarte_nrfx_poll_out
                0x0000000000003c58       0xa4 zephyr/drivers/serial/libdrivers__serial.a(uart_nrfx_uarte.c.obj)
 .text.uarte_nrfx_rx_enable
                0x0000000000003cfc      0x1ac zephyr/drivers/serial/libdrivers__serial.a(uart_nrfx_uarte.c.obj)
 .text.uarte_nrfx_tx
                0x0000000000003ea8       0xc8 zephyr/drivers/serial/libdrivers__serial.a(uart_nrfx_uarte.c.obj)
 .text.uarte_async_init
                0x0000000000003f70       0x44 zephyr/drivers/serial/libdrivers__serial.a(uart_nrfx_uarte.c.obj)
 .text.endtx_stoptx_ppi_init
                0x0000000000003fb4       0x4c zephyr/drivers/serial/libdrivers__serial.a(uart_nrfx_uarte.c.obj)
 .text.uarte_instance_init
                0x0000000000004000       0x54 zephyr/drivers/serial/libdrivers__serial.a(uart_nrfx_uarte.c.obj)
 .text.set_comparator
                0x0000000000004054       0x14 zephyr/drivers/timer/libdrivers__timer.a(nrf_rtc_timer.c.obj)
 .text.event_enable
                0x0000000000004068       0x14 zephyr/drivers/timer/libdrivers__timer.a(nrf_rtc_timer.c.obj)
 .text.event_disable
                0x000000000000407c       0x14 zephyr/drivers/timer/libdrivers__timer.a(nrf_rtc_timer.c.obj)
 .text.counter  0x0000000000004090        0xc zephyr/drivers/timer/libdrivers__timer.a(nrf_rtc_timer.c.obj)
 .text.set_alarm
                0x000000000000409c       0x88 zephyr/drivers/timer/libdrivers__timer.a(nrf_rtc_timer.c.obj)
 .text.int_event_disable_rtc
                0x0000000000004124       0x18 zephyr/drivers/timer/libdrivers__timer.a(nrf_rtc_timer.c.obj)
 .text.compare_int_lock
                0x000000000000413c       0x44 zephyr/drivers/timer/libdrivers__timer.a(nrf_rtc_timer.c.obj)
 .text.channel_processing_check_and_clear
                0x0000000000004180       0x58 zephyr/drivers/timer/libdrivers__timer.a(nrf_rtc_timer.c.obj)
 .text.compare_int_unlock
                0x00000000000041d8       0x50 zephyr/drivers/timer/libdrivers__timer.a(nrf_rtc_timer.c.obj)
 .text.sys_clock_timeout_handler
                0x0000000000004228       0x50 zephyr/drivers/timer/libdrivers__timer.a(nrf_rtc_timer.c.obj)
 .text.z_nrf_rtc_timer_read
                0x0000000000004278       0x40 zephyr/drivers/timer/libdrivers__timer.a(nrf_rtc_timer.c.obj)
                0x0000000000004278                z_nrf_rtc_timer_read
 .text.compare_set_nolocks
                0x00000000000042b8       0xa4 zephyr/drivers/timer/libdrivers__timer.a(nrf_rtc_timer.c.obj)
 .text.sys_clock_driver_init
                0x000000000000435c       0x9c zephyr/drivers/timer/libdrivers__timer.a(nrf_rtc_timer.c.obj)
 .text.process_channel
                0x00000000000043f8       0x7c zephyr/drivers/timer/libdrivers__timer.a(nrf_rtc_timer.c.obj)
 .text.rtc_nrf_isr
                0x0000000000004474       0x40 zephyr/drivers/timer/libdrivers__timer.a(nrf_rtc_timer.c.obj)
                0x0000000000004474                rtc_nrf_isr
 .text.sys_clock_set_timeout
                0x00000000000044b4       0x74 zephyr/drivers/timer/libdrivers__timer.a(nrf_rtc_timer.c.obj)
                0x00000000000044b4                sys_clock_set_timeout
 .text.sys_clock_elapsed
                0x0000000000004528       0x14 zephyr/drivers/timer/libdrivers__timer.a(nrf_rtc_timer.c.obj)
                0x0000000000004528                sys_clock_elapsed
 .text.SystemInit
                0x000000000000453c      0x1a0 modules/hal_nordic/modules/hal_nordic/nrfx/libmodules__hal_nordic__nrfx.a(system_nrf5340_application.c.obj)
                0x000000000000453c                SystemInit
 .text.nrfx_flag32_alloc
                0x00000000000046dc       0x40 modules/hal_nordic/modules/hal_nordic/nrfx/libmodules__hal_nordic__nrfx.a(nrfx_flag32_allocator.c.obj)
                0x00000000000046dc                nrfx_flag32_alloc
 .text.nrfx_flag32_free
                0x000000000000471c       0x3c modules/hal_nordic/modules/hal_nordic/nrfx/libmodules__hal_nordic__nrfx.a(nrfx_flag32_allocator.c.obj)
                0x000000000000471c                nrfx_flag32_free
 .text.nrfx_gppi_channels_enable
                0x0000000000004758        0xc modules/hal_nordic/modules/hal_nordic/nrfx/libmodules__hal_nordic__nrfx.a(nrfx_gppi_dppi.c.obj)
                0x0000000000004758                nrfx_gppi_channels_enable
 .text.nrfx_gppi_channel_alloc
                0x0000000000004764       0x10 modules/hal_nordic/modules/hal_nordic/nrfx/libmodules__hal_nordic__nrfx.a(nrfx_gppi_dppi.c.obj)
                0x0000000000004764                nrfx_gppi_channel_alloc
 .text.nrfx_clock_init
                0x0000000000004774       0x24 modules/hal_nordic/modules/hal_nordic/nrfx/libmodules__hal_nordic__nrfx.a(nrfx_clock.c.obj)
                0x0000000000004774                nrfx_clock_init
 .text.nrfx_clock_enable
                0x0000000000004798       0x28 modules/hal_nordic/modules/hal_nordic/nrfx/libmodules__hal_nordic__nrfx.a(nrfx_clock.c.obj)
                0x0000000000004798                nrfx_clock_enable
 .text.nrfx_clock_start
                0x00000000000047c0      0x104 modules/hal_nordic/modules/hal_nordic/nrfx/libmodules__hal_nordic__nrfx.a(nrfx_clock.c.obj)
                0x00000000000047c0                nrfx_clock_start
 .text.nrfx_power_clock_irq_handler
                0x00000000000048c4       0x78 modules/hal_nordic/modules/hal_nordic/nrfx/libmodules__hal_nordic__nrfx.a(nrfx_clock.c.obj)
                0x00000000000048c4                nrfx_power_clock_irq_handler
 .text.dppi_channel_alloc
                0x000000000000493c       0x14 modules/hal_nordic/modules/hal_nordic/nrfx/libmodules__hal_nordic__nrfx.a(nrfx_dppi.c.obj)
 .text.nrf_gpio_cfg
                0x0000000000004950       0x54 modules/hal_nordic/modules/hal_nordic/nrfx/libmodules__hal_nordic__nrfx.a(nrfx_gpiote.c.obj)
 .text.nrf_gpio_reconfigure
                0x00000000000049a4       0xc0 modules/hal_nordic/modules/hal_nordic/nrfx/libmodules__hal_nordic__nrfx.a(nrfx_gpiote.c.obj)
 .text.nrf_gpio_pin_read
                0x0000000000004a64       0x28 modules/hal_nordic/modules/hal_nordic/nrfx/libmodules__hal_nordic__nrfx.a(nrfx_gpiote.c.obj)
 .text.nrf_gpio_pin_sense_get
                0x0000000000004a8c       0x2c modules/hal_nordic/modules/hal_nordic/nrfx/libmodules__hal_nordic__nrfx.a(nrfx_gpiote.c.obj)
 .text.nrf_gpio_latches_read_and_clear
                0x0000000000004ab8       0x40 modules/hal_nordic/modules/hal_nordic/nrfx/libmodules__hal_nordic__nrfx.a(nrfx_gpiote.c.obj)
 .text.nrf_gpio_pin_latch_clear
                0x0000000000004af8       0x28 modules/hal_nordic/modules/hal_nordic/nrfx/libmodules__hal_nordic__nrfx.a(nrfx_gpiote.c.obj)
 .text.get_pin_idx
                0x0000000000004b20       0x14 modules/hal_nordic/modules/hal_nordic/nrfx/libmodules__hal_nordic__nrfx.a(nrfx_gpiote.c.obj)
 .text.get_cb   0x0000000000004b34        0x8 modules/hal_nordic/modules/hal_nordic/nrfx/libmodules__hal_nordic__nrfx.a(nrfx_gpiote.c.obj)
 .text.get_config
                0x0000000000004b3c        0x8 modules/hal_nordic/modules/hal_nordic/nrfx/libmodules__hal_nordic__nrfx.a(nrfx_gpiote.c.obj)
 .text.gpiote_output_configure
                0x0000000000004b44       0xfc modules/hal_nordic/modules/hal_nordic/nrfx/libmodules__hal_nordic__nrfx.a(nrfx_gpiote.c.obj)
 .text.gpiote_channel_get
                0x0000000000004c40       0x38 modules/hal_nordic/modules/hal_nordic/nrfx/libmodules__hal_nordic__nrfx.a(nrfx_gpiote.c.obj)
 .text.latch_pending_read_and_check
                0x0000000000004c78       0x50 modules/hal_nordic/modules/hal_nordic/nrfx/libmodules__hal_nordic__nrfx.a(nrfx_gpiote.c.obj)
 .text.pin_channel_alloc
                0x0000000000004cc8       0x14 modules/hal_nordic/modules/hal_nordic/nrfx/libmodules__hal_nordic__nrfx.a(nrfx_gpiote.c.obj)
 .text.pin_handler_set
                0x0000000000004cdc       0x88 modules/hal_nordic/modules/hal_nordic/nrfx/libmodules__hal_nordic__nrfx.a(nrfx_gpiote.c.obj)
 .text.gpiote_input_configure
                0x0000000000004d64      0x160 modules/hal_nordic/modules/hal_nordic/nrfx/libmodules__hal_nordic__nrfx.a(nrfx_gpiote.c.obj)
 .text.pin_uninit
                0x0000000000004ec4       0x34 modules/hal_nordic/modules/hal_nordic/nrfx/libmodules__hal_nordic__nrfx.a(nrfx_gpiote.c.obj)
 .text.pin_channel_free
                0x0000000000004ef8       0x14 modules/hal_nordic/modules/hal_nordic/nrfx/libmodules__hal_nordic__nrfx.a(nrfx_gpiote.c.obj)
 .text.gpiote_init
                0x0000000000004f0c       0x54 modules/hal_nordic/modules/hal_nordic/nrfx/libmodules__hal_nordic__nrfx.a(nrfx_gpiote.c.obj)
 .text.port_event_handle
                0x0000000000004f60       0xc8 modules/hal_nordic/modules/hal_nordic/nrfx/libmodules__hal_nordic__nrfx.a(nrfx_gpiote.c.obj)
 .text.irq_handler
                0x0000000000005028       0x54 modules/hal_nordic/modules/hal_nordic/nrfx/libmodules__hal_nordic__nrfx.a(nrfx_gpiote.c.obj)
 .text.nrfx_gpiote_0_irq_handler
                0x000000000000507c       0x14 modules/hal_nordic/modules/hal_nordic/nrfx/libmodules__hal_nordic__nrfx.a(nrfx_gpiote.c.obj)
                0x000000000000507c                nrfx_gpiote_0_irq_handler
 .text.z_device_state_init
                0x0000000000005090       0x18 zephyr/kernel/libkernel.a(device.c.obj)
                0x0000000000005090                z_device_state_init
 .text.reason_to_str
                0x00000000000050a8       0x40 zephyr/kernel/libkernel.a(fatal.c.obj)
 .text.thread_name_get
                0x00000000000050e8       0x20 zephyr/kernel/libkernel.a(fatal.c.obj)
 .text.k_sys_fatal_error_handler
                0x0000000000005108       0x20 zephyr/kernel/libkernel.a(fatal.c.obj)
                0x0000000000005108                k_sys_fatal_error_handler
 .text.z_fatal_error
                0x0000000000005128      0x1f4 zephyr/kernel/libkernel.a(fatal.c.obj)
                0x0000000000005128                z_fatal_error
 .text.z_sys_init_run_level
                0x000000000000531c       0x38 zephyr/kernel/libkernel.a(init.c.obj)
 .text.z_static_init_gnu
                0x0000000000005354       0x20 zephyr/kernel/libkernel.a(init.c.obj)
 .text.init_idle_thread
                0x0000000000005374       0x5c zephyr/kernel/libkernel.a(init.c.obj)
 .text.thread_schedule_new
                0x00000000000053d0       0x1c zephyr/kernel/libkernel.a(init.c.obj)
 .text.z_init_static_threads
                0x00000000000053ec       0x70 zephyr/kernel/libkernel.a(init.c.obj)
 .text.bg_thread_main
                0x000000000000545c       0x3c zephyr/kernel/libkernel.a(init.c.obj)
 .text.switch_to_main_thread
                0x0000000000005498       0x14 zephyr/kernel/libkernel.a(init.c.obj)
 .text.z_bss_zero
                0x00000000000054ac       0x18 zephyr/kernel/libkernel.a(init.c.obj)
                0x00000000000054ac                z_bss_zero
 .text.z_init_cpu
                0x00000000000054c4       0x40 zephyr/kernel/libkernel.a(init.c.obj)
                0x00000000000054c4                z_init_cpu
 .text.prepare_multithreading
                0x0000000000005504       0x60 zephyr/kernel/libkernel.a(init.c.obj)
 .text.z_cstart
                0x0000000000005564       0x84 zephyr/kernel/libkernel.a(init.c.obj)
                0x0000000000005564                z_cstart
 .text.init_mem_slab_obj_core_list
                0x00000000000055e8       0x24 zephyr/kernel/libkernel.a(mem_slab.c.obj)
 .text.k_mem_slab_alloc
                0x000000000000560c       0x64 zephyr/kernel/libkernel.a(mem_slab.c.obj)
                0x000000000000560c                k_mem_slab_alloc
 .text.z_impl_k_mutex_lock
                0x0000000000005670      0x100 zephyr/kernel/libkernel.a(mutex.c.obj)
                0x0000000000005670                z_impl_k_mutex_lock
 .text.z_impl_k_mutex_unlock
                0x0000000000005770       0xac zephyr/kernel/libkernel.a(mutex.c.obj)
                0x0000000000005770                z_impl_k_mutex_unlock
 .text.z_impl_k_sem_give
                0x000000000000581c       0x88 zephyr/kernel/libkernel.a(sem.c.obj)
                0x000000000000581c                z_impl_k_sem_give
 .text.z_impl_k_sem_take
                0x00000000000058a4       0x50 zephyr/kernel/libkernel.a(sem.c.obj)
                0x00000000000058a4                z_impl_k_sem_take
 .text.thread_schedule_new
                0x00000000000058f4       0x1c zephyr/kernel/libkernel.a(thread.c.obj)
 .text.z_impl_k_thread_name_set
                0x0000000000005910       0x24 zephyr/kernel/libkernel.a(thread.c.obj)
                0x0000000000005910                z_impl_k_thread_name_set
 .text.z_setup_new_thread
                0x0000000000005934       0xc4 zephyr/kernel/libkernel.a(thread.c.obj)
                0x0000000000005934                z_setup_new_thread
 .text.z_dummy_thread_init
                0x00000000000059f8       0x20 zephyr/kernel/libkernel.a(thread.c.obj)
                0x00000000000059f8                z_dummy_thread_init
 .text.z_swap_irqlock
                0x0000000000005a18       0x34 zephyr/kernel/libkernel.a(sched.c.obj)
 .text.ready_thread
                0x0000000000005a4c       0xb4 zephyr/kernel/libkernel.a(sched.c.obj)
 .text.unready_thread
                0x0000000000005b00       0x68 zephyr/kernel/libkernel.a(sched.c.obj)
 .text.thread_halt_spin
                0x0000000000005b68      0x114 zephyr/kernel/libkernel.a(sched.c.obj)
 .text.add_thread_timeout
                0x0000000000005c7c       0x20 zephyr/kernel/libkernel.a(sched.c.obj)
 .text.move_thread_to_end_of_prio_q
                0x0000000000005c9c       0xc8 zephyr/kernel/libkernel.a(sched.c.obj)
                0x0000000000005c9c                move_thread_to_end_of_prio_q
 .text.z_pend_curr
                0x0000000000005d64       0x38 zephyr/kernel/libkernel.a(sched.c.obj)
                0x0000000000005d64                z_pend_curr
 .text.z_thread_prio_set
                0x0000000000005d9c      0x14c zephyr/kernel/libkernel.a(sched.c.obj)
                0x0000000000005d9c                z_thread_prio_set
 .text.z_reschedule
                0x0000000000005ee8       0x2c zephyr/kernel/libkernel.a(sched.c.obj)
                0x0000000000005ee8                z_reschedule
 .text.z_reschedule_irqlock
                0x0000000000005f14       0x2c zephyr/kernel/libkernel.a(sched.c.obj)
                0x0000000000005f14                z_reschedule_irqlock
 .text.k_sched_lock
                0x0000000000005f40       0x30 zephyr/kernel/libkernel.a(sched.c.obj)
                0x0000000000005f40                k_sched_lock
 .text.k_sched_unlock
                0x0000000000005f70       0x70 zephyr/kernel/libkernel.a(sched.c.obj)
                0x0000000000005f70                k_sched_unlock
 .text.z_sched_init
                0x0000000000005fe0       0x10 zephyr/kernel/libkernel.a(sched.c.obj)
                0x0000000000005fe0                z_sched_init
 .text.z_impl_k_yield
                0x0000000000005ff0       0xa0 zephyr/kernel/libkernel.a(sched.c.obj)
                0x0000000000005ff0                z_impl_k_yield
 .text.z_tick_sleep
                0x0000000000006090       0x7c zephyr/kernel/libkernel.a(sched.c.obj)
 .text.z_impl_k_wakeup
                0x000000000000610c       0x48 zephyr/kernel/libkernel.a(sched.c.obj)
                0x000000000000610c                z_impl_k_wakeup
 .text.z_impl_k_sched_current_thread_query
                0x0000000000006154        0xc zephyr/kernel/libkernel.a(sched.c.obj)
                0x0000000000006154                z_impl_k_sched_current_thread_query
 .text.z_thread_abort
                0x0000000000006160      0x164 zephyr/kernel/libkernel.a(sched.c.obj)
                0x0000000000006160                z_thread_abort
 .text.slice_timeout
                0x00000000000062c4       0x20 zephyr/kernel/libkernel.a(timeslicing.c.obj)
 .text.thread_is_sliceable
                0x00000000000062e4       0x4c zephyr/kernel/libkernel.a(timeslicing.c.obj)
                0x00000000000062e4                thread_is_sliceable
 .text.z_reset_time_slice
                0x0000000000006330       0x50 zephyr/kernel/libkernel.a(timeslicing.c.obj)
                0x0000000000006330                z_reset_time_slice
 .text.z_time_slice
                0x0000000000006380       0x70 zephyr/kernel/libkernel.a(timeslicing.c.obj)
                0x0000000000006380                z_time_slice
 .text.z_thread_monitor_exit
                0x00000000000063f0       0x3c zephyr/kernel/libkernel.a(thread_monitor.c.obj)
                0x00000000000063f0                z_thread_monitor_exit
 .text.z_data_copy
                0x000000000000642c       0x34 zephyr/kernel/libkernel.a(xip.c.obj)
                0x000000000000642c                z_data_copy
 .text.first    0x0000000000006460       0x14 zephyr/kernel/libkernel.a(timeout.c.obj)
 .text.next     0x0000000000006474       0x18 zephyr/kernel/libkernel.a(timeout.c.obj)
 .text.elapsed  0x000000000000648c       0x18 zephyr/kernel/libkernel.a(timeout.c.obj)
 .text.z_add_timeout
                0x00000000000064a4      0x144 zephyr/kernel/libkernel.a(timeout.c.obj)
                0x00000000000064a4                z_add_timeout
 .text.sys_clock_announce
                0x00000000000065e8       0xc4 zephyr/kernel/libkernel.a(timeout.c.obj)
                0x00000000000065e8                sys_clock_announce
 .text.sys_clock_tick_get
                0x00000000000066ac       0x40 zephyr/kernel/libkernel.a(timeout.c.obj)
                0x00000000000066ac                sys_clock_tick_get
 .text.z_timer_expiration_handler
                0x00000000000066ec       0xf8 zephyr/kernel/libkernel.a(timer.c.obj)
                0x00000000000066ec                z_timer_expiration_handler
 .text.z_impl_k_timer_start
                0x00000000000067e4       0x80 zephyr/kernel/libkernel.a(timer.c.obj)
                0x00000000000067e4                z_impl_k_timer_start
 .text.nrf_cc3xx_platform_init_no_rng
                0x0000000000006864       0x38 /home/musman/ncs/nrfSDK/nrfxlib/crypto/nrf_cc312_platform/lib/cortex-m33/soft-float/no-interrupts/libnrf_cc312_platform_0.9.19.a(nrf_cc3xx_platform.c.obj)
                0x0000000000006864                nrf_cc3xx_platform_init_no_rng
 .text.nrf_cc3xx_platform_abort
                0x000000000000689c       0x24 /home/musman/ncs/nrfSDK/nrfxlib/crypto/nrf_cc312_platform/lib/cortex-m33/soft-float/no-interrupts/libnrf_cc312_platform_0.9.19.a(nrf_cc3xx_platform_abort.c.obj)
 .text.CC_PalAbort
                0x00000000000068c0       0x44 /home/musman/ncs/nrfSDK/nrfxlib/crypto/nrf_cc312_platform/lib/cortex-m33/soft-float/no-interrupts/libnrf_cc312_platform_0.9.19.a(nrf_cc3xx_platform_abort.c.obj)
                0x00000000000068c0                CC_PalAbort
 .text.nrf_cc3xx_platform_set_abort
                0x0000000000006904       0x10 /home/musman/ncs/nrfSDK/nrfxlib/crypto/nrf_cc312_platform/lib/cortex-m33/soft-float/no-interrupts/libnrf_cc312_platform_0.9.19.a(nrf_cc3xx_platform_abort.c.obj)
                0x0000000000006904                nrf_cc3xx_platform_set_abort
 .text.mutex_free
                0x0000000000006914       0x34 /home/musman/ncs/nrfSDK/nrfxlib/crypto/nrf_cc312_platform/lib/cortex-m33/soft-float/no-interrupts/libnrf_cc312_platform_0.9.19.a(nrf_cc3xx_platform_mutex.c.obj)
 .text.mutex_lock
                0x0000000000006948       0x48 /home/musman/ncs/nrfSDK/nrfxlib/crypto/nrf_cc312_platform/lib/cortex-m33/soft-float/no-interrupts/libnrf_cc312_platform_0.9.19.a(nrf_cc3xx_platform_mutex.c.obj)
 .text.mutex_unlock
                0x0000000000006990       0x38 /home/musman/ncs/nrfSDK/nrfxlib/crypto/nrf_cc312_platform/lib/cortex-m33/soft-float/no-interrupts/libnrf_cc312_platform_0.9.19.a(nrf_cc3xx_platform_mutex.c.obj)
 .text.mutex_init
                0x00000000000069c8       0x20 /home/musman/ncs/nrfSDK/nrfxlib/crypto/nrf_cc312_platform/lib/cortex-m33/soft-float/no-interrupts/libnrf_cc312_platform_0.9.19.a(nrf_cc3xx_platform_mutex.c.obj)
 .text.nrf_cc3xx_platform_set_mutexes
                0x00000000000069e8       0x78 /home/musman/ncs/nrfSDK/nrfxlib/crypto/nrf_cc312_platform/lib/cortex-m33/soft-float/no-interrupts/libnrf_cc312_platform_0.9.19.a(nrf_cc3xx_platform_mutex.c.obj)
                0x00000000000069e8                nrf_cc3xx_platform_set_mutexes
 .text.CC_LibInitNoRng
                0x0000000000006a60       0x28 /home/musman/ncs/nrfSDK/nrfxlib/crypto/nrf_cc312_platform/lib/cortex-m33/soft-float/no-interrupts/libnrf_cc312_platform_0.9.19.a(cc_lib.c.obj)
                0x0000000000006a60                CC_LibInitNoRng
 .text.CC_HalInit
                0x0000000000006a88        0x4 /home/musman/ncs/nrfSDK/nrfxlib/crypto/nrf_cc312_platform/lib/cortex-m33/soft-float/no-interrupts/libnrf_cc312_platform_0.9.19.a(cc_hal.c.obj)
                0x0000000000006a88                CC_HalInit
 .text.CC_PalInit
                0x0000000000006a8c       0x5c /home/musman/ncs/nrfSDK/nrfxlib/crypto/nrf_cc312_platform/lib/cortex-m33/soft-float/no-interrupts/libnrf_cc312_platform_0.9.19.a(cc_pal.c.obj)
                0x0000000000006a8c                CC_PalInit
 .text.CC_PalTerminate
                0x0000000000006ae8       0x34 /home/musman/ncs/nrfSDK/nrfxlib/crypto/nrf_cc312_platform/lib/cortex-m33/soft-float/no-interrupts/libnrf_cc312_platform_0.9.19.a(cc_pal.c.obj)
                0x0000000000006ae8                CC_PalTerminate
 .text.CC_PalDmaInit
                0x0000000000006b1c        0x4 /home/musman/ncs/nrfSDK/nrfxlib/crypto/nrf_cc312_platform/lib/cortex-m33/soft-float/no-interrupts/libnrf_cc312_platform_0.9.19.a(cc_pal_dma.c.obj)
                0x0000000000006b1c                CC_PalDmaInit
 .text.CC_PalDmaTerminate
                0x0000000000006b20        0x4 /home/musman/ncs/nrfSDK/nrfxlib/crypto/nrf_cc312_platform/lib/cortex-m33/soft-float/no-interrupts/libnrf_cc312_platform_0.9.19.a(cc_pal_dma.c.obj)
                0x0000000000006b20                CC_PalDmaTerminate
 .text.CC_PalMutexCreate
                0x0000000000006b24       0x14 /home/musman/ncs/nrfSDK/nrfxlib/crypto/nrf_cc312_platform/lib/cortex-m33/soft-float/no-interrupts/libnrf_cc312_platform_0.9.19.a(cc_pal_mutex.c.obj)
                0x0000000000006b24                CC_PalMutexCreate
 .text.CC_PalMutexDestroy
                0x0000000000006b38       0x14 /home/musman/ncs/nrfSDK/nrfxlib/crypto/nrf_cc312_platform/lib/cortex-m33/soft-float/no-interrupts/libnrf_cc312_platform_0.9.19.a(cc_pal_mutex.c.obj)
                0x0000000000006b38                CC_PalMutexDestroy
 .text.CC_PalPowerSaveModeInit
                0x0000000000006b4c       0x3c /home/musman/ncs/nrfSDK/nrfxlib/crypto/nrf_cc312_platform/lib/cortex-m33/soft-float/no-interrupts/libnrf_cc312_platform_0.9.19.a(cc_pal_pm.c.obj)
                0x0000000000006b4c                CC_PalPowerSaveModeInit
 .text.snprintf
                0x0000000000006b88       0x58 /home/musman/ncs/toolchains/b2ecd2435d/opt/zephyr-sdk/arm-zephyr-eabi/bin/../lib/gcc/../../picolibc/arm-zephyr-eabi/lib/thumb/v8-m.main/nofp/libc.a(libc_tinystdio_snprintf.c.o)
                0x0000000000006b88                snprintf
 .text.__l_vfprintf
                0x0000000000006be0      0x4b4 /home/musman/ncs/toolchains/b2ecd2435d/opt/zephyr-sdk/arm-zephyr-eabi/bin/../lib/gcc/../../picolibc/arm-zephyr-eabi/lib/thumb/v8-m.main/nofp/libc.a(libc_tinystdio_vflprintf.c.o)
                0x0000000000006be0                __l_vfprintf
 .text._OffsetAbsSyms
                0x0000000000007094        0x2 zephyr/CMakeFiles/offsets.dir/./arch/arm/core/offsets/offsets.c.obj
                0x0000000000007094                _OffsetAbsSyms
 .text.main     0x0000000000007096       0x36 app/libapp.a(main.cpp.obj)
                0x0000000000007096                main
 .text.z_impl_gpio_pin_configure
                0x00000000000070cc       0x50 app/libapp.a(led.cpp.obj)
 .text.gpio_pin_configure_dt
                0x000000000000711c       0x16 app/libapp.a(led.cpp.obj)
 .text.gpio_pin_set_raw
                0x0000000000007132       0x20 app/libapp.a(led.cpp.obj)
 .text.gpio_pin_set
                0x0000000000007152       0x1a app/libapp.a(led.cpp.obj)
 .text.k_msleep
                0x000000000000716c       0x2c app/libapp.a(led.cpp.obj)
 .text._ZN3Led4initEv
                0x0000000000007198       0x28 app/libapp.a(led.cpp.obj)
                0x0000000000007198                Led::init()
 .text._ZN3Led9set_delayEt
                0x00000000000071c0        0x4 app/libapp.a(led.cpp.obj)
                0x00000000000071c0                Led::set_delay(unsigned short)
 .text.set_chunk_used
                0x00000000000071c4       0x38 zephyr/libzephyr.a(heap.c.obj)
 .text.free_list_add_bidx
                0x00000000000071fc       0xa4 zephyr/libzephyr.a(heap.c.obj)
 .text.free_list_add
                0x00000000000072a0       0x52 zephyr/libzephyr.a(heap.c.obj)
 .text.sys_heap_init
                0x00000000000072f2       0xfc zephyr/libzephyr.a(heap.c.obj)
                0x00000000000072f2                sys_heap_init
 .text.cbprintf_via_va_list
                0x00000000000073ee        0xe zephyr/libzephyr.a(cbprintf_packaged.c.obj)
 .text.is_fmt_spec
                0x00000000000073fc        0xe zephyr/libzephyr.a(cbprintf_packaged.c.obj)
 .text.get_package_len
                0x000000000000740a       0x2a zephyr/libzephyr.a(cbprintf_packaged.c.obj)
 .text.append_string
                0x0000000000007434       0x2c zephyr/libzephyr.a(cbprintf_packaged.c.obj)
 .text.cbpprintf_external
                0x0000000000007460       0x60 zephyr/libzephyr.a(cbprintf_packaged.c.obj)
                0x0000000000007460                cbpprintf_external
 .text.is_ptr   0x00000000000074c0       0x4e zephyr/libzephyr.a(cbprintf_packaged.c.obj)
                0x00000000000074c0                is_ptr
 .text.arch_printk_char_out
                0x000000000000750e        0x4 zephyr/libzephyr.a(printk.c.obj)
                0x000000000000750e                arch_printk_char_out
 .text.vprintk  0x0000000000007512        0x8 zephyr/libzephyr.a(printk.c.obj)
                0x0000000000007512                vprintk
 .text.printk   0x000000000000751a       0x1c zephyr/libzephyr.a(printk.c.obj)
                0x000000000000751a                printk
 .text.free_space
                0x0000000000007536       0x28 zephyr/libzephyr.a(mpsc_pbuf.c.obj)
 .text.available
                0x000000000000755e       0x24 zephyr/libzephyr.a(mpsc_pbuf.c.obj)
 .text.get_usage
                0x0000000000007582       0x24 zephyr/libzephyr.a(mpsc_pbuf.c.obj)
 .text.max_utilization_update
                0x00000000000075a6       0x26 zephyr/libzephyr.a(mpsc_pbuf.c.obj)
 .text.rd_idx_inc
                0x00000000000075cc       0x26 zephyr/libzephyr.a(mpsc_pbuf.c.obj)
 .text.add_skip_item
                0x00000000000075f2       0x66 zephyr/libzephyr.a(mpsc_pbuf.c.obj)
 .text.drop_item_locked
                0x0000000000007658      0x12e zephyr/libzephyr.a(mpsc_pbuf.c.obj)
 .text.post_drop_action
                0x0000000000007786       0x62 zephyr/libzephyr.a(mpsc_pbuf.c.obj)
 .text.mpsc_pbuf_init
                0x00000000000077e8       0x42 zephyr/libzephyr.a(mpsc_pbuf.c.obj)
                0x00000000000077e8                mpsc_pbuf_init
 .text.mpsc_pbuf_alloc
                0x000000000000782a      0x134 zephyr/libzephyr.a(mpsc_pbuf.c.obj)
                0x000000000000782a                mpsc_pbuf_alloc
 .text.mpsc_pbuf_commit
                0x000000000000795e       0x50 zephyr/libzephyr.a(mpsc_pbuf.c.obj)
                0x000000000000795e                mpsc_pbuf_commit
 .text.mpsc_pbuf_claim
                0x00000000000079ae       0xd0 zephyr/libzephyr.a(mpsc_pbuf.c.obj)
                0x00000000000079ae                mpsc_pbuf_claim
 .text.mpsc_pbuf_free
                0x0000000000007a7e       0x88 zephyr/libzephyr.a(mpsc_pbuf.c.obj)
                0x0000000000007a7e                mpsc_pbuf_free
 .text.mpsc_pbuf_is_pending
                0x0000000000007b06       0x2c zephyr/libzephyr.a(mpsc_pbuf.c.obj)
                0x0000000000007b06                mpsc_pbuf_is_pending
 .text.set_state
                0x0000000000007b32       0x10 zephyr/libzephyr.a(onoff.c.obj)
 .text.notify_monitors
                0x0000000000007b42       0x44 zephyr/libzephyr.a(onoff.c.obj)
 .text.process_recheck
                0x0000000000007b86       0x32 zephyr/libzephyr.a(onoff.c.obj)
 .text.process_complete
                0x0000000000007bb8       0xa2 zephyr/libzephyr.a(onoff.c.obj)
 .text.validate_args
                0x0000000000007c5a       0x2a zephyr/libzephyr.a(onoff.c.obj)
 .text.notify_one
                0x0000000000007c84       0x26 zephyr/libzephyr.a(onoff.c.obj)
 .text.notify_all
                0x0000000000007caa       0x2e zephyr/libzephyr.a(onoff.c.obj)
 .text.transition_complete
                0x0000000000007cd8       0x1c zephyr/libzephyr.a(onoff.c.obj)
 .text.onoff_manager_init
                0x0000000000007cf4       0x38 zephyr/libzephyr.a(onoff.c.obj)
                0x0000000000007cf4                onoff_manager_init
 .text.onoff_request
                0x0000000000007d2c       0xbe zephyr/libzephyr.a(onoff.c.obj)
                0x0000000000007d2c                onoff_request
 .text.sys_notify_validate
                0x0000000000007dea       0x2e zephyr/libzephyr.a(notify.c.obj)
                0x0000000000007dea                sys_notify_validate
 .text.sys_notify_finalize
                0x0000000000007e18       0x1a zephyr/libzephyr.a(notify.c.obj)
                0x0000000000007e18                sys_notify_finalize
 .text._ConfigAbsSyms
                0x0000000000007e32        0x2 zephyr/libzephyr.a(configs.c.obj)
                0x0000000000007e32                _ConfigAbsSyms
 .text.log_msg_generic_get_wlen
                0x0000000000007e34       0x20 zephyr/libzephyr.a(log_core.c.obj)
 .text.log_backend_init
                0x0000000000007e54       0x14 zephyr/libzephyr.a(log_core.c.obj)
 .text.dummy_timestamp
                0x0000000000007e68        0x4 zephyr/libzephyr.a(log_core.c.obj)
 .text.msg_filter_check
                0x0000000000007e6c        0x4 zephyr/libzephyr.a(log_core.c.obj)
 .text.default_get_timestamp
                0x0000000000007e70        0x8 zephyr/libzephyr.a(log_core.c.obj)
 .text.k_msleep
                0x0000000000007e78       0x2c zephyr/libzephyr.a(log_core.c.obj)
 .text.msg_alloc
                0x0000000000007ea4        0xc zephyr/libzephyr.a(log_core.c.obj)
 .text.msg_free
                0x0000000000007eb0        0x8 zephyr/libzephyr.a(log_core.c.obj)
 .text.msg_pending
                0x0000000000007eb8        0x8 zephyr/libzephyr.a(log_core.c.obj)
 .text.z_log_vprintk
                0x0000000000007ec0       0x1e zephyr/libzephyr.a(log_core.c.obj)
                0x0000000000007ec0                z_log_vprintk
 .text.z_log_notify_drop
                0x0000000000007ede        0xa zephyr/libzephyr.a(log_core.c.obj)
 .text.z_log_msg_claim
                0x0000000000007ee8        0x8 zephyr/libzephyr.a(log_core.c.obj)
                0x0000000000007ee8                z_log_msg_claim
 .text.msg_commit
                0x0000000000007ef0        0xc zephyr/libzephyr.a(log_core.c.obj)
 .text.z_log_get_tag
                0x0000000000007efc        0x4 zephyr/libzephyr.a(log_core.c.obj)
                0x0000000000007efc                z_log_get_tag
 .text.log_backend_enable
                0x0000000000007f00       0x16 zephyr/libzephyr.a(log_mgmt.c.obj)
                0x0000000000007f00                log_backend_enable
 .text.z_cbprintf_cpy
                0x0000000000007f16       0x2c zephyr/libzephyr.a(log_msg.c.obj)
 .text.z_log_msg_finalize
                0x0000000000007f42       0x2e zephyr/libzephyr.a(log_msg.c.obj)
                0x0000000000007f42                z_log_msg_finalize
 .text.z_log_msg_simple_create
                0x0000000000007f70       0x62 zephyr/libzephyr.a(log_msg.c.obj)
 .text.z_impl_z_log_msg_simple_create_0
                0x0000000000007fd2       0x14 zephyr/libzephyr.a(log_msg.c.obj)
                0x0000000000007fd2                z_impl_z_log_msg_simple_create_0
 .text.z_impl_z_log_msg_simple_create_1
                0x0000000000007fe6       0x16 zephyr/libzephyr.a(log_msg.c.obj)
                0x0000000000007fe6                z_impl_z_log_msg_simple_create_1
 .text.z_log_msg_static_create
                0x0000000000007ffc        0x8 zephyr/libzephyr.a(log_msg.c.obj)
 .text.log_output_flush
                0x0000000000008004       0x2e zephyr/libzephyr.a(log_output.c.obj)
 .text.out_func
                0x0000000000008032       0x30 zephyr/libzephyr.a(log_output.c.obj)
 .text.cr_out_func
                0x0000000000008062       0x1e zephyr/libzephyr.a(log_output.c.obj)
 .text.color_prefix
                0x0000000000008080        0xc zephyr/libzephyr.a(log_output.c.obj)
 .text.color_postfix
                0x000000000000808c        0xc zephyr/libzephyr.a(log_output.c.obj)
 .text.postfix_print
                0x0000000000008098       0x18 zephyr/libzephyr.a(log_output.c.obj)
 .text.log_msg_hexdump
                0x00000000000080b0       0x36 zephyr/libzephyr.a(log_output.c.obj)
 .text.log_output_msg_process
                0x00000000000080e6       0x66 zephyr/libzephyr.a(log_output.c.obj)
                0x00000000000080e6                log_output_msg_process
 .text.log_output_flush
                0x000000000000814c       0x2e zephyr/libzephyr.a(log_backend_uart.c.obj)
 .text.format_set
                0x000000000000817a        0xc zephyr/libzephyr.a(log_backend_uart.c.obj)
 .text.log_backend_uart_init
                0x0000000000008186        0xc zephyr/libzephyr.a(log_backend_uart.c.obj)
 .text.panic    0x0000000000008192       0x14 zephyr/libzephyr.a(log_backend_uart.c.obj)
 .text.dropped  0x00000000000081a6        0xe zephyr/libzephyr.a(log_backend_uart.c.obj)
 .text.process  0x00000000000081b4       0x1c zephyr/libzephyr.a(log_backend_uart.c.obj)
 .text.abort_function
                0x00000000000081d0        0x2 zephyr/libzephyr.a(nrf_cc3xx_platform_abort_zephyr.c.obj)
 .text.z_do_kernel_oops
                0x00000000000081d2        0xc zephyr/arch/arch/arm/core/libarch__arm__core.a(fatal.c.obj)
                0x00000000000081d2                z_do_kernel_oops
 .text.z_arm_nmi
                0x00000000000081de        0xc zephyr/arch/arch/arm/core/libarch__arm__core.a(nmi.c.obj)
                0x00000000000081de                z_arm_nmi
 .text.memory_fault_recoverable
                0x00000000000081ea        0x4 zephyr/arch/arch/arm/core/cortex_m/libarch__arm__core__cortex_m.a(fault.c.obj)
 .text.fault_handle
                0x00000000000081ee       0x4a zephyr/arch/arch/arm/core/cortex_m/libarch__arm__core__cortex_m.a(fault.c.obj)
 .text.arm_irq_enable
                0x0000000000008238        0xa zephyr/arch/arch/arm/core/cortex_m/libarch__arm__core__cortex_m.a(irq_manage.c.obj)
                0x0000000000008238                arm_irq_enable
 .text.arm_irq_priority_set
                0x0000000000008242        0xc zephyr/arch/arch/arm/core/cortex_m/libarch__arm__core__cortex_m.a(irq_manage.c.obj)
                0x0000000000008242                arm_irq_priority_set
 .text.z_irq_spurious
                0x000000000000824e        0xc zephyr/arch/arch/arm/core/cortex_m/libarch__arm__core__cortex_m.a(irq_manage.c.obj)
                0x000000000000824e                z_irq_spurious
 .text.configure_builtin_stack_guard
                0x000000000000825a        0xa zephyr/arch/arch/arm/core/cortex_m/libarch__arm__core__cortex_m.a(thread.c.obj)
                0x000000000000825a                configure_builtin_stack_guard
 .text.arch_irq_unlock_outlined
                0x0000000000008264        0xe zephyr/arch/arch/arm/core/cortex_m/libarch__arm__core__cortex_m.a(thread.c.obj)
                0x0000000000008264                arch_irq_unlock_outlined
 .text.arch_cpu_idle
                0x0000000000008272       0x32 zephyr/arch/arch/arm/core/cortex_m/libarch__arm__core__cortex_m.a(cpu_idle.c.obj)
                0x0000000000008272                arch_cpu_idle
 .text.arch_cpu_atomic_idle
                0x00000000000082a4       0x38 zephyr/arch/arch/arm/core/cortex_m/libarch__arm__core__cortex_m.a(cpu_idle.c.obj)
                0x00000000000082a4                arch_cpu_atomic_idle
 .text.arm_cmse_mpu_region_get
                0x00000000000082dc       0x14 zephyr/arch/arch/arm/core/cortex_m/cmse/libarch__arm__core__cortex_m__cmse.a(arm_core_cmse.c.obj)
                0x00000000000082dc                arm_cmse_mpu_region_get
 .text.region_init
                0x00000000000082f0       0x28 zephyr/arch/arch/arm/core/mpu/libarch__arm__core__mpu.a(arm_mpu.c.obj)
 .text.mpu_partition_is_valid
                0x0000000000008318       0x24 zephyr/arch/arch/arm/core/mpu/libarch__arm__core__mpu.a(arm_mpu.c.obj)
 .text.get_region_index
                0x000000000000833c       0x22 zephyr/arch/arch/arm/core/mpu/libarch__arm__core__mpu.a(arm_mpu.c.obj)
 .text.mpu_configure_region
                0x000000000000835e       0x3e zephyr/arch/arch/arm/core/mpu/libarch__arm__core__mpu.a(arm_mpu.c.obj)
 .text.mpu_configure_regions_from_dt
                0x000000000000839c       0xec zephyr/arch/arch/arm/core/mpu/libarch__arm__core__mpu.a(arm_mpu.c.obj)
 .text.arm_core_mpu_configure_static_mpu_regions
                0x0000000000008488        0x8 zephyr/arch/arch/arm/core/mpu/libarch__arm__core__mpu.a(arm_mpu.c.obj)
                0x0000000000008488                arm_core_mpu_configure_static_mpu_regions
 .text.arm_core_mpu_mark_areas_for_dynamic_regions
                0x0000000000008490        0x8 zephyr/arch/arch/arm/core/mpu/libarch__arm__core__mpu.a(arm_mpu.c.obj)
                0x0000000000008490                arm_core_mpu_mark_areas_for_dynamic_regions
 .text.cbputc   0x0000000000008498        0xc zephyr/lib/libc/picolibc/liblib__libc__picolibc.a(cbprintf.c.obj)
 .text.picolibc_put
                0x00000000000084a4        0xa zephyr/lib/libc/picolibc/liblib__libc__picolibc.a(stdio.c.obj)
 .text.rtc_pretick_init
                0x00000000000084ae        0x8 zephyr/soc/soc/nrf5340/libsoc__nordic.a(soc.c.obj)
 .text.z_arm_on_enter_cpu_idle
                0x00000000000084b6        0x8 zephyr/soc/soc/nrf5340/libsoc__nordic.a(soc.c.obj)
                0x00000000000084b6                z_arm_on_enter_cpu_idle
 .text.soc_late_init_hook
                0x00000000000084be        0x8 zephyr/soc/soc/nrf5340/libsoc__nordic.a(soc.c.obj)
                0x00000000000084be                soc_late_init_hook
 .text.arch_busy_wait
                0x00000000000084c6        0x8 zephyr/soc/soc/nrf5340/libsoc__nordic.a(soc.c.obj)
                0x00000000000084c6                arch_busy_wait
 .text.nrf53_errata_161
                0x00000000000084ce       0x28 zephyr/soc/soc/nrf5340/libsoc__nordic.a(nrf53_cpunet_mgmt.c.obj)
 .text.onoff_stop
                0x00000000000084f6       0x1e zephyr/soc/soc/nrf5340/libsoc__nordic.a(nrf53_cpunet_mgmt.c.obj)
 .text.nrf_reset_network_force_off
                0x0000000000008514       0x42 zephyr/soc/soc/nrf5340/libsoc__nordic.a(nrf53_cpunet_mgmt.c.obj)
 .text.onoff_start
                0x0000000000008556       0x1e zephyr/soc/soc/nrf5340/libsoc__nordic.a(nrf53_cpunet_mgmt.c.obj)
 .text.nrf_clock_is_running
                0x0000000000008574       0x5e zephyr/drivers/clock_control/libdrivers__clock_control.a(clock_control_nrf.c.obj)
 .text.get_sub_data
                0x00000000000085d2        0xe zephyr/drivers/clock_control/libdrivers__clock_control.a(clock_control_nrf.c.obj)
 .text.get_sub_config
                0x00000000000085e0        0xc zephyr/drivers/clock_control/libdrivers__clock_control.a(clock_control_nrf.c.obj)
 .text.get_onoff_manager
                0x00000000000085ec        0x8 zephyr/drivers/clock_control/libdrivers__clock_control.a(clock_control_nrf.c.obj)
 .text.get_status
                0x00000000000085f4       0x10 zephyr/drivers/clock_control/libdrivers__clock_control.a(clock_control_nrf.c.obj)
 .text.set_off_state
                0x0000000000008604       0x30 zephyr/drivers/clock_control/libdrivers__clock_control.a(clock_control_nrf.c.obj)
 .text.set_starting_state
                0x0000000000008634       0x3a zephyr/drivers/clock_control/libdrivers__clock_control.a(clock_control_nrf.c.obj)
 .text.set_on_state
                0x000000000000866e       0x24 zephyr/drivers/clock_control/libdrivers__clock_control.a(clock_control_nrf.c.obj)
 .text.clkstarted_handle
                0x0000000000008692       0x24 zephyr/drivers/clock_control/libdrivers__clock_control.a(clock_control_nrf.c.obj)
 .text.stop     0x00000000000086b6       0x2a zephyr/drivers/clock_control/libdrivers__clock_control.a(clock_control_nrf.c.obj)
 .text.api_stop
                0x00000000000086e0        0xa zephyr/drivers/clock_control/libdrivers__clock_control.a(clock_control_nrf.c.obj)
 .text.async_start
                0x00000000000086ea       0x38 zephyr/drivers/clock_control/libdrivers__clock_control.a(clock_control_nrf.c.obj)
 .text.api_start
                0x0000000000008722       0x10 zephyr/drivers/clock_control/libdrivers__clock_control.a(clock_control_nrf.c.obj)
 .text.onoff_started_callback
                0x0000000000008732       0x10 zephyr/drivers/clock_control/libdrivers__clock_control.a(clock_control_nrf.c.obj)
 .text.hfclk_start
                0x0000000000008742        0xa zephyr/drivers/clock_control/libdrivers__clock_control.a(clock_control_nrf.c.obj)
 .text.hfclkaudio_start
                0x000000000000874c        0xa zephyr/drivers/clock_control/libdrivers__clock_control.a(clock_control_nrf.c.obj)
 .text.hfclk192m_start
                0x0000000000008756        0xa zephyr/drivers/clock_control/libdrivers__clock_control.a(clock_control_nrf.c.obj)
 .text.lfclk_start
                0x0000000000008760        0xa zephyr/drivers/clock_control/libdrivers__clock_control.a(clock_control_nrf.c.obj)
 .text.hfclk_stop
                0x000000000000876a        0xa zephyr/drivers/clock_control/libdrivers__clock_control.a(clock_control_nrf.c.obj)
 .text.hfclkaudio_stop
                0x0000000000008774        0xa zephyr/drivers/clock_control/libdrivers__clock_control.a(clock_control_nrf.c.obj)
 .text.hfclk192m_stop
                0x000000000000877e        0xa zephyr/drivers/clock_control/libdrivers__clock_control.a(clock_control_nrf.c.obj)
 .text.lfclk_stop
                0x0000000000008788        0xa zephyr/drivers/clock_control/libdrivers__clock_control.a(clock_control_nrf.c.obj)
 .text.k_msleep
                0x0000000000008792       0x2c zephyr/drivers/clock_control/libdrivers__clock_control.a(clock_control_nrf.c.obj)
 .text.blocking_start_callback
                0x00000000000087be        0xa zephyr/drivers/clock_control/libdrivers__clock_control.a(clock_control_nrf.c.obj)
 .text.sys_slist_remove
                0x00000000000087c8       0x26 zephyr/drivers/gpio/libdrivers__gpio.a(gpio_nrfx.c.obj)
 .text.sys_slist_find_and_remove
                0x00000000000087ee       0x20 zephyr/drivers/gpio/libdrivers__gpio.a(gpio_nrfx.c.obj)
 .text.pm_device_driver_init
                0x000000000000880e       0x24 zephyr/drivers/gpio/libdrivers__gpio.a(gpio_nrfx.c.obj)
 .text.gpio_manage_callback
                0x0000000000008832       0x3e zephyr/drivers/gpio/libdrivers__gpio.a(gpio_nrfx.c.obj)
 .text.gpio_fire_callbacks
                0x0000000000008870       0x40 zephyr/drivers/gpio/libdrivers__gpio.a(gpio_nrfx.c.obj)
 .text.has_gpiote
                0x00000000000088b0        0xa zephyr/drivers/gpio/libdrivers__gpio.a(gpio_nrfx.c.obj)
 .text.get_pull
                0x00000000000088ba       0x18 zephyr/drivers/gpio/libdrivers__gpio.a(gpio_nrfx.c.obj)
 .text.gpio_nrfx_port_get_raw
                0x00000000000088d2        0xc zephyr/drivers/gpio/libdrivers__gpio.a(gpio_nrfx.c.obj)
 .text.gpio_nrfx_port_set_masked_raw
                0x00000000000088de       0x14 zephyr/drivers/gpio/libdrivers__gpio.a(gpio_nrfx.c.obj)
 .text.gpio_nrfx_port_set_bits_raw
                0x00000000000088f2        0xa zephyr/drivers/gpio/libdrivers__gpio.a(gpio_nrfx.c.obj)
 .text.gpio_nrfx_port_clear_bits_raw
                0x00000000000088fc        0xa zephyr/drivers/gpio/libdrivers__gpio.a(gpio_nrfx.c.obj)
 .text.gpio_nrfx_port_toggle_bits
                0x0000000000008906       0x14 zephyr/drivers/gpio/libdrivers__gpio.a(gpio_nrfx.c.obj)
 .text.get_trigger
                0x000000000000891a       0x2c zephyr/drivers/gpio/libdrivers__gpio.a(gpio_nrfx.c.obj)
 .text.gpio_nrfx_manage_callback
                0x0000000000008946        0xc zephyr/drivers/gpio/libdrivers__gpio.a(gpio_nrfx.c.obj)
 .text.nrfx_gpio_handler
                0x0000000000008952       0x1e zephyr/drivers/gpio/libdrivers__gpio.a(gpio_nrfx.c.obj)
 .text.gpio_nrfx_pm_suspend
                0x0000000000008970        0x4 zephyr/drivers/gpio/libdrivers__gpio.a(gpio_nrfx.c.obj)
 .text.gpio_nrfx_pm_resume
                0x0000000000008974        0x4 zephyr/drivers/gpio/libdrivers__gpio.a(gpio_nrfx.c.obj)
 .text.gpio_nrfx_pm_hook
                0x0000000000008978       0x1a zephyr/drivers/gpio/libdrivers__gpio.a(gpio_nrfx.c.obj)
 .text.chan_alloc
                0x0000000000008992        0xc zephyr/drivers/gpio/libdrivers__gpio.a(gpio_nrfx.c.obj)
 .text.pinctrl_lookup_state
                0x000000000000899e       0x32 zephyr/drivers/pinctrl/libdrivers__pinctrl.a(common.c.obj)
                0x000000000000899e                pinctrl_lookup_state
 .text.nrf_gpio_pin_write
                0x00000000000089d0       0x10 zephyr/drivers/pinctrl/libdrivers__pinctrl.a(pinctrl_nrf.c.obj)
 .text.pm_device_driver_init
                0x00000000000089e0       0x24 zephyr/drivers/serial/libdrivers__serial.a(uart_nrfx_uarte.c.obj)
 .text.endtx_isr
                0x0000000000008a04       0x30 zephyr/drivers/serial/libdrivers__serial.a(uart_nrfx_uarte.c.obj)
 .text.uarte_nrfx_err_check
                0x0000000000008a34        0xe zephyr/drivers/serial/libdrivers__serial.a(uart_nrfx_uarte.c.obj)
 .text.is_tx_ready
                0x0000000000008a42       0x28 zephyr/drivers/serial/libdrivers__serial.a(uart_nrfx_uarte.c.obj)
 .text.user_callback
                0x0000000000008a6a       0x10 zephyr/drivers/serial/libdrivers__serial.a(uart_nrfx_uarte.c.obj)
 .text.rx_buf_release
                0x0000000000008a7a       0x26 zephyr/drivers/serial/libdrivers__serial.a(uart_nrfx_uarte.c.obj)
 .text.has_hwfc
                0x0000000000008aa0        0xe zephyr/drivers/serial/libdrivers__serial.a(uart_nrfx_uarte.c.obj)
 .text.notify_uart_rx_rdy
                0x0000000000008aae       0x32 zephyr/drivers/serial/libdrivers__serial.a(uart_nrfx_uarte.c.obj)
 .text.uarte_nrfx_rx_buf_rsp
                0x0000000000008ae0       0x5a zephyr/drivers/serial/libdrivers__serial.a(uart_nrfx_uarte.c.obj)
 .text.uarte_nrfx_callback_set
                0x0000000000008b3a       0x16 zephyr/drivers/serial/libdrivers__serial.a(uart_nrfx_uarte.c.obj)
 .text.rxstarted_isr
                0x0000000000008b50       0x38 zephyr/drivers/serial/libdrivers__serial.a(uart_nrfx_uarte.c.obj)
 .text.rx_flush
                0x0000000000008b88       0x3e zephyr/drivers/serial/libdrivers__serial.a(uart_nrfx_uarte.c.obj)
 .text.event_check_clear
                0x0000000000008bc6       0x1e zephyr/drivers/serial/libdrivers__serial.a(uart_nrfx_uarte.c.obj)
 .text.uarte_nrfx_poll_in
                0x0000000000008be4       0x32 zephyr/drivers/serial/libdrivers__serial.a(uart_nrfx_uarte.c.obj)
 .text.k_msleep
                0x0000000000008c16       0x2c zephyr/drivers/serial/libdrivers__serial.a(uart_nrfx_uarte.c.obj)
 .text.wait_tx_ready
                0x0000000000008c42       0x4a zephyr/drivers/serial/libdrivers__serial.a(uart_nrfx_uarte.c.obj)
 .text.pinctrl_apply_state
                0x0000000000008c8c       0x20 zephyr/drivers/serial/libdrivers__serial.a(uart_nrfx_uarte.c.obj)
 .text.uarte_periph_enable
                0x0000000000008cac       0x16 zephyr/drivers/serial/libdrivers__serial.a(uart_nrfx_uarte.c.obj)
 .text.uarte_enable_locked
                0x0000000000008cc2       0x18 zephyr/drivers/serial/libdrivers__serial.a(uart_nrfx_uarte.c.obj)
 .text.tx_start
                0x0000000000008cda       0x36 zephyr/drivers/serial/libdrivers__serial.a(uart_nrfx_uarte.c.obj)
 .text.start_tx_locked
                0x0000000000008d10       0x46 zephyr/drivers/serial/libdrivers__serial.a(uart_nrfx_uarte.c.obj)
 .text.uarte_pm_resume
                0x0000000000008d56       0x20 zephyr/drivers/serial/libdrivers__serial.a(uart_nrfx_uarte.c.obj)
 .text.uarte_nrfx_pm_action
                0x0000000000008d76       0x14 zephyr/drivers/serial/libdrivers__serial.a(uart_nrfx_uarte.c.obj)
 .text.uarte_disable_locked
                0x0000000000008d8a       0x2a zephyr/drivers/serial/libdrivers__serial.a(uart_nrfx_uarte.c.obj)
 .text.rx_disable_finalize
                0x0000000000008db4       0x56 zephyr/drivers/serial/libdrivers__serial.a(uart_nrfx_uarte.c.obj)
 .text.rxto_isr
                0x0000000000008e0a       0x4c zephyr/drivers/serial/libdrivers__serial.a(uart_nrfx_uarte.c.obj)
 .text.rx_disable
                0x0000000000008e56       0x5a zephyr/drivers/serial/libdrivers__serial.a(uart_nrfx_uarte.c.obj)
 .text.uarte_nrfx_rx_disable
                0x0000000000008eb0       0x18 zephyr/drivers/serial/libdrivers__serial.a(uart_nrfx_uarte.c.obj)
 .text.error_isr
                0x0000000000008ec8       0x5e zephyr/drivers/serial/libdrivers__serial.a(uart_nrfx_uarte.c.obj)
 .text.uarte_nrfx_tx_abort
                0x0000000000008f26       0x2c zephyr/drivers/serial/libdrivers__serial.a(uart_nrfx_uarte.c.obj)
 .text.tx_timeout
                0x0000000000008f52        0xa zephyr/drivers/serial/libdrivers__serial.a(uart_nrfx_uarte.c.obj)
 .text.endrx_isr
                0x0000000000008f5c       0x96 zephyr/drivers/serial/libdrivers__serial.a(uart_nrfx_uarte.c.obj)
 .text.setup_tx_cache
                0x0000000000008ff2       0x3e zephyr/drivers/serial/libdrivers__serial.a(uart_nrfx_uarte.c.obj)
 .text.txstopped_isr
                0x0000000000009030      0x126 zephyr/drivers/serial/libdrivers__serial.a(uart_nrfx_uarte.c.obj)
 .text.rx_timeout
                0x0000000000009156       0x48 zephyr/drivers/serial/libdrivers__serial.a(uart_nrfx_uarte.c.obj)
 .text.rxdrdy_isr
                0x000000000000919e       0x30 zephyr/drivers/serial/libdrivers__serial.a(uart_nrfx_uarte.c.obj)
 .text.uarte_tx_path_init
                0x00000000000091ce       0x66 zephyr/drivers/serial/libdrivers__serial.a(uart_nrfx_uarte.c.obj)
 .text.uarte_0_init
                0x0000000000009234       0x1e zephyr/drivers/serial/libdrivers__serial.a(uart_nrfx_uarte.c.obj)
 .text.uarte_nrfx_isr_async
                0x0000000000009252      0x118 zephyr/drivers/serial/libdrivers__serial.a(uart_nrfx_uarte.c.obj)
 .text.__nrfy_internal_rtc_event_handle
                0x000000000000936a       0x3a zephyr/drivers/timer/libdrivers__timer.a(nrf_rtc_timer.c.obj)
 .text.__nrfy_internal_rtc_events_process
                0x00000000000093a4       0x6c zephyr/drivers/timer/libdrivers__timer.a(nrf_rtc_timer.c.obj)
 .text.counter_sub
                0x0000000000009410        0x8 zephyr/drivers/timer/libdrivers__timer.a(nrf_rtc_timer.c.obj)
 .text.event_check
                0x0000000000009418       0x1a zephyr/drivers/timer/libdrivers__timer.a(nrf_rtc_timer.c.obj)
 .text.event_clear
                0x0000000000009432       0x18 zephyr/drivers/timer/libdrivers__timer.a(nrf_rtc_timer.c.obj)
 .text.absolute_time_to_cc
                0x000000000000944a        0x6 zephyr/drivers/timer/libdrivers__timer.a(nrf_rtc_timer.c.obj)
 .text.full_int_lock
                0x0000000000009450       0x10 zephyr/drivers/timer/libdrivers__timer.a(nrf_rtc_timer.c.obj)
 .text.full_int_unlock
                0x0000000000009460        0xa zephyr/drivers/timer/libdrivers__timer.a(nrf_rtc_timer.c.obj)
 .text.compare_set
                0x000000000000946a       0x38 zephyr/drivers/timer/libdrivers__timer.a(nrf_rtc_timer.c.obj)
 .text.sys_clock_cycle_get_32
                0x00000000000094a2        0x8 zephyr/drivers/timer/libdrivers__timer.a(nrf_rtc_timer.c.obj)
                0x00000000000094a2                sys_clock_cycle_get_32
 .text.hw_cc3xx_init_internal
                0x00000000000094aa        0x8 modules/nrf/drivers/hw_cc3xx/lib..__nrf__drivers__hw_cc3xx.a(hw_cc3xx.c.obj)
 .text.hw_cc3xx_init
                0x00000000000094b2       0x10 modules/nrf/drivers/hw_cc3xx/lib..__nrf__drivers__hw_cc3xx.a(hw_cc3xx.c.obj)
 .text.nrf53_errata_42
                0x00000000000094c2       0x28 modules/hal_nordic/modules/hal_nordic/nrfx/libmodules__hal_nordic__nrfx.a(system_nrf5340_application.c.obj)
 .text.nrf53_errata_46
                0x00000000000094ea       0x30 modules/hal_nordic/modules/hal_nordic/nrfx/libmodules__hal_nordic__nrfx.a(system_nrf5340_application.c.obj)
 .text.nrf53_errata_49
                0x000000000000951a       0x28 modules/hal_nordic/modules/hal_nordic/nrfx/libmodules__hal_nordic__nrfx.a(system_nrf5340_application.c.obj)
 .text.nrf53_errata_55
                0x0000000000009542       0x18 modules/hal_nordic/modules/hal_nordic/nrfx/libmodules__hal_nordic__nrfx.a(system_nrf5340_application.c.obj)
 .text.nrf53_errata_64
                0x000000000000955a       0x28 modules/hal_nordic/modules/hal_nordic/nrfx/libmodules__hal_nordic__nrfx.a(system_nrf5340_application.c.obj)
 .text.nrf53_errata_69
                0x0000000000009582       0x28 modules/hal_nordic/modules/hal_nordic/nrfx/libmodules__hal_nordic__nrfx.a(system_nrf5340_application.c.obj)
 .text.nrf53_errata_97
                0x00000000000095aa       0x28 modules/hal_nordic/modules/hal_nordic/nrfx/libmodules__hal_nordic__nrfx.a(system_nrf5340_application.c.obj)
 .text.nrf53_errata_140
                0x00000000000095d2       0x18 modules/hal_nordic/modules/hal_nordic/nrfx/libmodules__hal_nordic__nrfx.a(system_nrf5340_application.c.obj)
 .text.nrf53_errata_160
                0x00000000000095ea       0x28 modules/hal_nordic/modules/hal_nordic/nrfx/libmodules__hal_nordic__nrfx.a(system_nrf5340_application.c.obj)
 .text.nrfx_isr
                0x0000000000009612        0x6 modules/hal_nordic/modules/hal_nordic/nrfx/libmodules__hal_nordic__nrfx.a(nrfx_glue.c.obj)
                0x0000000000009612                nrfx_isr
 .text.nrfx_busy_wait
                0x0000000000009618        0x8 modules/hal_nordic/modules/hal_nordic/nrfx/libmodules__hal_nordic__nrfx.a(nrfx_glue.c.obj)
                0x0000000000009618                nrfx_busy_wait
 .text.nrfx_gppi_event_endpoint_setup
                0x0000000000009620        0xa modules/hal_nordic/modules/hal_nordic/nrfx/libmodules__hal_nordic__nrfx.a(nrfx_gppi_dppi.c.obj)
                0x0000000000009620                nrfx_gppi_event_endpoint_setup
 .text.nrfx_gppi_task_endpoint_setup
                0x000000000000962a        0xa modules/hal_nordic/modules/hal_nordic/nrfx/libmodules__hal_nordic__nrfx.a(nrfx_gppi_dppi.c.obj)
                0x000000000000962a                nrfx_gppi_task_endpoint_setup
 .text.nrfx_gppi_channel_endpoints_setup
                0x0000000000009634       0x14 modules/hal_nordic/modules/hal_nordic/nrfx/libmodules__hal_nordic__nrfx.a(nrfx_gppi_dppi.c.obj)
                0x0000000000009634                nrfx_gppi_channel_endpoints_setup
 .text.nrf_clock_is_running
                0x0000000000009648       0x5e modules/hal_nordic/modules/hal_nordic/nrfx/libmodules__hal_nordic__nrfx.a(nrfx_clock.c.obj)
 .text.clock_initial_lfclksrc_get
                0x00000000000096a6        0x4 modules/hal_nordic/modules/hal_nordic/nrfx/libmodules__hal_nordic__nrfx.a(nrfx_clock.c.obj)
 .text.nrfx_power_clock_irq_init
                0x00000000000096aa       0x14 modules/hal_nordic/modules/hal_nordic/nrfx/libmodules__hal_nordic__nrfx.a(nrfx_clock.c.obj)
 .text.clock_stop
                0x00000000000096be       0x90 modules/hal_nordic/modules/hal_nordic/nrfx/libmodules__hal_nordic__nrfx.a(nrfx_clock.c.obj)
 .text.clock_lfclksrc_tweak
                0x000000000000974e       0x2a modules/hal_nordic/modules/hal_nordic/nrfx/libmodules__hal_nordic__nrfx.a(nrfx_clock.c.obj)
 .text.nrfx_clock_stop
                0x0000000000009778        0x8 modules/hal_nordic/modules/hal_nordic/nrfx/libmodules__hal_nordic__nrfx.a(nrfx_clock.c.obj)
                0x0000000000009778                nrfx_clock_stop
 .text.nrfx_dppi_channel_alloc
                0x0000000000009780        0x8 modules/hal_nordic/modules/hal_nordic/nrfx/libmodules__hal_nordic__nrfx.a(nrfx_dppi.c.obj)
                0x0000000000009780                nrfx_dppi_channel_alloc
 .text.nrf_gpiote_event_configure
                0x0000000000009788       0x32 modules/hal_nordic/modules/hal_nordic/nrfx/libmodules__hal_nordic__nrfx.a(nrfx_gpiote.c.obj)
 .text.nrf_gpiote_task_configure
                0x00000000000097ba       0x3e modules/hal_nordic/modules/hal_nordic/nrfx/libmodules__hal_nordic__nrfx.a(nrfx_gpiote.c.obj)
 .text.__nrfy_internal_gpiote_event_handle
                0x00000000000097f8       0x3a modules/hal_nordic/modules/hal_nordic/nrfx/libmodules__hal_nordic__nrfx.a(nrfx_gpiote.c.obj)
 .text.__nrfy_internal_gpiote_events_process
                0x0000000000009832       0x42 modules/hal_nordic/modules/hal_nordic/nrfx/libmodules__hal_nordic__nrfx.a(nrfx_gpiote.c.obj)
 .text.nrf_gpio_cfg_default
                0x0000000000009874       0x18 modules/hal_nordic/modules/hal_nordic/nrfx/libmodules__hal_nordic__nrfx.a(nrfx_gpiote.c.obj)
 .text.nrf_gpio_cfg_sense_set
                0x000000000000988c       0x20 modules/hal_nordic/modules/hal_nordic/nrfx/libmodules__hal_nordic__nrfx.a(nrfx_gpiote.c.obj)
 .text.pin_in_use
                0x00000000000098ac       0x1e modules/hal_nordic/modules/hal_nordic/nrfx/libmodules__hal_nordic__nrfx.a(nrfx_gpiote.c.obj)
 .text.pin_in_use_by_te
                0x00000000000098ca       0x1e modules/hal_nordic/modules/hal_nordic/nrfx/libmodules__hal_nordic__nrfx.a(nrfx_gpiote.c.obj)
 .text.pin_has_trigger
                0x00000000000098e8       0x22 modules/hal_nordic/modules/hal_nordic/nrfx/libmodules__hal_nordic__nrfx.a(nrfx_gpiote.c.obj)
 .text.pin_is_output
                0x000000000000990a       0x1e modules/hal_nordic/modules/hal_nordic/nrfx/libmodules__hal_nordic__nrfx.a(nrfx_gpiote.c.obj)
 .text.pin_is_task_output
                0x0000000000009928       0x22 modules/hal_nordic/modules/hal_nordic/nrfx/libmodules__hal_nordic__nrfx.a(nrfx_gpiote.c.obj)
 .text.pin_is_input
                0x000000000000994a        0xe modules/hal_nordic/modules/hal_nordic/nrfx/libmodules__hal_nordic__nrfx.a(nrfx_gpiote.c.obj)
 .text.gpiote_polarity_to_trigger
                0x0000000000009958        0x2 modules/hal_nordic/modules/hal_nordic/nrfx/libmodules__hal_nordic__nrfx.a(nrfx_gpiote.c.obj)
 .text.gpiote_trigger_to_polarity
                0x000000000000995a        0x2 modules/hal_nordic/modules/hal_nordic/nrfx/libmodules__hal_nordic__nrfx.a(nrfx_gpiote.c.obj)
 .text.pin_te_get
                0x000000000000995c       0x1c modules/hal_nordic/modules/hal_nordic/nrfx/libmodules__hal_nordic__nrfx.a(nrfx_gpiote.c.obj)
 .text.is_level
                0x0000000000009978        0xa modules/hal_nordic/modules/hal_nordic/nrfx/libmodules__hal_nordic__nrfx.a(nrfx_gpiote.c.obj)
 .text.handler_in_use
                0x0000000000009982       0x3a modules/hal_nordic/modules/hal_nordic/nrfx/libmodules__hal_nordic__nrfx.a(nrfx_gpiote.c.obj)
 .text.pin_trigger_disable
                0x00000000000099bc       0x46 modules/hal_nordic/modules/hal_nordic/nrfx/libmodules__hal_nordic__nrfx.a(nrfx_gpiote.c.obj)
 .text.find_handler
                0x0000000000009a02       0x34 modules/hal_nordic/modules/hal_nordic/nrfx/libmodules__hal_nordic__nrfx.a(nrfx_gpiote.c.obj)
 .text.get_initial_sense
                0x0000000000009a36       0x3c modules/hal_nordic/modules/hal_nordic/nrfx/libmodules__hal_nordic__nrfx.a(nrfx_gpiote.c.obj)
 .text.channel_handler_get
                0x0000000000009a72       0x24 modules/hal_nordic/modules/hal_nordic/nrfx/libmodules__hal_nordic__nrfx.a(nrfx_gpiote.c.obj)
 .text.gpiote_global_callback_set
                0x0000000000009a96       0x1a modules/hal_nordic/modules/hal_nordic/nrfx/libmodules__hal_nordic__nrfx.a(nrfx_gpiote.c.obj)
 .text.gpiote_init_check
                0x0000000000009ab0       0x14 modules/hal_nordic/modules/hal_nordic/nrfx/libmodules__hal_nordic__nrfx.a(nrfx_gpiote.c.obj)
 .text.pin_trigger_enable
                0x0000000000009ac4       0x74 modules/hal_nordic/modules/hal_nordic/nrfx/libmodules__hal_nordic__nrfx.a(nrfx_gpiote.c.obj)
 .text.call_handler
                0x0000000000009b38       0x26 modules/hal_nordic/modules/hal_nordic/nrfx/libmodules__hal_nordic__nrfx.a(nrfx_gpiote.c.obj)
 .text.next_sense_cond_call_handler
                0x0000000000009b5e       0x6c modules/hal_nordic/modules/hal_nordic/nrfx/libmodules__hal_nordic__nrfx.a(nrfx_gpiote.c.obj)
 .text.release_handler
                0x0000000000009bca       0x56 modules/hal_nordic/modules/hal_nordic/nrfx/libmodules__hal_nordic__nrfx.a(nrfx_gpiote.c.obj)
 .text.pin_handler_trigger_uninit
                0x0000000000009c20       0x44 modules/hal_nordic/modules/hal_nordic/nrfx/libmodules__hal_nordic__nrfx.a(nrfx_gpiote.c.obj)
 .text.nrfy_gpiote_int_init
                0x0000000000009c64       0x54 modules/hal_nordic/modules/hal_nordic/nrfx/libmodules__hal_nordic__nrfx.a(nrfx_gpiote.c.obj)
 .text.gpiote_evt_handle
                0x0000000000009cb8       0x44 modules/hal_nordic/modules/hal_nordic/nrfx/libmodules__hal_nordic__nrfx.a(nrfx_gpiote.c.obj)
 .text.nrfx_gpiote_input_configure
                0x0000000000009cfc        0x8 modules/hal_nordic/modules/hal_nordic/nrfx/libmodules__hal_nordic__nrfx.a(nrfx_gpiote.c.obj)
                0x0000000000009cfc                nrfx_gpiote_input_configure
 .text.nrfx_gpiote_output_configure
                0x0000000000009d04        0x8 modules/hal_nordic/modules/hal_nordic/nrfx/libmodules__hal_nordic__nrfx.a(nrfx_gpiote.c.obj)
                0x0000000000009d04                nrfx_gpiote_output_configure
 .text.nrfx_gpiote_global_callback_set
                0x0000000000009d0c        0x8 modules/hal_nordic/modules/hal_nordic/nrfx/libmodules__hal_nordic__nrfx.a(nrfx_gpiote.c.obj)
                0x0000000000009d0c                nrfx_gpiote_global_callback_set
 .text.nrfx_gpiote_channel_get
                0x0000000000009d14        0x8 modules/hal_nordic/modules/hal_nordic/nrfx/libmodules__hal_nordic__nrfx.a(nrfx_gpiote.c.obj)
                0x0000000000009d14                nrfx_gpiote_channel_get
 .text.nrfx_gpiote_init
                0x0000000000009d1c        0x8 modules/hal_nordic/modules/hal_nordic/nrfx/libmodules__hal_nordic__nrfx.a(nrfx_gpiote.c.obj)
                0x0000000000009d1c                nrfx_gpiote_init
 .text.nrfx_gpiote_init_check
                0x0000000000009d24        0x8 modules/hal_nordic/modules/hal_nordic/nrfx/libmodules__hal_nordic__nrfx.a(nrfx_gpiote.c.obj)
                0x0000000000009d24                nrfx_gpiote_init_check
 .text.nrfx_gpiote_pin_uninit
                0x0000000000009d2c        0x8 modules/hal_nordic/modules/hal_nordic/nrfx/libmodules__hal_nordic__nrfx.a(nrfx_gpiote.c.obj)
                0x0000000000009d2c                nrfx_gpiote_pin_uninit
 .text.nrfx_gpiote_channel_free
                0x0000000000009d34        0x8 modules/hal_nordic/modules/hal_nordic/nrfx/libmodules__hal_nordic__nrfx.a(nrfx_gpiote.c.obj)
                0x0000000000009d34                nrfx_gpiote_channel_free
 .text.nrfx_gpiote_channel_alloc
                0x0000000000009d3c        0x8 modules/hal_nordic/modules/hal_nordic/nrfx/libmodules__hal_nordic__nrfx.a(nrfx_gpiote.c.obj)
                0x0000000000009d3c                nrfx_gpiote_channel_alloc
 .text.nrfx_gpiote_trigger_enable
                0x0000000000009d44        0x8 modules/hal_nordic/modules/hal_nordic/nrfx/libmodules__hal_nordic__nrfx.a(nrfx_gpiote.c.obj)
                0x0000000000009d44                nrfx_gpiote_trigger_enable
 .text.nrfx_gpiote_trigger_disable
                0x0000000000009d4c        0x8 modules/hal_nordic/modules/hal_nordic/nrfx/libmodules__hal_nordic__nrfx.a(nrfx_gpiote.c.obj)
                0x0000000000009d4c                nrfx_gpiote_trigger_disable
 .text.z_impl_k_busy_wait
                0x0000000000009d54        0xc zephyr/kernel/libkernel.a(busy_wait.c.obj)
                0x0000000000009d54                z_impl_k_busy_wait
 .text.z_impl_device_is_ready
                0x0000000000009d60       0x20 zephyr/kernel/libkernel.a(device.c.obj)
                0x0000000000009d60                z_impl_device_is_ready
 .text.arch_system_halt
                0x0000000000009d80       0x10 zephyr/kernel/libkernel.a(fatal.c.obj)
                0x0000000000009d80                arch_system_halt
 .text.do_device_init
                0x0000000000009d90       0x2e zephyr/kernel/libkernel.a(init.c.obj)
 .text.z_early_memset
                0x0000000000009dbe        0x8 zephyr/kernel/libkernel.a(init.c.obj)
                0x0000000000009dbe                z_early_memset
 .text.z_early_memcpy
                0x0000000000009dc6        0x8 zephyr/kernel/libkernel.a(init.c.obj)
                0x0000000000009dc6                z_early_memcpy
 .text.create_free_list
                0x0000000000009dce       0x36 zephyr/kernel/libkernel.a(mem_slab.c.obj)
 .text.slab_ptr_is_good
                0x0000000000009e04        0x4 zephyr/kernel/libkernel.a(mem_slab.c.obj)
 .text.k_mem_slab_init