Archive member included to satisfy reference by file (symbol)

app/libapp.a(main.cpp.obj)    (--whole-archive)
app/libapp.a(led.cpp.obj)     (--whole-archive)
zephyr/libzephyr.a(cpp_dtors.c.obj)
                              (--whole-archive)
zephyr/libzephyr.a(cpp_virtual.c.obj)
                              (--whole-archive)
zephyr/libzephyr.a(cpp_vtable.cpp.obj)
                              (--whole-archive)
zephyr/libzephyr.a(cpp_new.cpp.obj)
                              (--whole-archive)
zephyr/libzephyr.a(heap.c.obj)
                              (--whole-archive)
zephyr/libzephyr.a(cbprintf_packaged.c.obj)
                              (--whole-archive)
zephyr/libzephyr.a(printk.c.obj)
                              (--whole-archive)
zephyr/libzephyr.a(sem.c.obj)
                              (--whole-archive)
zephyr/libzephyr.a(thread_entry.c.obj)
                              (--whole-archive)
zephyr/libzephyr.a(cbprintf_complete.c.obj)
                              (--whole-archive)
zephyr/libzephyr.a(assert.c.obj)
                              (--whole-archive)
zephyr/libzephyr.a(mpsc_pbuf.c.obj)
                              (--whole-archive)
zephyr/libzephyr.a(dec.c.obj)
                              (--whole-archive)
zephyr/libzephyr.a(hex.c.obj)
                              (--whole-archive)
zephyr/libzephyr.a(rb.c.obj)  (--whole-archive)
zephyr/libzephyr.a(timeutil.c.obj)
                              (--whole-archive)
zephyr/libzephyr.a(bitarray.c.obj)
                              (--whole-archive)
zephyr/libzephyr.a(onoff.c.obj)
                              (--whole-archive)
zephyr/libzephyr.a(notify.c.obj)
                              (--whole-archive)
zephyr/libzephyr.a(ring_buffer.c.obj)
                              (--whole-archive)
zephyr/libzephyr.a(last_section_id.c.obj)
                              (--whole-archive)
zephyr/libzephyr.a(configs.c.obj)
                              (--whole-archive)
zephyr/libzephyr.a(log_core.c.obj)
                              (--whole-archive)
zephyr/libzephyr.a(log_mgmt.c.obj)
                              (--whole-archive)
zephyr/libzephyr.a(log_cache.c.obj)
                              (--whole-archive)
zephyr/libzephyr.a(log_msg.c.obj)
                              (--whole-archive)
zephyr/libzephyr.a(log_output.c.obj)
                              (--whole-archive)
zephyr/libzephyr.a(log_backend_uart.c.obj)
                              (--whole-archive)
zephyr/libzephyr.a(mem_attr.c.obj)
                              (--whole-archive)
zephyr/libzephyr.a(tracing_none.c.obj)
                              (--whole-archive)
zephyr/libzephyr.a(banner.c.obj)
                              (--whole-archive)
zephyr/libzephyr.a(flash_map_partition_manager.c.obj)
                              (--whole-archive)
zephyr/libzephyr.a(nrf_cc3xx_platform_abort_zephyr.c.obj)
                              (--whole-archive)
zephyr/libzephyr.a(nrf_cc3xx_platform_mutex_zephyr.c.obj)
                              (--whole-archive)
zephyr/arch/common/libarch__common.a(sw_isr_common.c.obj)
                              (--whole-archive)
zephyr/arch/arch/arm/core/libarch__arm__core.a(fatal.c.obj)
                              (--whole-archive)
zephyr/arch/arch/arm/core/libarch__arm__core.a(nmi.c.obj)
                              (--whole-archive)
zephyr/arch/arch/arm/core/libarch__arm__core.a(nmi_on_reset.S.obj)
                              (--whole-archive)
zephyr/arch/arch/arm/core/libarch__arm__core.a(__aeabi_atexit.c.obj)
                              (--whole-archive)
zephyr/arch/arch/arm/core/libarch__arm__core.a(tls.c.obj)
                              (--whole-archive)
zephyr/arch/arch/arm/core/cortex_m/libarch__arm__core__cortex_m.a(exc_exit.c.obj)
                              (--whole-archive)
zephyr/arch/arch/arm/core/cortex_m/libarch__arm__core__cortex_m.a(fault.c.obj)
                              (--whole-archive)
zephyr/arch/arch/arm/core/cortex_m/libarch__arm__core__cortex_m.a(fault_s.S.obj)
                              (--whole-archive)
zephyr/arch/arch/arm/core/cortex_m/libarch__arm__core__cortex_m.a(fpu.c.obj)
                              (--whole-archive)
zephyr/arch/arch/arm/core/cortex_m/libarch__arm__core__cortex_m.a(reset.S.obj)
                              (--whole-archive)
zephyr/arch/arch/arm/core/cortex_m/libarch__arm__core__cortex_m.a(scb.c.obj)
                              (--whole-archive)
zephyr/arch/arch/arm/core/cortex_m/libarch__arm__core__cortex_m.a(thread_abort.c.obj)
                              (--whole-archive)
zephyr/arch/arch/arm/core/cortex_m/libarch__arm__core__cortex_m.a(vector_table.S.obj)
                              (--whole-archive)
zephyr/arch/arch/arm/core/cortex_m/libarch__arm__core__cortex_m.a(swap_helper.S.obj)
                              (--whole-archive)
zephyr/arch/arch/arm/core/cortex_m/libarch__arm__core__cortex_m.a(irq_manage.c.obj)
                              (--whole-archive)
[...]
Memory Configuration

Name             Origin             Length             Attributes
FLASH            0x0000000000000000 0x0000000000100000 xr
RAM              0x0000000020000000 0x0000000000070000 xw
IDT_LIST         0x00000000ffff7fff 0x0000000000008000 xw
*default*        0x0000000000000000 0xffffffffffffffff

Linker script and memory map

                0x00000000000065a0                vfprintf = __l_vfprintf
                0x0000000000000000                vfscanf = __l_vfscanf
LOAD zephyr/CMakeFiles/zephyr_pre0.dir/misc/empty_file.c.obj
LOAD zephyr/CMakeFiles/offsets.dir/./arch/arm/core/offsets/offsets.c.obj
LOAD app/libapp.a
LOAD zephyr/libzephyr.a
LOAD zephyr/arch/common/libarch__common.a
LOAD zephyr/arch/arch/arm/core/libarch__arm__core.a
LOAD zephyr/arch/arch/arm/core/cortex_m/libarch__arm__core__cortex_m.a
LOAD zephyr/arch/arch/arm/core/cortex_m/cmse/libarch__arm__core__cortex_m__cmse.a
LOAD zephyr/arch/arch/arm/core/mpu/libarch__arm__core__mpu.a
LOAD zephyr/lib/libc/picolibc/liblib__libc__picolibc.a
LOAD zephyr/lib/libc/common/liblib__libc__common.a
LOAD zephyr/soc/soc/nrf5340/libsoc__nordic.a
LOAD zephyr/drivers/clock_control/libdrivers__clock_control.a
LOAD zephyr/drivers/console/libdrivers__console.a
LOAD zephyr/drivers/gpio/libdrivers__gpio.a
LOAD zephyr/drivers/pinctrl/libdrivers__pinctrl.a
LOAD zephyr/drivers/serial/libdrivers__serial.a
LOAD zephyr/drivers/timer/libdrivers__timer.a
LOAD modules/nrf/drivers/hw_cc3xx/lib..__nrf__drivers__hw_cc3xx.a
LOAD modules/hal_nordic/modules/hal_nordic/nrfx/libmodules__hal_nordic__nrfx.a
LOAD zephyr/kernel/libkernel.a
LOAD zephyr/arch/common/libisr_tables.a
LOAD /home/musman/ncs/nrfSDK/nrfxlib/crypto/nrf_cc312_platform/lib/cortex-m33/soft-float/no-interrupts/libnrf_cc312_platform_0.9.19.a
LOAD /home/musman/ncs/toolchains/b2ecd2435d/opt/zephyr-sdk/arm-zephyr-eabi/bin/../lib/gcc/../../picolibc/arm-zephyr-eabi/lib/thumb/v8-m.main/nofp/libc.a
LOAD /home/musman/ncs/toolchains/b2ecd2435d/opt/zephyr-sdk/arm-zephyr-eabi/bin/../lib/gcc/arm-zephyr-eabi/12.2.0/thumb/v8-m.main/nofp/libgcc.a
                0x0000000000000020                _region_min_align = 0x20

.rel.plt        0x0000000000000000        0x0
 *(SORT_BY_ALIGNMENT(.rel.plt))
                [!provide]                        PROVIDE (__rel_iplt_start = .)
 *(SORT_BY_ALIGNMENT(.rel.iplt))
 .rel.iplt      0x0000000000000000        0x0 app/libapp.a(main.cpp.obj)
                [!provide]                        PROVIDE (__rel_iplt_end = .)

.rela.plt       0x0000000000000000        0x0
 *(SORT_BY_ALIGNMENT(.rela.plt))
                [!provide]                        PROVIDE (__rela_iplt_start = .)
 *(SORT_BY_ALIGNMENT(.rela.iplt))
                [!provide]                        PROVIDE (__rela_iplt_end = .)

.rel.dyn
 *(SORT_BY_ALIGNMENT(.rel.*))

.rela.dyn
 *(SORT_BY_ALIGNMENT(.rela.*))

/DISCARD/
 *(SORT_BY_ALIGNMENT(.plt))

/DISCARD/
 *(SORT_BY_ALIGNMENT(.iplt))
                0x0000000000000000                __rom_region_start = 0x0

rom_start       0x0000000000000000      0x154
                0x0000000000000000                __rom_start_address = .
 FILL mask 0x00
                0x0000000000000000                . = (. + (0x0 - (. - __rom_start_address)))
                0x0000000000000000                . = ALIGN (0x4)
                0x0000000000000000                . = ALIGN (0x80)
                0x0000000000000000                . = ALIGN (0x200)
                0x0000000000000000                _vector_start = .
 *(SORT_BY_ALIGNMENT(.exc_vector_table))
 *(SORT_BY_ALIGNMENT(.exc_vector_table.*))
 .exc_vector_table._vector_table_section
                0x0000000000000000       0x40 zephyr/arch/arch/arm/core/cortex_m/libarch__arm__core__cortex_m.a(vector_table.S.obj)
                0x0000000000000000                _vector_table
 *(SORT_BY_ALIGNMENT(.vectors))
                0x0000000000000154                _vector_end = .
                0x0000000000000040                . = ALIGN (0x4)
 *(SORT_BY_ALIGNMENT(.gnu.linkonce.irq_vector_table*))
 .gnu.linkonce.irq_vector_table
                0x0000000000000040      0x114 zephyr/arch/common/libisr_tables.a(isr_tables.c.obj)
                0x0000000000000040                _irq_vector_table
                0x0000000000000154                _vector_end = .

text            0x0000000000000154     0x9604
                0x0000000000000154                __text_region_start = .
 *(SORT_BY_ALIGNMENT(.text))
 .text          0x0000000000000154       0x30 /home/musman/ncs/toolchains/b2ecd2435d/opt/zephyr-sdk/arm-zephyr-eabi/bin/../lib/gcc/arm-zephyr-eabi/12.2.0/thumb/v8-m.main/nofp/libgcc.a(_aeabi_uldivmod.o)
                0x0000000000000154                __aeabi_uldivmod
 .text          0x0000000000000184        0x4 /home/musman/ncs/toolchains/b2ecd2435d/opt/zephyr-sdk/arm-zephyr-eabi/bin/../lib/gcc/arm-zephyr-eabi/12.2.0/thumb/v8-m.main/nofp/libgcc.a(_dvmd_tls.o)
                0x0000000000000184                __aeabi_ldiv0
                0x0000000000000184                __aeabi_idiv0
 .text          0x0000000000000188       0x10 /home/musman/ncs/toolchains/b2ecd2435d/opt/zephyr-sdk/arm-zephyr-eabi/bin/../lib/gcc/../../picolibc/arm-zephyr-eabi/lib/thumb/v8-m.main/nofp/libc.a(strlen.S.o)
                0x0000000000000188                strlen
 .text          0x0000000000000198      0x29c /home/musman/ncs/toolchains/b2ecd2435d/opt/zephyr-sdk/arm-zephyr-eabi/bin/../lib/gcc/arm-zephyr-eabi/12.2.0/thumb/v8-m.main/nofp/libgcc.a(_udivmoddi4.o)
                0x0000000000000198                __udivmoddi4
 *(SORT_BY_ALIGNMENT(.text.*))
 .text._ZN3ledC2Eb
                0x0000000000000434       0x1c app/libapp.a(led.cpp.obj)
                0x0000000000000434                led::led(bool)
                0x0000000000000434                led::led(bool)
 .text.cbvprintf_package
                0x0000000000000450      0x4b4 zephyr/libzephyr.a(cbprintf_packaged.c.obj)
                0x0000000000000450                cbvprintf_package
 .text.cbprintf_package_convert
                0x0000000000000904      0x4c4 zephyr/libzephyr.a(cbprintf_packaged.c.obj)
                0x0000000000000904                cbprintf_package_convert
 .text.__printk_hook_install
                0x0000000000000dc8        0xc zephyr/libzephyr.a(printk.c.obj)
                0x0000000000000dc8                __printk_hook_install
 .text.z_thread_entry
                0x0000000000000dd4       0x34 zephyr/libzephyr.a(thread_entry.c.obj)
                0x0000000000000dd4                z_thread_entry
 .text.process_event
                0x0000000000000e08      0x16c zephyr/libzephyr.a(onoff.c.obj)
 .text.msg_process
                0x0000000000000f74       0x3c zephyr/libzephyr.a(log_core.c.obj)
 .text.log_backend_notify_all
                0x0000000000000fb0       0x30 zephyr/libzephyr.a(log_core.c.obj)
 .text.activate_foreach_backend
                0x0000000000000fe0       0x64 zephyr/libzephyr.a(log_core.c.obj)
 .text.z_log_init
                0x0000000000001044       0x8c zephyr/libzephyr.a(log_core.c.obj)
 .text.thread_set
                0x00000000000010d0       0x28 zephyr/libzephyr.a(log_core.c.obj)
 .text.log_process_thread_timer_expiry_fn
                0x00000000000010f8       0x10 zephyr/libzephyr.a(log_core.c.obj)
 .text.enable_logger
                0x0000000000001108       0x5c zephyr/libzephyr.a(log_core.c.obj)
 .text.log_format_func_t_get
                0x0000000000001164        0xc zephyr/libzephyr.a(log_core.c.obj)
                0x0000000000001164                log_format_func_t_get
 .text.log_set_timestamp_func
                0x0000000000001170       0x24 zephyr/libzephyr.a(log_core.c.obj)
                0x0000000000001170                log_set_timestamp_func
 .text.z_log_notify_backend_enabled
                0x0000000000001194       0x20 zephyr/libzephyr.a(log_core.c.obj)
                0x0000000000001194                z_log_notify_backend_enabled
 .text.z_log_dropped
                0x00000000000011b4       0x44 zephyr/libzephyr.a(log_core.c.obj)
                0x00000000000011b4                z_log_dropped
 .text.z_log_dropped_read_and_clear
                0x00000000000011f8       0x18 zephyr/libzephyr.a(log_core.c.obj)
                0x00000000000011f8                z_log_dropped_read_and_clear
 .text.dropped_notify
                0x0000000000001210       0x38 zephyr/libzephyr.a(log_core.c.obj)
                0x0000000000001210                dropped_notify
 .text.z_log_dropped_pending
                0x0000000000001248       0x14 zephyr/libzephyr.a(log_core.c.obj)
                0x0000000000001248                z_log_dropped_pending
 .text.z_log_msg_init
                0x000000000000125c       0x20 zephyr/libzephyr.a(log_core.c.obj)
                0x000000000000125c                z_log_msg_init
 .text.log_core_init
                0x000000000000127c       0x50 zephyr/libzephyr.a(log_core.c.obj)
                0x000000000000127c                log_core_init
 .text.z_log_msg_alloc
                0x00000000000012cc       0x10 zephyr/libzephyr.a(log_core.c.obj)
                0x00000000000012cc                z_log_msg_alloc
 .text.z_log_msg_local_claim
                0x00000000000012dc       0x10 zephyr/libzephyr.a(log_core.c.obj)
                0x00000000000012dc                z_log_msg_local_claim
 .text.z_log_msg_free
                0x00000000000012ec       0x14 zephyr/libzephyr.a(log_core.c.obj)
                0x00000000000012ec                z_log_msg_free
 .text.z_log_msg_pending
                0x0000000000001300       0x10 zephyr/libzephyr.a(log_core.c.obj)
                0x0000000000001300                z_log_msg_pending
 .text.z_impl_log_process
                0x0000000000001310       0xb4 zephyr/libzephyr.a(log_core.c.obj)
                0x0000000000001310                z_impl_log_process
 .text.z_impl_log_panic
                0x00000000000013c4       0x4c zephyr/libzephyr.a(log_core.c.obj)
                0x00000000000013c4                z_impl_log_panic
 .text.z_log_msg_post_finalize
                0x0000000000001410       0x7c zephyr/libzephyr.a(log_core.c.obj)
 .text.z_log_msg_commit
                0x000000000000148c       0x20 zephyr/libzephyr.a(log_core.c.obj)
                0x000000000000148c                z_log_msg_commit
 .text.log_process_thread_func
                0x00000000000014ac       0x78 zephyr/libzephyr.a(log_core.c.obj)
 .text.log_src_cnt_get
                0x0000000000001524       0x14 zephyr/libzephyr.a(log_mgmt.c.obj)
                0x0000000000001524                log_src_cnt_get
 .text.log_source_name_get
                0x0000000000001538       0x1c zephyr/libzephyr.a(log_mgmt.c.obj)
                0x0000000000001538                log_source_name_get
 .text.cbprintf_package_copy
                0x0000000000001554       0x30 zephyr/libzephyr.a(log_msg.c.obj)
 .text.z_impl_z_log_msg_static_create
                0x0000000000001584      0x158 zephyr/libzephyr.a(log_msg.c.obj)
                0x0000000000001584                z_impl_z_log_msg_static_create
 .text.z_log_msg_runtime_vcreate
                0x00000000000016dc       0xac zephyr/libzephyr.a(log_msg.c.obj)
                0x00000000000016dc                z_log_msg_runtime_vcreate
 .text.log_msg_get_source_id
                0x0000000000001788       0x18 zephyr/libzephyr.a(log_msg.c.obj)
                0x0000000000001788                log_msg_get_source_id
 .text.print_formatted
                0x00000000000017a0       0x24 zephyr/libzephyr.a(log_output.c.obj)
 .text.timestamp_print
                0x00000000000017c4       0x8c zephyr/libzephyr.a(log_output.c.obj)
 .text.color_print
                0x0000000000001850       0x2c zephyr/libzephyr.a(log_output.c.obj)
 .text.ids_print
                0x000000000000187c       0x70 zephyr/libzephyr.a(log_output.c.obj)
 .text.prefix_print
                0x00000000000018ec       0x88 zephyr/libzephyr.a(log_output.c.obj)
 .text.newline_print
                0x0000000000001974       0x28 zephyr/libzephyr.a(log_output.c.obj)
 .text.hexdump_line_print
                0x000000000000199c       0xc4 zephyr/libzephyr.a(log_output.c.obj)
 .text.log_output_process
                0x0000000000001a60       0x88 zephyr/libzephyr.a(log_output.c.obj)
                0x0000000000001a60                log_output_process
 .text.log_output_dropped_process
                0x0000000000001ae8       0x84 zephyr/libzephyr.a(log_output.c.obj)
                0x0000000000001ae8                log_output_dropped_process
 .text.log_output_timestamp_freq_set
                0x0000000000001b6c       0x2c zephyr/libzephyr.a(log_output.c.obj)
                0x0000000000001b6c                log_output_timestamp_freq_set
 .text.char_out
                0x0000000000001b98       0x24 zephyr/libzephyr.a(log_backend_uart.c.obj)
 .text.mem_attr_get_regions
                0x0000000000001bbc        0xc zephyr/libzephyr.a(mem_attr.c.obj)
                0x0000000000001bbc                mem_attr_get_regions
 .text.boot_banner
                0x0000000000001bc8       0x18 zephyr/libzephyr.a(banner.c.obj)
                0x0000000000001bc8                boot_banner
 .text.nrf_cc3xx_platform_abort_init
                0x0000000000001be0       0x10 zephyr/libzephyr.a(nrf_cc3xx_platform_abort_zephyr.c.obj)
                0x0000000000001be0                nrf_cc3xx_platform_abort_init
 .text.mutex_flags_unknown
                0x0000000000001bf0       0x50 zephyr/libzephyr.a(nrf_cc3xx_platform_mutex_zephyr.c.obj)
 .text.mutex_unlock_platform
                0x0000000000001c40       0x6c zephyr/libzephyr.a(nrf_cc3xx_platform_mutex_zephyr.c.obj)
 .text.mutex_lock_platform
                0x0000000000001cac       0x7c zephyr/libzephyr.a(nrf_cc3xx_platform_mutex_zephyr.c.obj)
 .text.mutex_free_platform
                0x0000000000001d28       0x5c zephyr/libzephyr.a(nrf_cc3xx_platform_mutex_zephyr.c.obj)
 .text.mutex_init_platform
                0x0000000000001d84       0x88 zephyr/libzephyr.a(nrf_cc3xx_platform_mutex_zephyr.c.obj)
 .text.nrf_cc3xx_platform_mutex_init
                0x0000000000001e0c       0x28 zephyr/libzephyr.a(nrf_cc3xx_platform_mutex_zephyr.c.obj)
                0x0000000000001e0c                nrf_cc3xx_platform_mutex_init
 .text.esf_dump
                0x0000000000001e34      0x160 zephyr/arch/arch/arm/core/libarch__arm__core.a(fatal.c.obj)
 .text.z_arm_fatal_error
                0x0000000000001f94       0x38 zephyr/arch/arch/arm/core/libarch__arm__core.a(fatal.c.obj)
                0x0000000000001f94                z_arm_fatal_error
 .text.z_SysNmiOnReset
                0x0000000000001fcc        0x8 zephyr/arch/arch/arm/core/libarch__arm__core.a(nmi_on_reset.S.obj)
                0x0000000000001fcc                z_SysNmiOnReset
 .text.z_tls_copy
                0x0000000000001fd4       0x28 zephyr/arch/arch/arm/core/libarch__arm__core.a(tls.c.obj)
 .text.arch_tls_stack_setup
                0x0000000000001ffc       0x24 zephyr/arch/arch/arm/core/libarch__arm__core.a(tls.c.obj)
                0x0000000000001ffc                arch_tls_stack_setup
 .text._HandlerModeExit
                0x0000000000002020       0x20 zephyr/arch/arch/arm/core/cortex_m/libarch__arm__core__cortex_m.a(exc_exit.c.obj)
                0x0000000000002020                z_arm_exc_exit
                0x0000000000002020                z_arm_int_exit
 .text.z_arm_is_synchronous_svc
                0x0000000000002040       0x3c zephyr/arch/arch/arm/core/cortex_m/libarch__arm__core__cortex_m.a(fault.c.obj)
 .text.get_esf  0x000000000000207c       0x48 zephyr/arch/arch/arm/core/cortex_m/libarch__arm__core__cortex_m.a(fault.c.obj)
 .text.usage_fault
                0x00000000000020c4       0xf0 zephyr/arch/arch/arm/core/cortex_m/libarch__arm__core__cortex_m.a(fault.c.obj)
 .text.debug_monitor
                0x00000000000021b4       0x1c zephyr/arch/arch/arm/core/cortex_m/libarch__arm__core__cortex_m.a(fault.c.obj)
 .text.reserved_exception
                0x00000000000021d0       0xd8 zephyr/arch/arch/arm/core/cortex_m/libarch__arm__core__cortex_m.a(fault.c.obj)
 .text.mem_manage_fault
                0x00000000000022a8      0x114 zephyr/arch/arch/arm/core/cortex_m/libarch__arm__core__cortex_m.a(fault.c.obj)
 .text.bus_fault
                0x00000000000023bc      0x110 zephyr/arch/arch/arm/core/cortex_m/libarch__arm__core__cortex_m.a(fault.c.obj)
 .text.hard_fault
                0x00000000000024cc       0xd0 zephyr/arch/arch/arm/core/cortex_m/libarch__arm__core__cortex_m.a(fault.c.obj)
 .text.z_arm_fault
                0x000000000000259c       0x88 zephyr/arch/arch/arm/core/cortex_m/libarch__arm__core__cortex_m.a(fault.c.obj)
                0x000000000000259c                z_arm_fault
 .text.z_arm_fault_init
                0x0000000000002624       0x20 zephyr/arch/arch/arm/core/cortex_m/libarch__arm__core__cortex_m.a(fault.c.obj)
                0x0000000000002624                z_arm_fault_init
 .text.__fault  0x0000000000002644       0x14 zephyr/arch/arch/arm/core/cortex_m/libarch__arm__core__cortex_m.a(fault_s.S.obj)
                0x0000000000002644                z_arm_bus_fault
                0x0000000000002644                z_arm_usage_fault
                0x0000000000002644                z_arm_mpu_fault
                0x0000000000002644                z_arm_exc_spurious
                0x0000000000002644                z_arm_debug_monitor
                0x0000000000002644                z_arm_hard_fault
 .text._reset_section
                0x0000000000002658       0x60 zephyr/arch/arch/arm/core/cortex_m/libarch__arm__core__cortex_m.a(reset.S.obj)
                0x0000000000002658                z_arm_reset
                0x0000000000002658                __start
 .text.z_arm_clear_arm_mpu_config
                0x00000000000026b8       0x28 zephyr/arch/arch/arm/core/cortex_m/libarch__arm__core__cortex_m.a(scb.c.obj)
                0x00000000000026b8                z_arm_clear_arm_mpu_config
 .text.z_arm_init_arch_hw_at_boot
                0x00000000000026e0       0x54 zephyr/arch/arch/arm/core/cortex_m/libarch__arm__core__cortex_m.a(scb.c.obj)
                0x00000000000026e0                z_arm_init_arch_hw_at_boot
 .text.z_impl_k_thread_abort
                0x0000000000002734       0x34 zephyr/arch/arch/arm/core/cortex_m/libarch__arm__core__cortex_m.a(thread_abort.c.obj)
                0x0000000000002734                z_impl_k_thread_abort
 .text.z_arm_pendsv
                0x0000000000002768       0x60 zephyr/arch/arch/arm/core/cortex_m/libarch__arm__core__cortex_m.a(swap_helper.S.obj)
                0x0000000000002768                z_arm_pendsv
 .text.z_arm_svc
                0x00000000000027c8       0x24 zephyr/arch/arch/arm/core/cortex_m/libarch__arm__core__cortex_m.a(swap_helper.S.obj)
                0x00000000000027c8                z_arm_svc
 .text.__NVIC_EnableIRQ
                0x00000000000027ec       0x1c zephyr/arch/arch/arm/core/cortex_m/libarch__arm__core__cortex_m.a(irq_manage.c.obj)
 .text.__NVIC_SetPriority
                0x0000000000002808       0x28 zephyr/arch/arch/arm/core/cortex_m/libarch__arm__core__cortex_m.a(irq_manage.c.obj)
 .text.arm_irq_is_enabled
                0x0000000000002830       0x1c zephyr/arch/arch/arm/core/cortex_m/libarch__arm__core__cortex_m.a(irq_manage.c.obj)
                0x0000000000002830                arm_irq_is_enabled
 .text.relocate_vector_table
                0x000000000000284c       0x1c zephyr/arch/arch/arm/core/cortex_m/libarch__arm__core__cortex_m.a(prep_c.c.obj)
                0x000000000000284c                relocate_vector_table
 .text.z_prep_c
                0x0000000000002868       0x28 zephyr/arch/arch/arm/core/cortex_m/libarch__arm__core__cortex_m.a(prep_c.c.obj)
                0x0000000000002868                z_prep_c
 .text.arch_new_thread
                0x0000000000002890       0x40 zephyr/arch/arch/arm/core/cortex_m/libarch__arm__core__cortex_m.a(thread.c.obj)
                0x0000000000002890                arch_new_thread
 .text.arch_switch_to_main_thread
                0x00000000000028d0       0x40 zephyr/arch/arch/arm/core/cortex_m/libarch__arm__core__cortex_m.a(thread.c.obj)
                0x00000000000028d0                arch_switch_to_main_thread
 .text.z_arm_cpu_idle_init
                0x0000000000002910        0xc zephyr/arch/arch/arm/core/cortex_m/libarch__arm__core__cortex_m.a(cpu_idle.c.obj)
                0x0000000000002910                z_arm_cpu_idle_init
 .text.z_arm_interrupt_init
                0x000000000000291c       0x34 zephyr/arch/arch/arm/core/cortex_m/libarch__arm__core__cortex_m.a(irq_init.c.obj)
                0x000000000000291c                z_arm_interrupt_init
 .text._isr_wrapper
                0x0000000000002950       0x20 zephyr/arch/arch/arm/core/cortex_m/libarch__arm__core__cortex_m.a(isr_wrapper.c.obj)
                0x0000000000002950                _isr_wrapper
 .text.z_arm_configure_static_mpu_regions
                0x0000000000002970       0x40 zephyr/arch/arch/arm/core/mpu/libarch__arm__core__mpu.a(arm_core_mpu.c.obj)
                0x0000000000002970                z_arm_configure_static_mpu_regions
 .text.mpu_init
                0x00000000000029b0       0x14 zephyr/arch/arch/arm/core/mpu/libarch__arm__core__mpu.a(arm_mpu.c.obj)
 .text.mpu_set_region
                0x00000000000029c4       0x14 zephyr/arch/arch/arm/core/mpu/libarch__arm__core__mpu.a(arm_mpu.c.obj)
 .text.mpu_region_get_conf
                0x00000000000029d8       0x40 zephyr/arch/arch/arm/core/mpu/libarch__arm__core__mpu.a(arm_mpu.c.obj)
 .text.mpu_mark_areas_for_dynamic_regions
                0x0000000000002a18       0x60 zephyr/arch/arch/arm/core/mpu/libarch__arm__core__mpu.a(arm_mpu.c.obj)
 .text.region_allocate_and_init
                0x0000000000002a78       0x3c zephyr/arch/arch/arm/core/mpu/libarch__arm__core__mpu.a(arm_mpu.c.obj)
 .text.mpu_configure_regions_and_partition
                0x0000000000002ab4      0x1ac zephyr/arch/arch/arm/core/mpu/libarch__arm__core__mpu.a(arm_mpu.c.obj)
 .text.mpu_configure_static_mpu_regions
                0x0000000000002c60       0x14 zephyr/arch/arch/arm/core/mpu/libarch__arm__core__mpu.a(arm_mpu.c.obj)
 .text.arm_core_mpu_enable
                0x0000000000002c74       0x18 zephyr/arch/arch/arm/core/mpu/libarch__arm__core__mpu.a(arm_mpu.c.obj)
                0x0000000000002c74                arm_core_mpu_enable
 .text.arm_core_mpu_disable
                0x0000000000002c8c       0x14 zephyr/arch/arch/arm/core/mpu/libarch__arm__core__mpu.a(arm_mpu.c.obj)
                0x0000000000002c8c                arm_core_mpu_disable
 .text.z_arm_mpu_init
                0x0000000000002ca0       0x80 zephyr/arch/arch/arm/core/mpu/libarch__arm__core__mpu.a(arm_mpu.c.obj)
                0x0000000000002ca0                z_arm_mpu_init
 .text.cbvprintf
                0x0000000000002d20       0x34 zephyr/lib/libc/picolibc/liblib__libc__picolibc.a(cbprintf.c.obj)
                0x0000000000002d20                cbvprintf
 .text.z_impl_zephyr_fputc
                0x0000000000002d54       0x10 zephyr/lib/libc/picolibc/liblib__libc__picolibc.a(stdio.c.obj)
                0x0000000000002d54                z_impl_zephyr_fputc
 .text.__stdout_hook_install
                0x0000000000002d64       0x18 zephyr/lib/libc/picolibc/liblib__libc__picolibc.a(stdio.c.obj)
                0x0000000000002d64                __stdout_hook_install
 .text.malloc_prepare
                0x0000000000002d7c       0x24 zephyr/lib/libc/common/liblib__libc__common.a(malloc.c.obj)
 .text.nrfx_coredep_delay_us
                0x0000000000002da0       0x2c zephyr/soc/soc/nrf5340/libsoc__nordic.a(soc.c.obj)
 .text.nrf53_anomaly_160_check
                0x0000000000002dcc       0x7c zephyr/soc/soc/nrf5340/libsoc__nordic.a(soc.c.obj)
 .text.rtc_pretick_cpuapp_init
                0x0000000000002e48       0x64 zephyr/soc/soc/nrf5340/libsoc__nordic.a(soc.c.obj)
 .text.soc_early_init_hook
                0x0000000000002eac       0x54 zephyr/soc/soc/nrf5340/libsoc__nordic.a(soc.c.obj)
                0x0000000000002eac                soc_early_init_hook
 .text.nrf_gpio_pin_control_select
                0x0000000000002f00       0x34 zephyr/soc/soc/nrf5340/libsoc__nordic.a(nrf53_cpunet_mgmt.c.obj)
 .text.assign_pins
                0x0000000000002f34       0x20 zephyr/soc/soc/nrf5340/libsoc__nordic.a(nrf53_cpunet_mgmt.c.obj)
 .text.nrf53_cpunet_mgmt_init
                0x0000000000002f54       0x14 zephyr/soc/soc/nrf5340/libsoc__nordic.a(nrf53_cpunet_mgmt.c.obj)
                0x0000000000002f54                nrf53_cpunet_mgmt_init
 .text.get_hf_flags
                0x0000000000002f68        0x8 zephyr/drivers/clock_control/libdrivers__clock_control.a(clock_control_nrf.c.obj)
 .text.get_subsys
                0x0000000000002f70        0xc zephyr/drivers/clock_control/libdrivers__clock_control.a(clock_control_nrf.c.obj)
 .text.onoff_stop
                0x0000000000002f7c       0x20 zephyr/drivers/clock_control/libdrivers__clock_control.a(clock_control_nrf.c.obj)
 .text.onoff_start
                0x0000000000002f9c       0x34 zephyr/drivers/clock_control/libdrivers__clock_control.a(clock_control_nrf.c.obj)
 .text.clock_event_handler
                0x0000000000002fd0       0x50 zephyr/drivers/clock_control/libdrivers__clock_control.a(clock_control_nrf.c.obj)
 .text.generic_hfclk_start
                0x0000000000003020       0x70 zephyr/drivers/clock_control/libdrivers__clock_control.a(clock_control_nrf.c.obj)
 .text.generic_hfclk_stop
                0x0000000000003090       0x34 zephyr/drivers/clock_control/libdrivers__clock_control.a(clock_control_nrf.c.obj)
 .text.lfclk_spinwait
                0x00000000000030c4       0xd8 zephyr/drivers/clock_control/libdrivers__clock_control.a(clock_control_nrf.c.obj)
 .text.api_blocking_start
                0x000000000000319c       0x38 zephyr/drivers/clock_control/libdrivers__clock_control.a(clock_control_nrf.c.obj)
 .text.clk_init
                0x00000000000031d4       0x60 zephyr/drivers/clock_control/libdrivers__clock_control.a(clock_control_nrf.c.obj)
 .text.z_nrf_clock_control_lf_on
                0x0000000000003234       0x4c zephyr/drivers/clock_control/libdrivers__clock_control.a(clock_control_nrf.c.obj)
                0x0000000000003234                z_nrf_clock_control_lf_on
 .text.console_out
                0x0000000000003280       0x28 zephyr/drivers/console/libdrivers__console.a(uart_console.c.obj)
 .text.uart_console_hook_install
                0x00000000000032a8       0x18 zephyr/drivers/console/libdrivers__console.a(uart_console.c.obj)
 .text.uart_console_init
                0x00000000000032c0       0x1c zephyr/drivers/console/libdrivers__console.a(uart_console.c.obj)
 .text.nrf_gpio_reconfigure
                0x00000000000032dc       0xc0 zephyr/drivers/gpio/libdrivers__gpio.a(gpio_nrfx.c.obj)
 .text.nrf_gpio_pin_dir_get
                0x000000000000339c       0x2c zephyr/drivers/gpio/libdrivers__gpio.a(gpio_nrfx.c.obj)
 .text.get_dev  0x00000000000033c8       0x1c zephyr/drivers/gpio/libdrivers__gpio.a(gpio_nrfx.c.obj)
 .text.gpio_nrfx_pin_interrupt_configure
                0x00000000000033e4      0x100 zephyr/drivers/gpio/libdrivers__gpio.a(gpio_nrfx.c.obj)
 .text.gpio_nrfx_pin_configure
                0x00000000000034e4      0x1b4 zephyr/drivers/gpio/libdrivers__gpio.a(gpio_nrfx.c.obj)
 .text.gpio_nrfx_init
                0x0000000000003698       0x5c zephyr/drivers/gpio/libdrivers__gpio.a(gpio_nrfx.c.obj)
 .text.nrf_gpio_cfg
                0x00000000000036f4       0x54 zephyr/drivers/pinctrl/libdrivers__pinctrl.a(pinctrl_nrf.c.obj)
 .text.nrf_gpio_pin_set
                0x0000000000003748       0x28 zephyr/drivers/pinctrl/libdrivers__pinctrl.a(pinctrl_nrf.c.obj)
 .text.nrf_gpio_pin_clear
                0x0000000000003770       0x28 zephyr/drivers/pinctrl/libdrivers__pinctrl.a(pinctrl_nrf.c.obj)
 .text.pinctrl_configure_pins
                0x0000000000003798      0x274 zephyr/drivers/pinctrl/libdrivers__pinctrl.a(pinctrl_nrf.c.obj)
                0x0000000000003798                pinctrl_configure_pins
 .text.uarte_nrfx_poll_out
                0x0000000000003a0c       0x68 zephyr/drivers/serial/libdrivers__serial.a(uart_nrfx_uarte.c.obj)
 .text.endtx_stoptx_ppi_init
                0x0000000000003a74       0x4c zephyr/drivers/serial/libdrivers__serial.a(uart_nrfx_uarte.c.obj)
 .text.uarte_instance_init
                0x0000000000003ac0       0x44 zephyr/drivers/serial/libdrivers__serial.a(uart_nrfx_uarte.c.obj)
 .text.set_comparator
                0x0000000000003b04       0x14 zephyr/drivers/timer/libdrivers__timer.a(nrf_rtc_timer.c.obj)
 .text.event_enable
                0x0000000000003b18       0x14 zephyr/drivers/timer/libdrivers__timer.a(nrf_rtc_timer.c.obj)
 .text.event_disable
                0x0000000000003b2c       0x14 zephyr/drivers/timer/libdrivers__timer.a(nrf_rtc_timer.c.obj)
 .text.counter  0x0000000000003b40        0xc zephyr/drivers/timer/libdrivers__timer.a(nrf_rtc_timer.c.obj)
 .text.set_alarm
                0x0000000000003b4c       0x88 zephyr/drivers/timer/libdrivers__timer.a(nrf_rtc_timer.c.obj)
 .text.int_event_disable_rtc
                0x0000000000003bd4       0x18 zephyr/drivers/timer/libdrivers__timer.a(nrf_rtc_timer.c.obj)
 .text.compare_int_lock
                0x0000000000003bec       0x44 zephyr/drivers/timer/libdrivers__timer.a(nrf_rtc_timer.c.obj)
 .text.channel_processing_check_and_clear
                0x0000000000003c30       0x58 zephyr/drivers/timer/libdrivers__timer.a(nrf_rtc_timer.c.obj)
 .text.compare_int_unlock
                0x0000000000003c88       0x50 zephyr/drivers/timer/libdrivers__timer.a(nrf_rtc_timer.c.obj)
 .text.sys_clock_timeout_handler
                0x0000000000003cd8       0x50 zephyr/drivers/timer/libdrivers__timer.a(nrf_rtc_timer.c.obj)
 .text.z_nrf_rtc_timer_read
                0x0000000000003d28       0x40 zephyr/drivers/timer/libdrivers__timer.a(nrf_rtc_timer.c.obj)
                0x0000000000003d28                z_nrf_rtc_timer_read
 .text.compare_set_nolocks
                0x0000000000003d68       0xa4 zephyr/drivers/timer/libdrivers__timer.a(nrf_rtc_timer.c.obj)
 .text.sys_clock_driver_init
                0x0000000000003e0c       0x9c zephyr/drivers/timer/libdrivers__timer.a(nrf_rtc_timer.c.obj)
 .text.process_channel
                0x0000000000003ea8       0x7c zephyr/drivers/timer/libdrivers__timer.a(nrf_rtc_timer.c.obj)
 .text.rtc_nrf_isr
                0x0000000000003f24       0x40 zephyr/drivers/timer/libdrivers__timer.a(nrf_rtc_timer.c.obj)
                0x0000000000003f24                rtc_nrf_isr
 .text.sys_clock_set_timeout
                0x0000000000003f64       0x74 zephyr/drivers/timer/libdrivers__timer.a(nrf_rtc_timer.c.obj)
                0x0000000000003f64                sys_clock_set_timeout
 .text.sys_clock_elapsed
                0x0000000000003fd8       0x14 zephyr/drivers/timer/libdrivers__timer.a(nrf_rtc_timer.c.obj)
                0x0000000000003fd8                sys_clock_elapsed
 .text.SystemInit
                0x0000000000003fec      0x1a0 modules/hal_nordic/modules/hal_nordic/nrfx/libmodules__hal_nordic__nrfx.a(system_nrf5340_application.c.obj)
                0x0000000000003fec                SystemInit
 .text.nrfx_flag32_alloc
                0x000000000000418c       0x40 modules/hal_nordic/modules/hal_nordic/nrfx/libmodules__hal_nordic__nrfx.a(nrfx_flag32_allocator.c.obj)
                0x000000000000418c                nrfx_flag32_alloc
 .text.nrfx_flag32_free
                0x00000000000041cc       0x3c modules/hal_nordic/modules/hal_nordic/nrfx/libmodules__hal_nordic__nrfx.a(nrfx_flag32_allocator.c.obj)
                0x00000000000041cc                nrfx_flag32_free
 .text.nrfx_gppi_channels_enable
                0x0000000000004208        0xc modules/hal_nordic/modules/hal_nordic/nrfx/libmodules__hal_nordic__nrfx.a(nrfx_gppi_dppi.c.obj)
                0x0000000000004208                nrfx_gppi_channels_enable
 .text.nrfx_gppi_channel_alloc
                0x0000000000004214       0x10 modules/hal_nordic/modules/hal_nordic/nrfx/libmodules__hal_nordic__nrfx.a(nrfx_gppi_dppi.c.obj)
                0x0000000000004214                nrfx_gppi_channel_alloc
 .text.nrfx_clock_init
                0x0000000000004224       0x24 modules/hal_nordic/modules/hal_nordic/nrfx/libmodules__hal_nordic__nrfx.a(nrfx_clock.c.obj)
                0x0000000000004224                nrfx_clock_init
 .text.nrfx_clock_enable
                0x0000000000004248       0x28 modules/hal_nordic/modules/hal_nordic/nrfx/libmodules__hal_nordic__nrfx.a(nrfx_clock.c.obj)
                0x0000000000004248                nrfx_clock_enable
 .text.nrfx_clock_start
                0x0000000000004270      0x104 modules/hal_nordic/modules/hal_nordic/nrfx/libmodules__hal_nordic__nrfx.a(nrfx_clock.c.obj)
                0x0000000000004270                nrfx_clock_start
 .text.nrfx_power_clock_irq_handler
                0x0000000000004374       0x78 modules/hal_nordic/modules/hal_nordic/nrfx/libmodules__hal_nordic__nrfx.a(nrfx_clock.c.obj)
                0x0000000000004374                nrfx_power_clock_irq_handler
 .text.dppi_channel_alloc
                0x00000000000043ec       0x14 modules/hal_nordic/modules/hal_nordic/nrfx/libmodules__hal_nordic__nrfx.a(nrfx_dppi.c.obj)
 .text.nrf_gpio_cfg
                0x0000000000004400       0x54 modules/hal_nordic/modules/hal_nordic/nrfx/libmodules__hal_nordic__nrfx.a(nrfx_gpiote.c.obj)
 .text.nrf_gpio_reconfigure
                0x0000000000004454       0xc0 modules/hal_nordic/modules/hal_nordic/nrfx/libmodules__hal_nordic__nrfx.a(nrfx_gpiote.c.obj)
 .text.nrf_gpio_pin_read
                0x0000000000004514       0x28 modules/hal_nordic/modules/hal_nordic/nrfx/libmodules__hal_nordic__nrfx.a(nrfx_gpiote.c.obj)
 .text.nrf_gpio_pin_sense_get
                0x000000000000453c       0x2c modules/hal_nordic/modules/hal_nordic/nrfx/libmodules__hal_nordic__nrfx.a(nrfx_gpiote.c.obj)
 .text.nrf_gpio_latches_read_and_clear
                0x0000000000004568       0x40 modules/hal_nordic/modules/hal_nordic/nrfx/libmodules__hal_nordic__nrfx.a(nrfx_gpiote.c.obj)
 .text.nrf_gpio_pin_latch_clear
                0x00000000000045a8       0x28 modules/hal_nordic/modules/hal_nordic/nrfx/libmodules__hal_nordic__nrfx.a(nrfx_gpiote.c.obj)
 .text.get_pin_idx
                0x00000000000045d0       0x14 modules/hal_nordic/modules/hal_nordic/nrfx/libmodules__hal_nordic__nrfx.a(nrfx_gpiote.c.obj)
 .text.get_cb   0x00000000000045e4        0x8 modules/hal_nordic/modules/hal_nordic/nrfx/libmodules__hal_nordic__nrfx.a(nrfx_gpiote.c.obj)
 .text.get_config
                0x00000000000045ec        0x8 modules/hal_nordic/modules/hal_nordic/nrfx/libmodules__hal_nordic__nrfx.a(nrfx_gpiote.c.obj)
 .text.gpiote_output_configure
                0x00000000000045f4       0xfc modules/hal_nordic/modules/hal_nordic/nrfx/libmodules__hal_nordic__nrfx.a(nrfx_gpiote.c.obj)
 .text.gpiote_channel_get
                0x00000000000046f0       0x38 modules/hal_nordic/modules/hal_nordic/nrfx/libmodules__hal_nordic__nrfx.a(nrfx_gpiote.c.obj)
 .text.latch_pending_read_and_check
                0x0000000000004728       0x50 modules/hal_nordic/modules/hal_nordic/nrfx/libmodules__hal_nordic__nrfx.a(nrfx_gpiote.c.obj)
 .text.pin_channel_alloc
                0x0000000000004778       0x14 modules/hal_nordic/modules/hal_nordic/nrfx/libmodules__hal_nordic__nrfx.a(nrfx_gpiote.c.obj)
 .text.pin_handler_set
                0x000000000000478c       0x88 modules/hal_nordic/modules/hal_nordic/nrfx/libmodules__hal_nordic__nrfx.a(nrfx_gpiote.c.obj)
 .text.gpiote_input_configure
                0x0000000000004814      0x160 modules/hal_nordic/modules/hal_nordic/nrfx/libmodules__hal_nordic__nrfx.a(nrfx_gpiote.c.obj)
 .text.pin_uninit
                0x0000000000004974       0x34 modules/hal_nordic/modules/hal_nordic/nrfx/libmodules__hal_nordic__nrfx.a(nrfx_gpiote.c.obj)
 .text.pin_channel_free
                0x00000000000049a8       0x14 modules/hal_nordic/modules/hal_nordic/nrfx/libmodules__hal_nordic__nrfx.a(nrfx_gpiote.c.obj)
 .text.gpiote_init
                0x00000000000049bc       0x54 modules/hal_nordic/modules/hal_nordic/nrfx/libmodules__hal_nordic__nrfx.a(nrfx_gpiote.c.obj)
 .text.port_event_handle
                0x0000000000004a10       0xc8 modules/hal_nordic/modules/hal_nordic/nrfx/libmodules__hal_nordic__nrfx.a(nrfx_gpiote.c.obj)
 .text.irq_handler
                0x0000000000004ad8       0x54 modules/hal_nordic/modules/hal_nordic/nrfx/libmodules__hal_nordic__nrfx.a(nrfx_gpiote.c.obj)
 .text.nrfx_gpiote_0_irq_handler
                0x0000000000004b2c       0x14 modules/hal_nordic/modules/hal_nordic/nrfx/libmodules__hal_nordic__nrfx.a(nrfx_gpiote.c.obj)
                0x0000000000004b2c                nrfx_gpiote_0_irq_handler
 .text.z_device_state_init
                0x0000000000004b40       0x18 zephyr/kernel/libkernel.a(device.c.obj)
                0x0000000000004b40                z_device_state_init
 .text.reason_to_str
                0x0000000000004b58       0x40 zephyr/kernel/libkernel.a(fatal.c.obj)
 .text.thread_name_get
                0x0000000000004b98       0x20 zephyr/kernel/libkernel.a(fatal.c.obj)
 .text.k_sys_fatal_error_handler
                0x0000000000004bb8       0x20 zephyr/kernel/libkernel.a(fatal.c.obj)
                0x0000000000004bb8                k_sys_fatal_error_handler
 .text.z_fatal_error
                0x0000000000004bd8      0x1f4 zephyr/kernel/libkernel.a(fatal.c.obj)
                0x0000000000004bd8                z_fatal_error
 .text.z_sys_init_run_level
                0x0000000000004dcc       0x38 zephyr/kernel/libkernel.a(init.c.obj)
 .text.z_static_init_gnu
                0x0000000000004e04       0x20 zephyr/kernel/libkernel.a(init.c.obj)
 .text.init_idle_thread
                0x0000000000004e24       0x54 zephyr/kernel/libkernel.a(init.c.obj)
 .text.thread_schedule_new
                0x0000000000004e78       0x1c zephyr/kernel/libkernel.a(init.c.obj)
 .text.z_init_static_threads
                0x0000000000004e94       0x70 zephyr/kernel/libkernel.a(init.c.obj)
 .text.bg_thread_main
                0x0000000000004f04       0x3c zephyr/kernel/libkernel.a(init.c.obj)
 .text.switch_to_main_thread
                0x0000000000004f40       0x14 zephyr/kernel/libkernel.a(init.c.obj)
 .text.z_bss_zero
                0x0000000000004f54       0x18 zephyr/kernel/libkernel.a(init.c.obj)
                0x0000000000004f54                z_bss_zero
 .text.z_init_cpu
                0x0000000000004f6c       0x40 zephyr/kernel/libkernel.a(init.c.obj)
                0x0000000000004f6c                z_init_cpu
 .text.prepare_multithreading
                0x0000000000004fac       0x60 zephyr/kernel/libkernel.a(init.c.obj)
 .text.z_cstart
                0x000000000000500c       0x84 zephyr/kernel/libkernel.a(init.c.obj)
                0x000000000000500c                z_cstart
 .text.init_mem_slab_obj_core_list
                0x0000000000005090       0x24 zephyr/kernel/libkernel.a(mem_slab.c.obj)
 .text.k_mem_slab_alloc
                0x00000000000050b4       0x64 zephyr/kernel/libkernel.a(mem_slab.c.obj)
                0x00000000000050b4                k_mem_slab_alloc
 .text.z_impl_k_mutex_lock
                0x0000000000005118      0x100 zephyr/kernel/libkernel.a(mutex.c.obj)
                0x0000000000005118                z_impl_k_mutex_lock
 .text.z_impl_k_mutex_unlock
                0x0000000000005218       0xac zephyr/kernel/libkernel.a(mutex.c.obj)
                0x0000000000005218                z_impl_k_mutex_unlock
 .text.z_impl_k_sem_give
                0x00000000000052c4       0x84 zephyr/kernel/libkernel.a(sem.c.obj)
                0x00000000000052c4                z_impl_k_sem_give
 .text.z_impl_k_sem_take
                0x0000000000005348       0x50 zephyr/kernel/libkernel.a(sem.c.obj)
                0x0000000000005348                z_impl_k_sem_take
 .text.thread_schedule_new
                0x0000000000005398       0x1c zephyr/kernel/libkernel.a(thread.c.obj)
 .text.z_setup_new_thread
                0x00000000000053b4       0x60 zephyr/kernel/libkernel.a(thread.c.obj)
                0x00000000000053b4                z_setup_new_thread
 .text.z_dummy_thread_init
                0x0000000000005414       0x18 zephyr/kernel/libkernel.a(thread.c.obj)
                0x0000000000005414                z_dummy_thread_init
 .text.z_swap_irqlock
                0x000000000000542c       0x30 zephyr/kernel/libkernel.a(sched.c.obj)
 .text.ready_thread
                0x000000000000545c       0xb4 zephyr/kernel/libkernel.a(sched.c.obj)
 .text.unready_thread
                0x0000000000005510       0x68 zephyr/kernel/libkernel.a(sched.c.obj)
 .text.thread_halt_spin
                0x0000000000005578      0x108 zephyr/kernel/libkernel.a(sched.c.obj)
 .text.add_thread_timeout
                0x0000000000005680       0x20 zephyr/kernel/libkernel.a(sched.c.obj)
 .text.move_thread_to_end_of_prio_q
                0x00000000000056a0       0xc8 zephyr/kernel/libkernel.a(sched.c.obj)
                0x00000000000056a0                move_thread_to_end_of_prio_q
 .text.z_pend_curr
                0x0000000000005768       0x38 zephyr/kernel/libkernel.a(sched.c.obj)
                0x0000000000005768                z_pend_curr
 .text.z_thread_prio_set
                0x00000000000057a0      0x14c zephyr/kernel/libkernel.a(sched.c.obj)
                0x00000000000057a0                z_thread_prio_set
 .text.z_reschedule
                0x00000000000058ec       0x2c zephyr/kernel/libkernel.a(sched.c.obj)
                0x00000000000058ec                z_reschedule
 .text.z_reschedule_irqlock
                0x0000000000005918       0x2c zephyr/kernel/libkernel.a(sched.c.obj)
                0x0000000000005918                z_reschedule_irqlock
 .text.k_sched_lock
                0x0000000000005944       0x30 zephyr/kernel/libkernel.a(sched.c.obj)
                0x0000000000005944                k_sched_lock
 .text.k_sched_unlock
                0x0000000000005974       0x70 zephyr/kernel/libkernel.a(sched.c.obj)
                0x0000000000005974                k_sched_unlock
 .text.z_sched_init
                0x00000000000059e4       0x10 zephyr/kernel/libkernel.a(sched.c.obj)
                0x00000000000059e4                z_sched_init
 .text.z_impl_k_yield
                0x00000000000059f4       0xa0 zephyr/kernel/libkernel.a(sched.c.obj)
                0x00000000000059f4                z_impl_k_yield
 .text.z_tick_sleep
                0x0000000000005a94       0x7c zephyr/kernel/libkernel.a(sched.c.obj)
 .text.z_impl_k_wakeup
                0x0000000000005b10       0x48 zephyr/kernel/libkernel.a(sched.c.obj)
                0x0000000000005b10                z_impl_k_wakeup
 .text.z_impl_k_sched_current_thread_query
                0x0000000000005b58        0xc zephyr/kernel/libkernel.a(sched.c.obj)
                0x0000000000005b58                z_impl_k_sched_current_thread_query
 .text.z_thread_abort
                0x0000000000005b64      0x160 zephyr/kernel/libkernel.a(sched.c.obj)
                0x0000000000005b64                z_thread_abort
 .text.slice_timeout
                0x0000000000005cc4       0x20 zephyr/kernel/libkernel.a(timeslicing.c.obj)
 .text.thread_is_sliceable
                0x0000000000005ce4       0x4c zephyr/kernel/libkernel.a(timeslicing.c.obj)
                0x0000000000005ce4                thread_is_sliceable
 .text.z_reset_time_slice
                0x0000000000005d30       0x50 zephyr/kernel/libkernel.a(timeslicing.c.obj)
                0x0000000000005d30                z_reset_time_slice
 .text.z_time_slice
                0x0000000000005d80       0x70 zephyr/kernel/libkernel.a(timeslicing.c.obj)
                0x0000000000005d80                z_time_slice
 .text.z_data_copy
                0x0000000000005df0       0x34 zephyr/kernel/libkernel.a(xip.c.obj)
                0x0000000000005df0                z_data_copy
 .text.first    0x0000000000005e24       0x14 zephyr/kernel/libkernel.a(timeout.c.obj)
 .text.next     0x0000000000005e38       0x18 zephyr/kernel/libkernel.a(timeout.c.obj)
 .text.elapsed  0x0000000000005e50       0x18 zephyr/kernel/libkernel.a(timeout.c.obj)
 .text.z_add_timeout
                0x0000000000005e68      0x144 zephyr/kernel/libkernel.a(timeout.c.obj)
                0x0000000000005e68                z_add_timeout
 .text.sys_clock_announce
                0x0000000000005fac       0xc4 zephyr/kernel/libkernel.a(timeout.c.obj)
                0x0000000000005fac                sys_clock_announce
 .text.sys_clock_tick_get
                0x0000000000006070       0x40 zephyr/kernel/libkernel.a(timeout.c.obj)
                0x0000000000006070                sys_clock_tick_get
 .text.z_timer_expiration_handler
                0x00000000000060b0       0xf4 zephyr/kernel/libkernel.a(timer.c.obj)
                0x00000000000060b0                z_timer_expiration_handler
 .text.z_impl_k_timer_start
                0x00000000000061a4       0x80 zephyr/kernel/libkernel.a(timer.c.obj)
                0x00000000000061a4                z_impl_k_timer_start
 .text.nrf_cc3xx_platform_init_no_rng
                0x0000000000006224       0x38 /home/musman/ncs/nrfSDK/nrfxlib/crypto/nrf_cc312_platform/lib/cortex-m33/soft-float/no-interrupts/libnrf_cc312_platform_0.9.19.a(nrf_cc3xx_platform.c.obj)
                0x0000000000006224                nrf_cc3xx_platform_init_no_rng
 .text.nrf_cc3xx_platform_abort
                0x000000000000625c       0x24 /home/musman/ncs/nrfSDK/nrfxlib/crypto/nrf_cc312_platform/lib/cortex-m33/soft-float/no-interrupts/libnrf_cc312_platform_0.9.19.a(nrf_cc3xx_platform_abort.c.obj)
 .text.CC_PalAbort
                0x0000000000006280       0x44 /home/musman/ncs/nrfSDK/nrfxlib/crypto/nrf_cc312_platform/lib/cortex-m33/soft-float/no-interrupts/libnrf_cc312_platform_0.9.19.a(nrf_cc3xx_platform_abort.c.obj)
                0x0000000000006280                CC_PalAbort
 .text.nrf_cc3xx_platform_set_abort
                0x00000000000062c4       0x10 /home/musman/ncs/nrfSDK/nrfxlib/crypto/nrf_cc312_platform/lib/cortex-m33/soft-float/no-interrupts/libnrf_cc312_platform_0.9.19.a(nrf_cc3xx_platform_abort.c.obj)
                0x00000000000062c4                nrf_cc3xx_platform_set_abort
 .text.mutex_free
                0x00000000000062d4       0x34 /home/musman/ncs/nrfSDK/nrfxlib/crypto/nrf_cc312_platform/lib/cortex-m33/soft-float/no-interrupts/libnrf_cc312_platform_0.9.19.a(nrf_cc3xx_platform_mutex.c.obj)
 .text.mutex_lock
                0x0000000000006308       0x48 /home/musman/ncs/nrfSDK/nrfxlib/crypto/nrf_cc312_platform/lib/cortex-m33/soft-float/no-interrupts/libnrf_cc312_platform_0.9.19.a(nrf_cc3xx_platform_mutex.c.obj)
 .text.mutex_unlock
                0x0000000000006350       0x38 /home/musman/ncs/nrfSDK/nrfxlib/crypto/nrf_cc312_platform/lib/cortex-m33/soft-float/no-interrupts/libnrf_cc312_platform_0.9.19.a(nrf_cc3xx_platform_mutex.c.obj)
 .text.mutex_init
                0x0000000000006388       0x20 /home/musman/ncs/nrfSDK/nrfxlib/crypto/nrf_cc312_platform/lib/cortex-m33/soft-float/no-interrupts/libnrf_cc312_platform_0.9.19.a(nrf_cc3xx_platform_mutex.c.obj)
 .text.nrf_cc3xx_platform_set_mutexes
                0x00000000000063a8       0x78 /home/musman/ncs/nrfSDK/nrfxlib/crypto/nrf_cc312_platform/lib/cortex-m33/soft-float/no-interrupts/libnrf_cc312_platform_0.9.19.a(nrf_cc3xx_platform_mutex.c.obj)
                0x00000000000063a8                nrf_cc3xx_platform_set_mutexes
 .text.CC_LibInitNoRng
                0x0000000000006420       0x28 /home/musman/ncs/nrfSDK/nrfxlib/crypto/nrf_cc312_platform/lib/cortex-m33/soft-float/no-interrupts/libnrf_cc312_platform_0.9.19.a(cc_lib.c.obj)
                0x0000000000006420                CC_LibInitNoRng
 .text.CC_HalInit
                0x0000000000006448        0x4 /home/musman/ncs/nrfSDK/nrfxlib/crypto/nrf_cc312_platform/lib/cortex-m33/soft-float/no-interrupts/libnrf_cc312_platform_0.9.19.a(cc_hal.c.obj)
                0x0000000000006448                CC_HalInit
 .text.CC_PalInit
                0x000000000000644c       0x5c /home/musman/ncs/nrfSDK/nrfxlib/crypto/nrf_cc312_platform/lib/cortex-m33/soft-float/no-interrupts/libnrf_cc312_platform_0.9.19.a(cc_pal.c.obj)
                0x000000000000644c                CC_PalInit
 .text.CC_PalTerminate
                0x00000000000064a8       0x34 /home/musman/ncs/nrfSDK/nrfxlib/crypto/nrf_cc312_platform/lib/cortex-m33/soft-float/no-interrupts/libnrf_cc312_platform_0.9.19.a(cc_pal.c.obj)
                0x00000000000064a8                CC_PalTerminate
 .text.CC_PalDmaInit
                0x00000000000064dc        0x4 /home/musman/ncs/nrfSDK/nrfxlib/crypto/nrf_cc312_platform/lib/cortex-m33/soft-float/no-interrupts/libnrf_cc312_platform_0.9.19.a(cc_pal_dma.c.obj)
                0x00000000000064dc                CC_PalDmaInit
 .text.CC_PalDmaTerminate
                0x00000000000064e0        0x4 /home/musman/ncs/nrfSDK/nrfxlib/crypto/nrf_cc312_platform/lib/cortex-m33/soft-float/no-interrupts/libnrf_cc312_platform_0.9.19.a(cc_pal_dma.c.obj)
                0x00000000000064e0                CC_PalDmaTerminate
 .text.CC_PalMutexCreate
                0x00000000000064e4       0x14 /home/musman/ncs/nrfSDK/nrfxlib/crypto/nrf_cc312_platform/lib/cortex-m33/soft-float/no-interrupts/libnrf_cc312_platform_0.9.19.a(cc_pal_mutex.c.obj)
                0x00000000000064e4                CC_PalMutexCreate
 .text.CC_PalMutexDestroy
                0x00000000000064f8       0x14 /home/musman/ncs/nrfSDK/nrfxlib/crypto/nrf_cc312_platform/lib/cortex-m33/soft-float/no-interrupts/libnrf_cc312_platform_0.9.19.a(cc_pal_mutex.c.obj)
                0x00000000000064f8                CC_PalMutexDestroy
 .text.CC_PalPowerSaveModeInit
                0x000000000000650c       0x3c /home/musman/ncs/nrfSDK/nrfxlib/crypto/nrf_cc312_platform/lib/cortex-m33/soft-float/no-interrupts/libnrf_cc312_platform_0.9.19.a(cc_pal_pm.c.obj)
                0x000000000000650c                CC_PalPowerSaveModeInit
 .text.snprintf
                0x0000000000006548       0x58 /home/musman/ncs/toolchains/b2ecd2435d/opt/zephyr-sdk/arm-zephyr-eabi/bin/../lib/gcc/../../picolibc/arm-zephyr-eabi/lib/thumb/v8-m.main/nofp/libc.a(libc_tinystdio_snprintf.c.o)
                0x0000000000006548                snprintf
 .text.__l_vfprintf
                0x00000000000065a0      0x4b4 /home/musman/ncs/toolchains/b2ecd2435d/opt/zephyr-sdk/arm-zephyr-eabi/bin/../lib/gcc/../../picolibc/arm-zephyr-eabi/lib/thumb/v8-m.main/nofp/libc.a(libc_tinystdio_vflprintf.c.o)
                0x00000000000065a0                __l_vfprintf
 .text._OffsetAbsSyms
                0x0000000000006a54        0x2 zephyr/CMakeFiles/offsets.dir/./arch/arm/core/offsets/offsets.c.obj
                0x0000000000006a54                _OffsetAbsSyms
 .text.k_msleep
                0x0000000000006a56       0x2c app/libapp.a(main.cpp.obj)
 .text.main     0x0000000000006a82       0x30 app/libapp.a(main.cpp.obj)
                0x0000000000006a82                main
 .text.z_impl_gpio_pin_configure
                0x0000000000006ab2       0x50 app/libapp.a(led.cpp.obj)
 .text.gpio_pin_configure_dt
                0x0000000000006b02       0x16 app/libapp.a(led.cpp.obj)
 .text.gpio_pin_set_raw
                0x0000000000006b18       0x20 app/libapp.a(led.cpp.obj)
 .text.gpio_pin_set
                0x0000000000006b38       0x1a app/libapp.a(led.cpp.obj)
 .text._ZN3led8led_initEv
                0x0000000000006b52       0x28 app/libapp.a(led.cpp.obj)
                0x0000000000006b52                led::led_init()
 .text._ZN3led6led_onEv
                0x0000000000006b7a        0xe app/libapp.a(led.cpp.obj)
                0x0000000000006b7a                led::led_on()
 .text._ZN3led7led_offEv
                0x0000000000006b88        0xe app/libapp.a(led.cpp.obj)
                0x0000000000006b88                led::led_off()
 .text.set_chunk_used
                0x0000000000006b96       0x38 zephyr/libzephyr.a(heap.c.obj)
 .text.free_list_add_bidx
                0x0000000000006bce       0xa4 zephyr/libzephyr.a(heap.c.obj)
 .text.free_list_add
                0x0000000000006c72       0x52 zephyr/libzephyr.a(heap.c.obj)
 .text.sys_heap_init
                0x0000000000006cc4       0xfc zephyr/libzephyr.a(heap.c.obj)
                0x0000000000006cc4                sys_heap_init
 .text.cbprintf_via_va_list
                0x0000000000006dc0        0xe zephyr/libzephyr.a(cbprintf_packaged.c.obj)
 .text.is_fmt_spec
                0x0000000000006dce        0xe zephyr/libzephyr.a(cbprintf_packaged.c.obj)
 .text.get_package_len
                0x0000000000006ddc       0x2a zephyr/libzephyr.a(cbprintf_packaged.c.obj)
 .text.append_string
                0x0000000000006e06       0x2c zephyr/libzephyr.a(cbprintf_packaged.c.obj)
 .text.cbpprintf_external
                0x0000000000006e32       0x60 zephyr/libzephyr.a(cbprintf_packaged.c.obj)
                0x0000000000006e32                cbpprintf_external
 .text.is_ptr   0x0000000000006e92       0x4e zephyr/libzephyr.a(cbprintf_packaged.c.obj)
                0x0000000000006e92                is_ptr
 .text.arch_printk_char_out
                0x0000000000006ee0        0x4 zephyr/libzephyr.a(printk.c.obj)
                0x0000000000006ee0                arch_printk_char_out
 .text.vprintk  0x0000000000006ee4        0x8 zephyr/libzephyr.a(printk.c.obj)
                0x0000000000006ee4                vprintk
 .text.printk   0x0000000000006eec       0x1c zephyr/libzephyr.a(printk.c.obj)
                0x0000000000006eec                printk
 .text.free_space
                0x0000000000006f08       0x28 zephyr/libzephyr.a(mpsc_pbuf.c.obj)
 .text.available
                0x0000000000006f30       0x24 zephyr/libzephyr.a(mpsc_pbuf.c.obj)
 .text.get_usage
                0x0000000000006f54       0x24 zephyr/libzephyr.a(mpsc_pbuf.c.obj)
 .text.max_utilization_update
                0x0000000000006f78       0x26 zephyr/libzephyr.a(mpsc_pbuf.c.obj)
 .text.rd_idx_inc
                0x0000000000006f9e       0x26 zephyr/libzephyr.a(mpsc_pbuf.c.obj)
 .text.add_skip_item
                0x0000000000006fc4       0x66 zephyr/libzephyr.a(mpsc_pbuf.c.obj)
 .text.drop_item_locked
                0x000000000000702a      0x12e zephyr/libzephyr.a(mpsc_pbuf.c.obj)
 .text.post_drop_action
                0x0000000000007158       0x62 zephyr/libzephyr.a(mpsc_pbuf.c.obj)
 .text.mpsc_pbuf_init
                0x00000000000071ba       0x42 zephyr/libzephyr.a(mpsc_pbuf.c.obj)
                0x00000000000071ba                mpsc_pbuf_init
 .text.mpsc_pbuf_alloc
                0x00000000000071fc      0x134 zephyr/libzephyr.a(mpsc_pbuf.c.obj)
                0x00000000000071fc                mpsc_pbuf_alloc
 .text.mpsc_pbuf_commit
                0x0000000000007330       0x50 zephyr/libzephyr.a(mpsc_pbuf.c.obj)
                0x0000000000007330                mpsc_pbuf_commit
 .text.mpsc_pbuf_claim
                0x0000000000007380       0xd0 zephyr/libzephyr.a(mpsc_pbuf.c.obj)
                0x0000000000007380                mpsc_pbuf_claim
 .text.mpsc_pbuf_free
                0x0000000000007450       0x88 zephyr/libzephyr.a(mpsc_pbuf.c.obj)
                0x0000000000007450                mpsc_pbuf_free
 .text.mpsc_pbuf_is_pending
                0x00000000000074d8       0x2c zephyr/libzephyr.a(mpsc_pbuf.c.obj)
                0x00000000000074d8                mpsc_pbuf_is_pending
 .text.set_state
                0x0000000000007504       0x10 zephyr/libzephyr.a(onoff.c.obj)
 .text.notify_monitors
                0x0000000000007514       0x44 zephyr/libzephyr.a(onoff.c.obj)
 .text.process_recheck
                0x0000000000007558       0x32 zephyr/libzephyr.a(onoff.c.obj)
 .text.process_complete
                0x000000000000758a       0xa2 zephyr/libzephyr.a(onoff.c.obj)
 .text.validate_args
                0x000000000000762c       0x2a zephyr/libzephyr.a(onoff.c.obj)
 .text.notify_one
                0x0000000000007656       0x26 zephyr/libzephyr.a(onoff.c.obj)
 .text.notify_all
                0x000000000000767c       0x2e zephyr/libzephyr.a(onoff.c.obj)
 .text.transition_complete
                0x00000000000076aa       0x1c zephyr/libzephyr.a(onoff.c.obj)
 .text.onoff_manager_init
                0x00000000000076c6       0x38 zephyr/libzephyr.a(onoff.c.obj)
                0x00000000000076c6                onoff_manager_init
 .text.onoff_request
                0x00000000000076fe       0xbe zephyr/libzephyr.a(onoff.c.obj)
                0x00000000000076fe                onoff_request
 .text.sys_notify_validate
                0x00000000000077bc       0x2e zephyr/libzephyr.a(notify.c.obj)
                0x00000000000077bc                sys_notify_validate
 .text.sys_notify_finalize
                0x00000000000077ea       0x1a zephyr/libzephyr.a(notify.c.obj)
                0x00000000000077ea                sys_notify_finalize
 .text._ConfigAbsSyms
                0x0000000000007804        0x2 zephyr/libzephyr.a(configs.c.obj)
                0x0000000000007804                _ConfigAbsSyms
 .text.log_msg_generic_get_wlen
                0x0000000000007806       0x20 zephyr/libzephyr.a(log_core.c.obj)
 .text.log_backend_init
                0x0000000000007826       0x14 zephyr/libzephyr.a(log_core.c.obj)
 .text.dummy_timestamp
                0x000000000000783a        0x4 zephyr/libzephyr.a(log_core.c.obj)
 .text.msg_filter_check
                0x000000000000783e        0x4 zephyr/libzephyr.a(log_core.c.obj)
 .text.default_get_timestamp
                0x0000000000007842        0x8 zephyr/libzephyr.a(log_core.c.obj)
 .text.k_msleep
                0x000000000000784a       0x2c zephyr/libzephyr.a(log_core.c.obj)
 .text.msg_alloc
                0x0000000000007876        0xc zephyr/libzephyr.a(log_core.c.obj)
 .text.msg_free
                0x0000000000007882        0x8 zephyr/libzephyr.a(log_core.c.obj)
 .text.msg_pending
                0x000000000000788a        0x8 zephyr/libzephyr.a(log_core.c.obj)
 .text.z_log_vprintk
                0x0000000000007892       0x1e zephyr/libzephyr.a(log_core.c.obj)
                0x0000000000007892                z_log_vprintk
 .text.z_log_notify_drop
                0x00000000000078b0        0xa zephyr/libzephyr.a(log_core.c.obj)
 .text.z_log_msg_claim
                0x00000000000078ba        0x8 zephyr/libzephyr.a(log_core.c.obj)
                0x00000000000078ba                z_log_msg_claim
 .text.msg_commit
                0x00000000000078c2        0xc zephyr/libzephyr.a(log_core.c.obj)
 .text.z_log_get_tag
                0x00000000000078ce        0x4 zephyr/libzephyr.a(log_core.c.obj)
                0x00000000000078ce                z_log_get_tag
 .text.log_backend_enable
                0x00000000000078d2       0x16 zephyr/libzephyr.a(log_mgmt.c.obj)
                0x00000000000078d2                log_backend_enable
 .text.z_cbprintf_cpy
                0x00000000000078e8       0x2c zephyr/libzephyr.a(log_msg.c.obj)
 .text.z_log_msg_finalize
                0x0000000000007914       0x2e zephyr/libzephyr.a(log_msg.c.obj)
                0x0000000000007914                z_log_msg_finalize
 .text.z_log_msg_simple_create
                0x0000000000007942       0x62 zephyr/libzephyr.a(log_msg.c.obj)
 .text.z_impl_z_log_msg_simple_create_0
                0x00000000000079a4       0x14 zephyr/libzephyr.a(log_msg.c.obj)
                0x00000000000079a4                z_impl_z_log_msg_simple_create_0
 .text.z_impl_z_log_msg_simple_create_1
                0x00000000000079b8       0x16 zephyr/libzephyr.a(log_msg.c.obj)
                0x00000000000079b8                z_impl_z_log_msg_simple_create_1
 .text.z_log_msg_static_create
                0x00000000000079ce        0x8 zephyr/libzephyr.a(log_msg.c.obj)
 .text.log_output_flush
                0x00000000000079d6       0x2e zephyr/libzephyr.a(log_output.c.obj)
 .text.out_func
                0x0000000000007a04       0x30 zephyr/libzephyr.a(log_output.c.obj)
 .text.cr_out_func
                0x0000000000007a34       0x1e zephyr/libzephyr.a(log_output.c.obj)
 .text.color_prefix
                0x0000000000007a52        0xc zephyr/libzephyr.a(log_output.c.obj)
 .text.color_postfix
                0x0000000000007a5e        0xc zephyr/libzephyr.a(log_output.c.obj)
 .text.postfix_print
                0x0000000000007a6a       0x18 zephyr/libzephyr.a(log_output.c.obj)
 .text.log_msg_hexdump
                0x0000000000007a82       0x36 zephyr/libzephyr.a(log_output.c.obj)
 .text.log_output_msg_process
                0x0000000000007ab8       0x66 zephyr/libzephyr.a(log_output.c.obj)
                0x0000000000007ab8                log_output_msg_process
 .text.log_output_flush
                0x0000000000007b1e       0x2e zephyr/libzephyr.a(log_backend_uart.c.obj)
 .text.format_set
                0x0000000000007b4c        0xc zephyr/libzephyr.a(log_backend_uart.c.obj)
 .text.log_backend_uart_init
                0x0000000000007b58        0xc zephyr/libzephyr.a(log_backend_uart.c.obj)
 .text.panic    0x0000000000007b64       0x14 zephyr/libzephyr.a(log_backend_uart.c.obj)
 .text.dropped  0x0000000000007b78        0xe zephyr/libzephyr.a(log_backend_uart.c.obj)
 .text.process  0x0000000000007b86       0x1c zephyr/libzephyr.a(log_backend_uart.c.obj)
 .text.abort_function
                0x0000000000007ba2        0x2 zephyr/libzephyr.a(nrf_cc3xx_platform_abort_zephyr.c.obj)
 .text.z_do_kernel_oops
                0x0000000000007ba4        0xc zephyr/arch/arch/arm/core/libarch__arm__core.a(fatal.c.obj)
                0x0000000000007ba4                z_do_kernel_oops
 .text.z_arm_nmi
                0x0000000000007bb0        0xc zephyr/arch/arch/arm/core/libarch__arm__core.a(nmi.c.obj)
                0x0000000000007bb0                z_arm_nmi
 .text.memory_fault_recoverable
                0x0000000000007bbc        0x4 zephyr/arch/arch/arm/core/cortex_m/libarch__arm__core__cortex_m.a(fault.c.obj)
 .text.fault_handle
                0x0000000000007bc0       0x4a zephyr/arch/arch/arm/core/cortex_m/libarch__arm__core__cortex_m.a(fault.c.obj)
 .text.arm_irq_enable
                0x0000000000007c0a        0xa zephyr/arch/arch/arm/core/cortex_m/libarch__arm__core__cortex_m.a(irq_manage.c.obj)
                0x0000000000007c0a                arm_irq_enable
 .text.arm_irq_priority_set
                0x0000000000007c14        0xc zephyr/arch/arch/arm/core/cortex_m/libarch__arm__core__cortex_m.a(irq_manage.c.obj)
                0x0000000000007c14                arm_irq_priority_set
 .text.z_irq_spurious
                0x0000000000007c20        0xc zephyr/arch/arch/arm/core/cortex_m/libarch__arm__core__cortex_m.a(irq_manage.c.obj)
                0x0000000000007c20                z_irq_spurious
 .text.configure_builtin_stack_guard
                0x0000000000007c2c        0x8 zephyr/arch/arch/arm/core/cortex_m/libarch__arm__core__cortex_m.a(thread.c.obj)
                0x0000000000007c2c                configure_builtin_stack_guard
 .text.arch_irq_unlock_outlined
                0x0000000000007c34        0xe zephyr/arch/arch/arm/core/cortex_m/libarch__arm__core__cortex_m.a(thread.c.obj)
                0x0000000000007c34                arch_irq_unlock_outlined
 .text.arch_cpu_idle
                0x0000000000007c42       0x32 zephyr/arch/arch/arm/core/cortex_m/libarch__arm__core__cortex_m.a(cpu_idle.c.obj)
                0x0000000000007c42                arch_cpu_idle
 .text.arch_cpu_atomic_idle
                0x0000000000007c74       0x38 zephyr/arch/arch/arm/core/cortex_m/libarch__arm__core__cortex_m.a(cpu_idle.c.obj)
                0x0000000000007c74                arch_cpu_atomic_idle
 .text.arm_cmse_mpu_region_get
                0x0000000000007cac       0x14 zephyr/arch/arch/arm/core/cortex_m/cmse/libarch__arm__core__cortex_m__cmse.a(arm_core_cmse.c.obj)
                0x0000000000007cac                arm_cmse_mpu_region_get
 .text.region_init
                0x0000000000007cc0       0x28 zephyr/arch/arch/arm/core/mpu/libarch__arm__core__mpu.a(arm_mpu.c.obj)
 .text.mpu_partition_is_valid
                0x0000000000007ce8       0x24 zephyr/arch/arch/arm/core/mpu/libarch__arm__core__mpu.a(arm_mpu.c.obj)
 .text.get_region_index
                0x0000000000007d0c       0x22 zephyr/arch/arch/arm/core/mpu/libarch__arm__core__mpu.a(arm_mpu.c.obj)
 .text.mpu_configure_region
                0x0000000000007d2e       0x3e zephyr/arch/arch/arm/core/mpu/libarch__arm__core__mpu.a(arm_mpu.c.obj)
 .text.mpu_configure_regions_from_dt
                0x0000000000007d6c       0xec zephyr/arch/arch/arm/core/mpu/libarch__arm__core__mpu.a(arm_mpu.c.obj)
 .text.arm_core_mpu_configure_static_mpu_regions
                0x0000000000007e58        0x8 zephyr/arch/arch/arm/core/mpu/libarch__arm__core__mpu.a(arm_mpu.c.obj)
                0x0000000000007e58                arm_core_mpu_configure_static_mpu_regions
 .text.arm_core_mpu_mark_areas_for_dynamic_regions
                0x0000000000007e60        0x8 zephyr/arch/arch/arm/core/mpu/libarch__arm__core__mpu.a(arm_mpu.c.obj)
                0x0000000000007e60                arm_core_mpu_mark_areas_for_dynamic_regions
 .text.cbputc   0x0000000000007e68        0xc zephyr/lib/libc/picolibc/liblib__libc__picolibc.a(cbprintf.c.obj)
 .text.picolibc_put
                0x0000000000007e74        0xa zephyr/lib/libc/picolibc/liblib__libc__picolibc.a(stdio.c.obj)
 .text.rtc_pretick_init
                0x0000000000007e7e        0x8 zephyr/soc/soc/nrf5340/libsoc__nordic.a(soc.c.obj)
 .text.z_arm_on_enter_cpu_idle
                0x0000000000007e86        0x8 zephyr/soc/soc/nrf5340/libsoc__nordic.a(soc.c.obj)
                0x0000000000007e86                z_arm_on_enter_cpu_idle
 .text.soc_late_init_hook
                0x0000000000007e8e        0x8 zephyr/soc/soc/nrf5340/libsoc__nordic.a(soc.c.obj)
                0x0000000000007e8e                soc_late_init_hook
 .text.arch_busy_wait
                0x0000000000007e96        0x8 zephyr/soc/soc/nrf5340/libsoc__nordic.a(soc.c.obj)
                0x0000000000007e96                arch_busy_wait
 .text.nrf53_errata_161
                0x0000000000007e9e       0x28 zephyr/soc/soc/nrf5340/libsoc__nordic.a(nrf53_cpunet_mgmt.c.obj)
 .text.onoff_stop
                0x0000000000007ec6       0x1e zephyr/soc/soc/nrf5340/libsoc__nordic.a(nrf53_cpunet_mgmt.c.obj)
 .text.nrf_reset_network_force_off
                0x0000000000007ee4       0x42 zephyr/soc/soc/nrf5340/libsoc__nordic.a(nrf53_cpunet_mgmt.c.obj)
 .text.onoff_start
                0x0000000000007f26       0x1e zephyr/soc/soc/nrf5340/libsoc__nordic.a(nrf53_cpunet_mgmt.c.obj)
 .text.nrf_clock_is_running
                0x0000000000007f44       0x5e zephyr/drivers/clock_control/libdrivers__clock_control.a(clock_control_nrf.c.obj)
 .text.get_sub_data
                0x0000000000007fa2        0xe zephyr/drivers/clock_control/libdrivers__clock_control.a(clock_control_nrf.c.obj)
 .text.get_sub_config
                0x0000000000007fb0        0xc zephyr/drivers/clock_control/libdrivers__clock_control.a(clock_control_nrf.c.obj)
 .text.get_onoff_manager
                0x0000000000007fbc        0x8 zephyr/drivers/clock_control/libdrivers__clock_control.a(clock_control_nrf.c.obj)
 .text.get_status
                0x0000000000007fc4       0x10 zephyr/drivers/clock_control/libdrivers__clock_control.a(clock_control_nrf.c.obj)
 .text.set_off_state
                0x0000000000007fd4       0x30 zephyr/drivers/clock_control/libdrivers__clock_control.a(clock_control_nrf.c.obj)
 .text.set_starting_state
                0x0000000000008004       0x3a zephyr/drivers/clock_control/libdrivers__clock_control.a(clock_control_nrf.c.obj)
 .text.set_on_state
                0x000000000000803e       0x24 zephyr/drivers/clock_control/libdrivers__clock_control.a(clock_control_nrf.c.obj)
 .text.clkstarted_handle
                0x0000000000008062       0x24 zephyr/drivers/clock_control/libdrivers__clock_control.a(clock_control_nrf.c.obj)
 .text.stop     0x0000000000008086       0x2a zephyr/drivers/clock_control/libdrivers__clock_control.a(clock_control_nrf.c.obj)
 .text.api_stop
                0x00000000000080b0        0xa zephyr/drivers/clock_control/libdrivers__clock_control.a(clock_control_nrf.c.obj)
 .text.async_start
                0x00000000000080ba       0x38 zephyr/drivers/clock_control/libdrivers__clock_control.a(clock_control_nrf.c.obj)
 .text.api_start
                0x00000000000080f2       0x10 zephyr/drivers/clock_control/libdrivers__clock_control.a(clock_control_nrf.c.obj)
 .text.onoff_started_callback
                0x0000000000008102       0x10 zephyr/drivers/clock_control/libdrivers__clock_control.a(clock_control_nrf.c.obj)
 .text.hfclk_start
                0x0000000000008112        0xa zephyr/drivers/clock_control/libdrivers__clock_control.a(clock_control_nrf.c.obj)
 .text.hfclkaudio_start
                0x000000000000811c        0xa zephyr/drivers/clock_control/libdrivers__clock_control.a(clock_control_nrf.c.obj)
 .text.hfclk192m_start
                0x0000000000008126        0xa zephyr/drivers/clock_control/libdrivers__clock_control.a(clock_control_nrf.c.obj)
 .text.lfclk_start
                0x0000000000008130        0xa zephyr/drivers/clock_control/libdrivers__clock_control.a(clock_control_nrf.c.obj)
 .text.hfclk_stop
                0x000000000000813a        0xa zephyr/drivers/clock_control/libdrivers__clock_control.a(clock_control_nrf.c.obj)
 .text.hfclkaudio_stop
                0x0000000000008144        0xa zephyr/drivers/clock_control/libdrivers__clock_control.a(clock_control_nrf.c.obj)
 .text.hfclk192m_stop
                0x000000000000814e        0xa zephyr/drivers/clock_control/libdrivers__clock_control.a(clock_control_nrf.c.obj)
 .text.lfclk_stop
                0x0000000000008158        0xa zephyr/drivers/clock_control/libdrivers__clock_control.a(clock_control_nrf.c.obj)
 .text.k_msleep
                0x0000000000008162       0x2c zephyr/drivers/clock_control/libdrivers__clock_control.a(clock_control_nrf.c.obj)
 .text.blocking_start_callback
                0x000000000000818e        0xa zephyr/drivers/clock_control/libdrivers__clock_control.a(clock_control_nrf.c.obj)
 .text.sys_slist_remove
                0x0000000000008198       0x26 zephyr/drivers/gpio/libdrivers__gpio.a(gpio_nrfx.c.obj)
 .text.sys_slist_find_and_remove
                0x00000000000081be       0x20 zephyr/drivers/gpio/libdrivers__gpio.a(gpio_nrfx.c.obj)
 .text.pm_device_driver_init
                0x00000000000081de       0x24 zephyr/drivers/gpio/libdrivers__gpio.a(gpio_nrfx.c.obj)
 .text.gpio_manage_callback
                0x0000000000008202       0x3e zephyr/drivers/gpio/libdrivers__gpio.a(gpio_nrfx.c.obj)
 .text.gpio_fire_callbacks
                0x0000000000008240       0x40 zephyr/drivers/gpio/libdrivers__gpio.a(gpio_nrfx.c.obj)
 .text.has_gpiote
                0x0000000000008280        0xa zephyr/drivers/gpio/libdrivers__gpio.a(gpio_nrfx.c.obj)
 .text.get_pull
                0x000000000000828a       0x18 zephyr/drivers/gpio/libdrivers__gpio.a(gpio_nrfx.c.obj)
 .text.gpio_nrfx_port_get_raw
                0x00000000000082a2        0xc zephyr/drivers/gpio/libdrivers__gpio.a(gpio_nrfx.c.obj)
 .text.gpio_nrfx_port_set_masked_raw
                0x00000000000082ae       0x14 zephyr/drivers/gpio/libdrivers__gpio.a(gpio_nrfx.c.obj)
 .text.gpio_nrfx_port_set_bits_raw
                0x00000000000082c2        0xa zephyr/drivers/gpio/libdrivers__gpio.a(gpio_nrfx.c.obj)
 .text.gpio_nrfx_port_clear_bits_raw
                0x00000000000082cc        0xa zephyr/drivers/gpio/libdrivers__gpio.a(gpio_nrfx.c.obj)
 .text.gpio_nrfx_port_toggle_bits
                0x00000000000082d6       0x14 zephyr/drivers/gpio/libdrivers__gpio.a(gpio_nrfx.c.obj)
 .text.get_trigger
                0x00000000000082ea       0x2c zephyr/drivers/gpio/libdrivers__gpio.a(gpio_nrfx.c.obj)
 .text.gpio_nrfx_manage_callback
                0x0000000000008316        0xc zephyr/drivers/gpio/libdrivers__gpio.a(gpio_nrfx.c.obj)
 .text.nrfx_gpio_handler
                0x0000000000008322       0x1e zephyr/drivers/gpio/libdrivers__gpio.a(gpio_nrfx.c.obj)
 .text.gpio_nrfx_pm_suspend
                0x0000000000008340        0x4 zephyr/drivers/gpio/libdrivers__gpio.a(gpio_nrfx.c.obj)
 .text.gpio_nrfx_pm_resume
                0x0000000000008344        0x4 zephyr/drivers/gpio/libdrivers__gpio.a(gpio_nrfx.c.obj)
 .text.gpio_nrfx_pm_hook
                0x0000000000008348       0x1a zephyr/drivers/gpio/libdrivers__gpio.a(gpio_nrfx.c.obj)
 .text.chan_alloc
                0x0000000000008362        0xc zephyr/drivers/gpio/libdrivers__gpio.a(gpio_nrfx.c.obj)
 .text.pinctrl_lookup_state
                0x000000000000836e       0x32 zephyr/drivers/pinctrl/libdrivers__pinctrl.a(common.c.obj)
                0x000000000000836e                pinctrl_lookup_state
 .text.nrf_gpio_pin_write
                0x00000000000083a0       0x10 zephyr/drivers/pinctrl/libdrivers__pinctrl.a(pinctrl_nrf.c.obj)
 .text.pm_device_driver_init
                0x00000000000083b0       0x24 zephyr/drivers/serial/libdrivers__serial.a(uart_nrfx_uarte.c.obj)
 .text.endtx_isr
                0x00000000000083d4       0x30 zephyr/drivers/serial/libdrivers__serial.a(uart_nrfx_uarte.c.obj)
 .text.uarte_nrfx_isr_int
                0x0000000000008404       0x22 zephyr/drivers/serial/libdrivers__serial.a(uart_nrfx_uarte.c.obj)
 .text.uarte_nrfx_err_check
                0x0000000000008426        0xe zephyr/drivers/serial/libdrivers__serial.a(uart_nrfx_uarte.c.obj)
 .text.is_tx_ready
                0x0000000000008434       0x28 zephyr/drivers/serial/libdrivers__serial.a(uart_nrfx_uarte.c.obj)
 .text.tx_start
                0x000000000000845c       0x24 zephyr/drivers/serial/libdrivers__serial.a(uart_nrfx_uarte.c.obj)
 .text.uarte_nrfx_poll_in
                0x0000000000008480       0x26 zephyr/drivers/serial/libdrivers__serial.a(uart_nrfx_uarte.c.obj)
 .text.k_msleep
                0x00000000000084a6       0x2c zephyr/drivers/serial/libdrivers__serial.a(uart_nrfx_uarte.c.obj)
 .text.wait_tx_ready
                0x00000000000084d2       0x4a zephyr/drivers/serial/libdrivers__serial.a(uart_nrfx_uarte.c.obj)
 .text.pinctrl_apply_state
                0x000000000000851c       0x20 zephyr/drivers/serial/libdrivers__serial.a(uart_nrfx_uarte.c.obj)
 .text.uarte_periph_enable
                0x000000000000853c       0x32 zephyr/drivers/serial/libdrivers__serial.a(uart_nrfx_uarte.c.obj)
 .text.uarte_pm_resume
                0x000000000000856e       0x16 zephyr/drivers/serial/libdrivers__serial.a(uart_nrfx_uarte.c.obj)
 .text.uarte_nrfx_pm_action
                0x0000000000008584       0x14 zephyr/drivers/serial/libdrivers__serial.a(uart_nrfx_uarte.c.obj)
 .text.uarte_tx_path_init
                0x0000000000008598       0x66 zephyr/drivers/serial/libdrivers__serial.a(uart_nrfx_uarte.c.obj)
 .text.uarte_0_init
                0x00000000000085fe       0x1e zephyr/drivers/serial/libdrivers__serial.a(uart_nrfx_uarte.c.obj)
 .text.__nrfy_internal_rtc_event_handle
                0x000000000000861c       0x3a zephyr/drivers/timer/libdrivers__timer.a(nrf_rtc_timer.c.obj)
 .text.__nrfy_internal_rtc_events_process
                0x0000000000008656       0x6c zephyr/drivers/timer/libdrivers__timer.a(nrf_rtc_timer.c.obj)
 .text.counter_sub
                0x00000000000086c2        0x8 zephyr/drivers/timer/libdrivers__timer.a(nrf_rtc_timer.c.obj)
 .text.event_check
                0x00000000000086ca       0x1a zephyr/drivers/timer/libdrivers__timer.a(nrf_rtc_timer.c.obj)
 .text.event_clear
                0x00000000000086e4       0x18 zephyr/drivers/timer/libdrivers__timer.a(nrf_rtc_timer.c.obj)
 .text.absolute_time_to_cc
                0x00000000000086fc        0x6 zephyr/drivers/timer/libdrivers__timer.a(nrf_rtc_timer.c.obj)
 .text.full_int_lock
                0x0000000000008702       0x10 zephyr/drivers/timer/libdrivers__timer.a(nrf_rtc_timer.c.obj)
 .text.full_int_unlock
                0x0000000000008712        0xa zephyr/drivers/timer/libdrivers__timer.a(nrf_rtc_timer.c.obj)
 .text.compare_set
                0x000000000000871c       0x38 zephyr/drivers/timer/libdrivers__timer.a(nrf_rtc_timer.c.obj)
 .text.sys_clock_cycle_get_32
                0x0000000000008754        0x8 zephyr/drivers/timer/libdrivers__timer.a(nrf_rtc_timer.c.obj)
                0x0000000000008754                sys_clock_cycle_get_32
 .text.hw_cc3xx_init_internal
                0x000000000000875c        0x8 modules/nrf/drivers/hw_cc3xx/lib..__nrf__drivers__hw_cc3xx.a(hw_cc3xx.c.obj)
 .text.hw_cc3xx_init
                0x0000000000008764       0x10 modules/nrf/drivers/hw_cc3xx/lib..__nrf__drivers__hw_cc3xx.a(hw_cc3xx.c.obj)
 .text.nrf53_errata_42
                0x0000000000008774       0x28 modules/hal_nordic/modules/hal_nordic/nrfx/libmodules__hal_nordic__nrfx.a(system_nrf5340_application.c.obj)
 .text.nrf53_errata_46
                0x000000000000879c       0x30 modules/hal_nordic/modules/hal_nordic/nrfx/libmodules__hal_nordic__nrfx.a(system_nrf5340_application.c.obj)
 .text.nrf53_errata_49
                0x00000000000087cc       0x28 modules/hal_nordic/modules/hal_nordic/nrfx/libmodules__hal_nordic__nrfx.a(system_nrf5340_application.c.obj)
 .text.nrf53_errata_55
                0x00000000000087f4       0x18 modules/hal_nordic/modules/hal_nordic/nrfx/libmodules__hal_nordic__nrfx.a(system_nrf5340_application.c.obj)
 .text.nrf53_errata_64
                0x000000000000880c       0x28 modules/hal_nordic/modules/hal_nordic/nrfx/libmodules__hal_nordic__nrfx.a(system_nrf5340_application.c.obj)
 .text.nrf53_errata_69
                0x0000000000008834       0x28 modules/hal_nordic/modules/hal_nordic/nrfx/libmodules__hal_nordic__nrfx.a(system_nrf5340_application.c.obj)
 .text.nrf53_errata_97
                0x000000000000885c       0x28 modules/hal_nordic/modules/hal_nordic/nrfx/libmodules__hal_nordic__nrfx.a(system_nrf5340_application.c.obj)
 .text.nrf53_errata_140
                0x0000000000008884       0x18 modules/hal_nordic/modules/hal_nordic/nrfx/libmodules__hal_nordic__nrfx.a(system_nrf5340_application.c.obj)
 .text.nrf53_errata_160
                0x000000000000889c       0x28 modules/hal_nordic/modules/hal_nordic/nrfx/libmodules__hal_nordic__nrfx.a(system_nrf5340_application.c.obj)
 .text.nrfx_isr
                0x00000000000088c4        0x6 modules/hal_nordic/modules/hal_nordic/nrfx/libmodules__hal_nordic__nrfx.a(nrfx_glue.c.obj)
                0x00000000000088c4                nrfx_isr
 .text.nrfx_busy_wait
                0x00000000000088ca        0x8 modules/hal_nordic/modules/hal_nordic/nrfx/libmodules__hal_nordic__nrfx.a(nrfx_glue.c.obj)
                0x00000000000088ca                nrfx_busy_wait
 .text.nrfx_gppi_event_endpoint_setup
                0x00000000000088d2        0xa modules/hal_nordic/modules/hal_nordic/nrfx/libmodules__hal_nordic__nrfx.a(nrfx_gppi_dppi.c.obj)
                0x00000000000088d2                nrfx_gppi_event_endpoint_setup
 .text.nrfx_gppi_task_endpoint_setup
                0x00000000000088dc        0xa modules/hal_nordic/modules/hal_nordic/nrfx/libmodules__hal_nordic__nrfx.a(nrfx_gppi_dppi.c.obj)
                0x00000000000088dc                nrfx_gppi_task_endpoint_setup
 .text.nrfx_gppi_channel_endpoints_setup
                0x00000000000088e6       0x14 modules/hal_nordic/modules/hal_nordic/nrfx/libmodules__hal_nordic__nrfx.a(nrfx_gppi_dppi.c.obj)
                0x00000000000088e6                nrfx_gppi_channel_endpoints_setup
 .text.nrf_clock_is_running
                0x00000000000088fa       0x5e modules/hal_nordic/modules/hal_nordic/nrfx/libmodules__hal_nordic__nrfx.a(nrfx_clock.c.obj)
 .text.clock_initial_lfclksrc_get
                0x0000000000008958        0x4 modules/hal_nordic/modules/hal_nordic/nrfx/libmodules__hal_nordic__nrfx.a(nrfx_clock.c.obj)
 .text.nrfx_power_clock_irq_init
                0x000000000000895c       0x14 modules/hal_nordic/modules/hal_nordic/nrfx/libmodules__hal_nordic__nrfx.a(nrfx_clock.c.obj)
 .text.clock_stop
                0x0000000000008970       0x90 modules/hal_nordic/modules/hal_nordic/nrfx/libmodules__hal_nordic__nrfx.a(nrfx_clock.c.obj)
 .text.clock_lfclksrc_tweak
                0x0000000000008a00       0x2a modules/hal_nordic/modules/hal_nordic/nrfx/libmodules__hal_nordic__nrfx.a(nrfx_clock.c.obj)
 .text.nrfx_clock_stop
                0x0000000000008a2a        0x8 modules/hal_nordic/modules/hal_nordic/nrfx/libmodules__hal_nordic__nrfx.a(nrfx_clock.c.obj)
                0x0000000000008a2a                nrfx_clock_stop
 .text.nrfx_dppi_channel_alloc
                0x0000000000008a32        0x8 modules/hal_nordic/modules/hal_nordic/nrfx/libmodules__hal_nordic__nrfx.a(nrfx_dppi.c.obj)
                0x0000000000008a32                nrfx_dppi_channel_alloc
 .text.nrf_gpiote_event_configure
                0x0000000000008a3a       0x32 modules/hal_nordic/modules/hal_nordic/nrfx/libmodules__hal_nordic__nrfx.a(nrfx_gpiote.c.obj)
 .text.nrf_gpiote_task_configure
                0x0000000000008a6c       0x3e modules/hal_nordic/modules/hal_nordic/nrfx/libmodules__hal_nordic__nrfx.a(nrfx_gpiote.c.obj)
 .text.__nrfy_internal_gpiote_event_handle
                0x0000000000008aaa       0x3a modules/hal_nordic/modules/hal_nordic/nrfx/libmodules__hal_nordic__nrfx.a(nrfx_gpiote.c.obj)
 .text.__nrfy_internal_gpiote_events_process
                0x0000000000008ae4       0x42 modules/hal_nordic/modules/hal_nordic/nrfx/libmodules__hal_nordic__nrfx.a(nrfx_gpiote.c.obj)
 .text.nrf_gpio_cfg_default
                0x0000000000008b26       0x18 modules/hal_nordic/modules/hal_nordic/nrfx/libmodules__hal_nordic__nrfx.a(nrfx_gpiote.c.obj)
 .text.nrf_gpio_cfg_sense_set
                0x0000000000008b3e       0x20 modules/hal_nordic/modules/hal_nordic/nrfx/libmodules__hal_nordic__nrfx.a(nrfx_gpiote.c.obj)
 .text.pin_in_use
                0x0000000000008b5e       0x1e modules/hal_nordic/modules/hal_nordic/nrfx/libmodules__hal_nordic__nrfx.a(nrfx_gpiote.c.obj)
 .text.pin_in_use_by_te
                0x0000000000008b7c       0x1e modules/hal_nordic/modules/hal_nordic/nrfx/libmodules__hal_nordic__nrfx.a(nrfx_gpiote.c.obj)
 .text.pin_has_trigger
                0x0000000000008b9a       0x22 modules/hal_nordic/modules/hal_nordic/nrfx/libmodules__hal_nordic__nrfx.a(nrfx_gpiote.c.obj)
 .text.pin_is_output
                0x0000000000008bbc       0x1e modules/hal_nordic/modules/hal_nordic/nrfx/libmodules__hal_nordic__nrfx.a(nrfx_gpiote.c.obj)
 .text.pin_is_task_output
                0x0000000000008bda       0x22 modules/hal_nordic/modules/hal_nordic/nrfx/libmodules__hal_nordic__nrfx.a(nrfx_gpiote.c.obj)
 .text.pin_is_input
                0x0000000000008bfc        0xe modules/hal_nordic/modules/hal_nordic/nrfx/libmodules__hal_nordic__nrfx.a(nrfx_gpiote.c.obj)
 .text.gpiote_polarity_to_trigger
                0x0000000000008c0a        0x2 modules/hal_nordic/modules/hal_nordic/nrfx/libmodules__hal_nordic__nrfx.a(nrfx_gpiote.c.obj)
 .text.gpiote_trigger_to_polarity
                0x0000000000008c0c        0x2 modules/hal_nordic/modules/hal_nordic/nrfx/libmodules__hal_nordic__nrfx.a(nrfx_gpiote.c.obj)
 .text.pin_te_get
                0x0000000000008c0e       0x1c modules/hal_nordic/modules/hal_nordic/nrfx/libmodules__hal_nordic__nrfx.a(nrfx_gpiote.c.obj)
 .text.is_level
                0x0000000000008c2a        0xa modules/hal_nordic/modules/hal_nordic/nrfx/libmodules__hal_nordic__nrfx.a(nrfx_gpiote.c.obj)
 .text.handler_in_use
                0x0000000000008c34       0x3a modules/hal_nordic/modules/hal_nordic/nrfx/libmodules__hal_nordic__nrfx.a(nrfx_gpiote.c.obj)
 .text.pin_trigger_disable
                0x0000000000008c6e       0x46 modules/hal_nordic/modules/hal_nordic/nrfx/libmodules__hal_nordic__nrfx.a(nrfx_gpiote.c.obj)
 .text.find_handler
                0x0000000000008cb4       0x34 modules/hal_nordic/modules/hal_nordic/nrfx/libmodules__hal_nordic__nrfx.a(nrfx_gpiote.c.obj)
 .text.get_initial_sense
                0x0000000000008ce8       0x3c modules/hal_nordic/modules/hal_nordic/nrfx/libmodules__hal_nordic__nrfx.a(nrfx_gpiote.c.obj)
 .text.channel_handler_get
                0x0000000000008d24       0x24 modules/hal_nordic/modules/hal_nordic/nrfx/libmodules__hal_nordic__nrfx.a(nrfx_gpiote.c.obj)
 .text.gpiote_global_callback_set
                0x0000000000008d48       0x1a modules/hal_nordic/modules/hal_nordic/nrfx/libmodules__hal_nordic__nrfx.a(nrfx_gpiote.c.obj)
 .text.gpiote_init_check
                0x0000000000008d62       0x14 modules/hal_nordic/modules/hal_nordic/nrfx/libmodules__hal_nordic__nrfx.a(nrfx_gpiote.c.obj)
 .text.pin_trigger_enable
                0x0000000000008d76       0x74 modules/hal_nordic/modules/hal_nordic/nrfx/libmodules__hal_nordic__nrfx.a(nrfx_gpiote.c.obj)
 .text.call_handler
                0x0000000000008dea       0x26 modules/hal_nordic/modules/hal_nordic/nrfx/libmodules__hal_nordic__nrfx.a(nrfx_gpiote.c.obj)
 .text.next_sense_cond_call_handler
                0x0000000000008e10       0x6c modules/hal_nordic/modules/hal_nordic/nrfx/libmodules__hal_nordic__nrfx.a(nrfx_gpiote.c.obj)
 .text.release_handler
                0x0000000000008e7c       0x56 modules/hal_nordic/modules/hal_nordic/nrfx/libmodules__hal_nordic__nrfx.a(nrfx_gpiote.c.obj)
 .text.pin_handler_trigger_uninit
                0x0000000000008ed2       0x44 modules/hal_nordic/modules/hal_nordic/nrfx/libmodules__hal_nordic__nrfx.a(nrfx_gpiote.c.obj)
 .text.nrfy_gpiote_int_init
                0x0000000000008f16       0x54 modules/hal_nordic/modules/hal_nordic/nrfx/libmodules__hal_nordic__nrfx.a(nrfx_gpiote.c.obj)
 .text.gpiote_evt_handle
                0x0000000000008f6a       0x44 modules/hal_nordic/modules/hal_nordic/nrfx/libmodules__hal_nordic__nrfx.a(nrfx_gpiote.c.obj)
 .text.nrfx_gpiote_input_configure
                0x0000000000008fae        0x8 modules/hal_nordic/modules/hal_nordic/nrfx/libmodules__hal_nordic__nrfx.a(nrfx_gpiote.c.obj)
                0x0000000000008fae                nrfx_gpiote_input_configure
 .text.nrfx_gpiote_output_configure
                0x0000000000008fb6        0x8 modules/hal_nordic/modules/hal_nordic/nrfx/libmodules__hal_nordic__nrfx.a(nrfx_gpiote.c.obj)
                0x0000000000008fb6                nrfx_gpiote_output_configure
 .text.nrfx_gpiote_global_callback_set
                0x0000000000008fbe        0x8 modules/hal_nordic/modules/hal_nordic/nrfx/libmodules__hal_nordic__nrfx.a(nrfx_gpiote.c.obj)
                0x0000000000008fbe                nrfx_gpiote_global_callback_set
 .text.nrfx_gpiote_channel_get
                0x0000000000008fc6        0x8 modules/hal_nordic/modules/hal_nordic/nrfx/libmodules__hal_nordic__nrfx.a(nrfx_gpiote.c.obj)
                0x0000000000008fc6                nrfx_gpiote_channel_get
 .text.nrfx_gpiote_init
                0x0000000000008fce        0x8 modules/hal_nordic/modules/hal_nordic/nrfx/libmodules__hal_nordic__nrfx.a(nrfx_gpiote.c.obj)
                0x0000000000008fce                nrfx_gpiote_init
 .text.nrfx_gpiote_init_check
                0x0000000000008fd6        0x8 modules/hal_nordic/modules/hal_nordic/nrfx/libmodules__hal_nordic__nrfx.a(nrfx_gpiote.c.obj)
                0x0000000000008fd6                nrfx_gpiote_init_check
 .text.nrfx_gpiote_pin_uninit
                0x0000000000008fde        0x8 modules/hal_nordic/modules/hal_nordic/nrfx/libmodules__hal_nordic__nrfx.a(nrfx_gpiote.c.obj)
                0x0000000000008fde                nrfx_gpiote_pin_uninit
 .text.nrfx_gpiote_channel_free
                0x0000000000008fe6        0x8 modules/hal_nordic/modules/hal_nordic/nrfx/libmodules__hal_nordic__nrfx.a(nrfx_gpiote.c.obj)
                0x0000000000008fe6                nrfx_gpiote_channel_free
 .text.nrfx_gpiote_channel_alloc
                0x0000000000008fee        0x8 modules/hal_nordic/modules/hal_nordic/nrfx/libmodules__hal_nordic__nrfx.a(nrfx_gpiote.c.obj)
                0x0000000000008fee                nrfx_gpiote_channel_alloc
 .text.nrfx_gpiote_trigger_enable
                0x0000000000008ff6        0x8 modules/hal_nordic/modules/hal_nordic/nrfx/libmodules__hal_nordic__nrfx.a(nrfx_gpiote.c.obj)
                0x0000000000008ff6                nrfx_gpiote_trigger_enable
 .text.nrfx_gpiote_trigger_disable
                0x0000000000008ffe        0x8 modules/hal_nordic/modules/hal_nordic/nrfx/libmodules__hal_nordic__nrfx.a(nrfx_gpiote.c.obj)
                0x0000000000008ffe                nrfx_gpiote_trigger_disable
 .text.z_impl_k_busy_wait
                0x0000000000009006        0xc zephyr/kernel/libkernel.a(busy_wait.c.obj)
                0x0000000000009006                z_impl_k_busy_wait
 .text.z_impl_device_is_ready
                0x0000000000009012       0x20 zephyr/kernel/libkernel.a(device.c.obj)
                0x0000000000009012                z_impl_device_is_ready
 .text.arch_system_halt
                0x0000000000009032       0x10 zephyr/kernel/libkernel.a(fatal.c.obj)
                0x0000000000009032                arch_system_halt
 .text.do_device_init
                0x0000000000009042       0x2e zephyr/kernel/libkernel.a(init.c.obj)
 .text.z_early_memset
                0x0000000000009070        0x8 zephyr/kernel/libkernel.a(init.c.obj)
                0x0000000000009070                z_early_memset
 .text.z_early_memcpy
                0x0000000000009078        0x8 zephyr/kernel/libkernel.a(init.c.obj)
                0x0000000000009078                z_early_memcpy
 .text.create_free_list
                0x0000000000009080       0x36 zephyr/kernel/libkernel.a(mem_slab.c.obj)
 .text.slab_ptr_is_good
                0x00000000000090b6        0x4 zephyr/kernel/libkernel.a(mem_slab.c.obj)
 .text.k_mem_slab_init
                0x00000000000090ba       0x1e zephyr/kernel/libkernel.a(mem_slab.c.obj)
                0x00000000000090ba                k_mem_slab_init
 .text.k_mem_slab_free
                0x00000000000090d8       0xbc zephyr/kernel/libkernel.a(mem_slab.c.obj)
                0x00000000000090d8                k_mem_slab_free
 .text.idle     0x0000000000009194       0x16 zephyr/kernel/libkernel.a(idle.c.obj)
                0x0000000000009194                idle
 .text.arch_spin_relax
                0x00000000000091aa        0x4 zephyr/kernel/libkernel.a(idle.c.obj)
                0x00000000000091aa                arch_spin_relax
 .text.new_prio_for_inheritance
                0x00000000000091ae       0x16 zephyr/kernel/libkernel.a(mutex.c.obj)
 .text.adjust_owner_prio
                0x00000000000091c4       0x16 zephyr/kernel/libkernel.a(mutex.c.obj)
 .text.z_impl_k_mutex_init
                0x00000000000091da        0xe zephyr/kernel/libkernel.a(mutex.c.obj)
                0x00000000000091da                z_impl_k_mutex_init
 .text.z_impl_k_sem_init
                0x00000000000091e8       0x1e zephyr/kernel/libkernel.a(sem.c.obj)
                0x00000000000091e8                z_impl_k_sem_init
 .text.setup_thread_stack
                0x0000000000009206       0x24 zephyr/kernel/libkernel.a(thread.c.obj)
 .text.k_is_in_isr
                0x000000000000922a        0xc zephyr/kernel/libkernel.a(thread.c.obj)
                0x000000000000922a                k_is_in_isr
 .text.z_impl_k_thread_name_set
                0x0000000000009236        0x6 zephyr/kernel/libkernel.a(thread.c.obj)
                0x0000000000009236                z_impl_k_thread_name_set
 .text.k_thread_name_get
                0x000000000000923c        0x4 zephyr/kernel/libkernel.a(thread.c.obj)
                0x000000000000923c                k_thread_name_get
 .text.z_init_thread_base
                0x0000000000009240       0x16 zephyr/kernel/libkernel.a(thread.c.obj)
                0x0000000000009240                z_init_thread_base
 .text.z_impl_k_thread_create
                0x0000000000009256       0x44 zephyr/kernel/libkernel.a(thread.c.obj)
                0x0000000000009256                z_impl_k_thread_create
 .text.thread_active_elsewhere
                0x000000000000929a        0x4 zephyr/kernel/libkernel.a(sched.c.obj)
 .text.add_to_waitq_locked
                0x000000000000929e       0x64 zephyr/kernel/libkernel.a(sched.c.obj)
 .text.z_abort_thread_timeout
                0x0000000000009302        0xa zephyr/kernel/libkernel.a(sched.c.obj)
 .text.unpend_all
                0x000000000000930c       0x44 zephyr/kernel/libkernel.a(sched.c.obj)
 .text.pend_locked
                0x0000000000009350       0x18 zephyr/kernel/libkernel.a(sched.c.obj)
 .text.z_ready_thread
                0x0000000000009368       0x36 zephyr/kernel/libkernel.a(sched.c.obj)
                0x0000000000009368                z_ready_thread
 .text.z_unpend_thread_no_timeout
                0x000000000000939e       0x40 zephyr/kernel/libkernel.a(sched.c.obj)
                0x000000000000939e                z_unpend_thread_no_timeout
 .text.z_sched_wake_thread
                0x00000000000093de       0x5a zephyr/kernel/libkernel.a(sched.c.obj)
                0x00000000000093de                z_sched_wake_thread
 .text.z_thread_timeout
                0x0000000000009438        0xc zephyr/kernel/libkernel.a(sched.c.obj)
                0x0000000000009438                z_thread_timeout
 .text.z_unpend1_no_timeout
                0x0000000000009444       0x4a zephyr/kernel/libkernel.a(sched.c.obj)
                0x0000000000009444                z_unpend1_no_timeout
 .text.z_reschedule_unlocked
                0x000000000000948e       0x16 zephyr/kernel/libkernel.a(sched.c.obj)
 .text.init_ready_q
                0x00000000000094a4        0x8 zephyr/kernel/libkernel.a(sched.c.obj)
                0x00000000000094a4                init_ready_q
 .text.z_impl_k_sleep
                0x00000000000094ac       0x7c zephyr/kernel/libkernel.a(sched.c.obj)
                0x00000000000094ac                z_impl_k_sleep
 .text.remove_timeout
                0x0000000000009528       0x2e zephyr/kernel/libkernel.a(timeout.c.obj)
 .text.next_timeout
                0x0000000000009556       0x36 zephyr/kernel/libkernel.a(timeout.c.obj)
 .text.z_abort_timeout
                0x000000000000958c       0x5e zephyr/kernel/libkernel.a(timeout.c.obj)
                0x000000000000958c                z_abort_timeout
 .text.sys_clock_tick_get_32
                0x00000000000095ea        0x8 zephyr/kernel/libkernel.a(timeout.c.obj)