Archive member included to satisfy reference by file (symbol)

app/libapp.a(main.c.obj)      (--whole-archive)
app/libapp.a(uartfunc.c.obj)  (--whole-archive)
app/libapp.a(led.c.obj)       (--whole-archive)
app/libapp.a(bme680_i2c.c.obj)
                              (--whole-archive)
zephyr/libzephyr.a(cpp_dtors.c.obj)
                              (--whole-archive)
zephyr/libzephyr.a(heap.c.obj)
                              (--whole-archive)
zephyr/libzephyr.a(cbprintf_packaged.c.obj)
                              (--whole-archive)
zephyr/libzephyr.a(printk.c.obj)
                              (--whole-archive)
zephyr/libzephyr.a(sem.c.obj)
                              (--whole-archive)
zephyr/libzephyr.a(thread_entry.c.obj)
                              (--whole-archive)
zephyr/libzephyr.a(cbprintf_complete.c.obj)
                              (--whole-archive)
zephyr/libzephyr.a(assert.c.obj)
                              (--whole-archive)
zephyr/libzephyr.a(mpsc_pbuf.c.obj)
                              (--whole-archive)
zephyr/libzephyr.a(dec.c.obj)
                              (--whole-archive)
zephyr/libzephyr.a(hex.c.obj)
                              (--whole-archive)
zephyr/libzephyr.a(rb.c.obj)  (--whole-archive)
zephyr/libzephyr.a(timeutil.c.obj)
                              (--whole-archive)
zephyr/libzephyr.a(bitarray.c.obj)
                              (--whole-archive)
zephyr/libzephyr.a(onoff.c.obj)
                              (--whole-archive)
zephyr/libzephyr.a(notify.c.obj)
                              (--whole-archive)
zephyr/libzephyr.a(ring_buffer.c.obj)
                              (--whole-archive)
zephyr/libzephyr.a(last_section_id.c.obj)
                              (--whole-archive)
zephyr/libzephyr.a(configs.c.obj)
                              (--whole-archive)
zephyr/libzephyr.a(thread_info.c.obj)
                              (--whole-archive)
zephyr/libzephyr.a(log_core.c.obj)
                              (--whole-archive)
zephyr/libzephyr.a(log_mgmt.c.obj)
                              (--whole-archive)
zephyr/libzephyr.a(log_cache.c.obj)
                              (--whole-archive)
zephyr/libzephyr.a(log_msg.c.obj)
                              (--whole-archive)
zephyr/libzephyr.a(log_output.c.obj)
                              (--whole-archive)
zephyr/libzephyr.a(log_backend_uart.c.obj)
                              (--whole-archive)
zephyr/libzephyr.a(mem_attr.c.obj)
                              (--whole-archive)
zephyr/libzephyr.a(tracing_none.c.obj)
                              (--whole-archive)
zephyr/libzephyr.a(banner.c.obj)
                              (--whole-archive)
zephyr/libzephyr.a(flash_map_partition_manager.c.obj)
                              (--whole-archive)
zephyr/libzephyr.a(nrf_cc3xx_platform_abort_zephyr.c.obj)
                              (--whole-archive)
zephyr/libzephyr.a(nrf_cc3xx_platform_mutex_zephyr.c.obj)
                              (--whole-archive)
zephyr/arch/common/libarch__common.a(sw_isr_common.c.obj)
                              (--whole-archive)
zephyr/arch/arch/arm/core/libarch__arm__core.a(fatal.c.obj)
                              (--whole-archive)
zephyr/arch/arch/arm/core/libarch__arm__core.a(nmi.c.obj)
                              (--whole-archive)
zephyr/arch/arch/arm/core/libarch__arm__core.a(nmi_on_reset.S.obj)
                              (--whole-archive)
zephyr/arch/arch/arm/core/libarch__arm__core.a(__aeabi_atexit.c.obj)
                              (--whole-archive)
zephyr/arch/arch/arm/core/libarch__arm__core.a(tls.c.obj)
                              (--whole-archive)
zephyr/arch/arch/arm/core/cortex_m/libarch__arm__core__cortex_m.a(exc_exit.c.obj)
                              (--whole-archive)
zephyr/arch/arch/arm/core/cortex_m/libarch__arm__core__cortex_m.a(fault.c.obj)
                              (--whole-archive)
zephyr/arch/arch/arm/core/cortex_m/libarch__arm__core__cortex_m.a(fault_s.S.obj)
                              (--whole-archive)
zephyr/arch/arch/arm/core/cortex_m/libarch__arm__core__cortex_m.a(fpu.c.obj)
                              (--whole-archive)
zephyr/arch/arch/arm/core/cortex_m/libarch__arm__core__cortex_m.a(reset.S.obj)
                              (--whole-archive)
zephyr/arch/arch/arm/core/cortex_m/libarch__arm__core__cortex_m.a(scb.c.obj)
                              (--whole-archive)
zephyr/arch/arch/arm/core/cortex_m/libarch__arm__core__cortex_m.a(thread_abort.c.obj)
                              (--whole-archive)
zephyr/arch/arch/arm/core/cortex_m/libarch__arm__core__cortex_m.a(vector_table.S.obj)
                              (--whole-archive)
zephyr/arch/arch/arm/core/cortex_m/libarch__arm__core__cortex_m.a(swap_helper.S.obj)
                              (--whole-archive)
zephyr/arch/arch/arm/core/cortex_m/libarch__arm__core__cortex_m.a(irq_manage.c.obj)
                              (--whole-archive)
[...]
Memory Configuration

Name             Origin             Length             Attributes
FLASH            0x0000000000000000 0x0000000000100000 xr
RAM              0x0000000020000000 0x0000000000070000 xw
IDT_LIST         0x00000000ffff7fff 0x0000000000008000 xw
*default*        0x0000000000000000 0xffffffffffffffff

Linker script and memory map

                0x000000000000a5a4                vfprintf = __d_vfprintf
                0x0000000000000000                vfscanf = __d_vfscanf
LOAD zephyr/CMakeFiles/zephyr_final.dir/misc/empty_file.c.obj
LOAD zephyr/CMakeFiles/zephyr_final.dir/isr_tables.c.obj
LOAD zephyr/CMakeFiles/offsets.dir/./arch/arm/core/offsets/offsets.c.obj
LOAD app/libapp.a
LOAD zephyr/libzephyr.a
LOAD zephyr/arch/common/libarch__common.a
LOAD zephyr/arch/arch/arm/core/libarch__arm__core.a
LOAD zephyr/arch/arch/arm/core/cortex_m/libarch__arm__core__cortex_m.a
LOAD zephyr/arch/arch/arm/core/cortex_m/cmse/libarch__arm__core__cortex_m__cmse.a
LOAD zephyr/arch/arch/arm/core/mpu/libarch__arm__core__mpu.a
LOAD zephyr/lib/libc/picolibc/liblib__libc__picolibc.a
LOAD zephyr/lib/libc/common/liblib__libc__common.a
LOAD zephyr/soc/soc/nrf5340/libsoc__nordic.a
LOAD zephyr/subsys/random/libsubsys__random.a
LOAD zephyr/subsys/timing/libsubsys__timing.a
LOAD zephyr/drivers/clock_control/libdrivers__clock_control.a
LOAD zephyr/drivers/console/libdrivers__console.a
LOAD zephyr/drivers/entropy/libdrivers__entropy.a
LOAD zephyr/drivers/gpio/libdrivers__gpio.a
LOAD zephyr/drivers/i2c/libdrivers__i2c.a
LOAD zephyr/drivers/pinctrl/libdrivers__pinctrl.a
LOAD zephyr/drivers/serial/libdrivers__serial.a
LOAD zephyr/drivers/timer/libdrivers__timer.a
LOAD modules/nrf/drivers/hw_cc3xx/lib..__nrf__drivers__hw_cc3xx.a
LOAD modules/hal_nordic/modules/hal_nordic/nrfx/libmodules__hal_nordic__nrfx.a
LOAD zephyr/kernel/libkernel.a
LOAD zephyr/arch/common/libisr_tables.a
LOAD /home/musman/ncs/nrfSDK/nrfxlib/crypto/nrf_cc312_platform/lib/cortex-m33/soft-float/no-interrupts/libnrf_cc312_platform_0.9.19.a
LOAD /home/musman/ncs/toolchains/b2ecd2435d/opt/zephyr-sdk/arm-zephyr-eabi/bin/../lib/gcc/../../picolibc/arm-zephyr-eabi/lib/thumb/v8-m.main/nofp/libstdc++.a
LOAD /home/musman/ncs/toolchains/b2ecd2435d/opt/zephyr-sdk/arm-zephyr-eabi/bin/../lib/gcc/../../picolibc/arm-zephyr-eabi/lib/thumb/v8-m.main/nofp/libc.a
LOAD /home/musman/ncs/toolchains/b2ecd2435d/opt/zephyr-sdk/arm-zephyr-eabi/bin/../lib/gcc/arm-zephyr-eabi/12.2.0/thumb/v8-m.main/nofp/libgcc.a
                0x0000000000000020                _region_min_align = 0x20

.rel.plt        0x0000000000000000        0x0
 *(SORT_BY_ALIGNMENT(.rel.plt))
                [!provide]                        PROVIDE (__rel_iplt_start = .)
 *(SORT_BY_ALIGNMENT(.rel.iplt))
 .rel.iplt      0x0000000000000000        0x0 zephyr/CMakeFiles/zephyr_final.dir/isr_tables.c.obj
                [!provide]                        PROVIDE (__rel_iplt_end = .)

.rela.plt       0x0000000000000000        0x0
 *(SORT_BY_ALIGNMENT(.rela.plt))
                [!provide]                        PROVIDE (__rela_iplt_start = .)
 *(SORT_BY_ALIGNMENT(.rela.iplt))
                [!provide]                        PROVIDE (__rela_iplt_end = .)

.rel.dyn
 *(SORT_BY_ALIGNMENT(.rel.*))

.rela.dyn
 *(SORT_BY_ALIGNMENT(.rela.*))

/DISCARD/
 *(SORT_BY_ALIGNMENT(.plt))

/DISCARD/
 *(SORT_BY_ALIGNMENT(.iplt))
                0x0000000000000000                __rom_region_start = 0x0

rom_start       0x0000000000000000      0x154
                0x0000000000000000                __rom_start_address = .
 FILL mask 0x00
                0x0000000000000000                . = (. + (0x0 - (. - __rom_start_address)))
                0x0000000000000000                . = ALIGN (0x4)
                0x0000000000000000                . = ALIGN (0x80)
                0x0000000000000000                . = ALIGN (0x200)
                0x0000000000000000                _vector_start = .
 *(SORT_BY_ALIGNMENT(.exc_vector_table))
 *(SORT_BY_ALIGNMENT(.exc_vector_table.*))
 .exc_vector_table._vector_table_section
                0x0000000000000000       0x40 zephyr/arch/arch/arm/core/cortex_m/libarch__arm__core__cortex_m.a(vector_table.S.obj)
                0x0000000000000000                _vector_table
 *(SORT_BY_ALIGNMENT(.vectors))
                0x0000000000000154                _vector_end = .
                0x0000000000000040                . = ALIGN (0x4)
 *(SORT_BY_ALIGNMENT(.gnu.linkonce.irq_vector_table*))
 .gnu.linkonce.irq_vector_table
                0x0000000000000040      0x114 zephyr/CMakeFiles/zephyr_final.dir/isr_tables.c.obj
                0x0000000000000040                _irq_vector_table
                0x0000000000000154                _vector_end = .

text            0x0000000000000154     0xf62c
                0x0000000000000154                __text_region_start = .
 *(SORT_BY_ALIGNMENT(.text))
 .text          0x0000000000000154       0x30 /home/musman/ncs/toolchains/b2ecd2435d/opt/zephyr-sdk/arm-zephyr-eabi/bin/../lib/gcc/arm-zephyr-eabi/12.2.0/thumb/v8-m.main/nofp/libgcc.a(_aeabi_uldivmod.o)
                0x0000000000000154                __aeabi_uldivmod
 .text          0x0000000000000184        0x4 /home/musman/ncs/toolchains/b2ecd2435d/opt/zephyr-sdk/arm-zephyr-eabi/bin/../lib/gcc/arm-zephyr-eabi/12.2.0/thumb/v8-m.main/nofp/libgcc.a(_dvmd_tls.o)
                0x0000000000000184                __aeabi_ldiv0
                0x0000000000000184                __aeabi_idiv0
 .text          0x0000000000000188       0x10 /home/musman/ncs/toolchains/b2ecd2435d/opt/zephyr-sdk/arm-zephyr-eabi/bin/../lib/gcc/../../picolibc/arm-zephyr-eabi/lib/thumb/v8-m.main/nofp/libc.a(strlen.S.o)
                0x0000000000000188                strlen
 .text          0x0000000000000198      0x29c /home/musman/ncs/toolchains/b2ecd2435d/opt/zephyr-sdk/arm-zephyr-eabi/bin/../lib/gcc/arm-zephyr-eabi/12.2.0/thumb/v8-m.main/nofp/libgcc.a(_udivmoddi4.o)
                0x0000000000000198                __udivmoddi4
 *(SORT_BY_ALIGNMENT(.text.*))
 .text.timer0_handler
                0x0000000000000434       0x2c app/libapp.a(main.c.obj)
 .text.sem_take
                0x0000000000000460       0x2c app/libapp.a(main.c.obj)
                0x0000000000000460                sem_take
 .text.sem_give
                0x000000000000048c       0x28 app/libapp.a(main.c.obj)
                0x000000000000048c                sem_give
 .text.prod_func
                0x00000000000004b4      0x1d4 app/libapp.a(main.c.obj)
                0x00000000000004b4                prod_func
 .text.consum_func
                0x0000000000000688      0x1bc app/libapp.a(main.c.obj)
                0x0000000000000688                consum_func
 .text.main     0x0000000000000844       0x5c app/libapp.a(main.c.obj)
                0x0000000000000844                main
 .text.uart_init
                0x00000000000008a0       0x28 app/libapp.a(uartfunc.c.obj)
                0x00000000000008a0                uart_init
 .text.led_init
                0x00000000000008c8       0x4c app/libapp.a(led.c.obj)
                0x00000000000008c8                led_init
 .text.led0_off
                0x0000000000000914       0x14 app/libapp.a(led.c.obj)
                0x0000000000000914                led0_off
 .text.led1_off
                0x0000000000000928       0x14 app/libapp.a(led.c.obj)
                0x0000000000000928                led1_off
 .text.i2c_init
                0x000000000000093c       0x34 app/libapp.a(bme680_i2c.c.obj)
                0x000000000000093c                i2c_init
 .text.I2C_READ
                0x0000000000000970       0x64 app/libapp.a(bme680_i2c.c.obj)
                0x0000000000000970                I2C_READ
 .text.cbvprintf_package
                0x00000000000009d4      0x4b4 zephyr/libzephyr.a(cbprintf_packaged.c.obj)
                0x00000000000009d4                cbvprintf_package
 .text.cbprintf_package_convert
                0x0000000000000e88      0x4c4 zephyr/libzephyr.a(cbprintf_packaged.c.obj)
                0x0000000000000e88                cbprintf_package_convert
 .text.__printk_hook_install
                0x000000000000134c        0xc zephyr/libzephyr.a(printk.c.obj)
                0x000000000000134c                __printk_hook_install
 .text.z_thread_entry
                0x0000000000001358       0x34 zephyr/libzephyr.a(thread_entry.c.obj)
                0x0000000000001358                z_thread_entry
 .text.process_event
                0x000000000000138c      0x16c zephyr/libzephyr.a(onoff.c.obj)
 .text.msg_process
                0x00000000000014f8       0x3c zephyr/libzephyr.a(log_core.c.obj)
 .text.log_backend_notify_all
                0x0000000000001534       0x30 zephyr/libzephyr.a(log_core.c.obj)
 .text.activate_foreach_backend
                0x0000000000001564       0x64 zephyr/libzephyr.a(log_core.c.obj)
 .text.z_log_init
                0x00000000000015c8       0x8c zephyr/libzephyr.a(log_core.c.obj)
 .text.thread_set
                0x0000000000001654       0x28 zephyr/libzephyr.a(log_core.c.obj)
 .text.log_process_thread_timer_expiry_fn
                0x000000000000167c       0x10 zephyr/libzephyr.a(log_core.c.obj)
 .text.enable_logger
                0x000000000000168c       0x5c zephyr/libzephyr.a(log_core.c.obj)
 .text.log_format_func_t_get
                0x00000000000016e8        0xc zephyr/libzephyr.a(log_core.c.obj)
                0x00000000000016e8                log_format_func_t_get
 .text.log_set_timestamp_func
                0x00000000000016f4       0x24 zephyr/libzephyr.a(log_core.c.obj)
                0x00000000000016f4                log_set_timestamp_func
 .text.z_log_notify_backend_enabled
                0x0000000000001718       0x20 zephyr/libzephyr.a(log_core.c.obj)
                0x0000000000001718                z_log_notify_backend_enabled
 .text.z_log_dropped
                0x0000000000001738       0x44 zephyr/libzephyr.a(log_core.c.obj)
                0x0000000000001738                z_log_dropped
 .text.z_log_dropped_read_and_clear
                0x000000000000177c       0x18 zephyr/libzephyr.a(log_core.c.obj)
                0x000000000000177c                z_log_dropped_read_and_clear
 .text.dropped_notify
                0x0000000000001794       0x38 zephyr/libzephyr.a(log_core.c.obj)
                0x0000000000001794                dropped_notify
 .text.z_log_dropped_pending
                0x00000000000017cc       0x14 zephyr/libzephyr.a(log_core.c.obj)
                0x00000000000017cc                z_log_dropped_pending
 .text.z_log_msg_init
                0x00000000000017e0       0x20 zephyr/libzephyr.a(log_core.c.obj)
                0x00000000000017e0                z_log_msg_init
 .text.log_core_init
                0x0000000000001800       0x50 zephyr/libzephyr.a(log_core.c.obj)
                0x0000000000001800                log_core_init
 .text.z_log_msg_alloc
                0x0000000000001850       0x10 zephyr/libzephyr.a(log_core.c.obj)
                0x0000000000001850                z_log_msg_alloc
 .text.z_log_msg_local_claim
                0x0000000000001860       0x10 zephyr/libzephyr.a(log_core.c.obj)
                0x0000000000001860                z_log_msg_local_claim
 .text.z_log_msg_free
                0x0000000000001870       0x14 zephyr/libzephyr.a(log_core.c.obj)
                0x0000000000001870                z_log_msg_free
 .text.z_log_msg_pending
                0x0000000000001884       0x10 zephyr/libzephyr.a(log_core.c.obj)
                0x0000000000001884                z_log_msg_pending
 .text.z_impl_log_process
                0x0000000000001894       0xb4 zephyr/libzephyr.a(log_core.c.obj)
                0x0000000000001894                z_impl_log_process
 .text.z_impl_log_panic
                0x0000000000001948       0x4c zephyr/libzephyr.a(log_core.c.obj)
                0x0000000000001948                z_impl_log_panic
 .text.z_log_msg_post_finalize
                0x0000000000001994       0x7c zephyr/libzephyr.a(log_core.c.obj)
 .text.z_log_msg_commit
                0x0000000000001a10       0x20 zephyr/libzephyr.a(log_core.c.obj)
                0x0000000000001a10                z_log_msg_commit
 .text.log_process_thread_func
                0x0000000000001a30       0x78 zephyr/libzephyr.a(log_core.c.obj)
 .text.log_src_cnt_get
                0x0000000000001aa8       0x14 zephyr/libzephyr.a(log_mgmt.c.obj)
                0x0000000000001aa8                log_src_cnt_get
 .text.log_source_name_get
                0x0000000000001abc       0x1c zephyr/libzephyr.a(log_mgmt.c.obj)
                0x0000000000001abc                log_source_name_get
 .text.cbprintf_package_copy
                0x0000000000001ad8       0x30 zephyr/libzephyr.a(log_msg.c.obj)
 .text.z_impl_z_log_msg_static_create
                0x0000000000001b08      0x158 zephyr/libzephyr.a(log_msg.c.obj)
                0x0000000000001b08                z_impl_z_log_msg_static_create
 .text.z_log_msg_runtime_vcreate
                0x0000000000001c60       0xac zephyr/libzephyr.a(log_msg.c.obj)
                0x0000000000001c60                z_log_msg_runtime_vcreate
 .text.log_msg_get_source_id
                0x0000000000001d0c       0x18 zephyr/libzephyr.a(log_msg.c.obj)
                0x0000000000001d0c                log_msg_get_source_id
 .text.print_formatted
                0x0000000000001d24       0x24 zephyr/libzephyr.a(log_output.c.obj)
 .text.timestamp_print
                0x0000000000001d48       0x8c zephyr/libzephyr.a(log_output.c.obj)
 .text.color_print
                0x0000000000001dd4       0x2c zephyr/libzephyr.a(log_output.c.obj)
 .text.ids_print
                0x0000000000001e00       0x70 zephyr/libzephyr.a(log_output.c.obj)
 .text.prefix_print
                0x0000000000001e70       0x88 zephyr/libzephyr.a(log_output.c.obj)
 .text.newline_print
                0x0000000000001ef8       0x28 zephyr/libzephyr.a(log_output.c.obj)
 .text.hexdump_line_print
                0x0000000000001f20       0xc4 zephyr/libzephyr.a(log_output.c.obj)
 .text.log_output_process
                0x0000000000001fe4       0x88 zephyr/libzephyr.a(log_output.c.obj)
                0x0000000000001fe4                log_output_process
 .text.log_output_dropped_process
                0x000000000000206c       0x84 zephyr/libzephyr.a(log_output.c.obj)
                0x000000000000206c                log_output_dropped_process
 .text.log_output_timestamp_freq_set
                0x00000000000020f0       0x2c zephyr/libzephyr.a(log_output.c.obj)
                0x00000000000020f0                log_output_timestamp_freq_set
 .text.char_out
                0x000000000000211c       0x24 zephyr/libzephyr.a(log_backend_uart.c.obj)
 .text.mem_attr_get_regions
                0x0000000000002140        0xc zephyr/libzephyr.a(mem_attr.c.obj)
                0x0000000000002140                mem_attr_get_regions
 .text.boot_banner
                0x000000000000214c       0x18 zephyr/libzephyr.a(banner.c.obj)
                0x000000000000214c                boot_banner
 .text.nrf_cc3xx_platform_abort_init
                0x0000000000002164       0x10 zephyr/libzephyr.a(nrf_cc3xx_platform_abort_zephyr.c.obj)
                0x0000000000002164                nrf_cc3xx_platform_abort_init
 .text.mutex_flags_unknown
                0x0000000000002174       0x50 zephyr/libzephyr.a(nrf_cc3xx_platform_mutex_zephyr.c.obj)
 .text.mutex_unlock_platform
                0x00000000000021c4       0x6c zephyr/libzephyr.a(nrf_cc3xx_platform_mutex_zephyr.c.obj)
 .text.mutex_lock_platform
                0x0000000000002230       0x7c zephyr/libzephyr.a(nrf_cc3xx_platform_mutex_zephyr.c.obj)
 .text.mutex_free_platform
                0x00000000000022ac       0x5c zephyr/libzephyr.a(nrf_cc3xx_platform_mutex_zephyr.c.obj)
 .text.mutex_init_platform
                0x0000000000002308       0x88 zephyr/libzephyr.a(nrf_cc3xx_platform_mutex_zephyr.c.obj)
 .text.nrf_cc3xx_platform_mutex_init
                0x0000000000002390       0x28 zephyr/libzephyr.a(nrf_cc3xx_platform_mutex_zephyr.c.obj)
                0x0000000000002390                nrf_cc3xx_platform_mutex_init
 .text.esf_dump
                0x00000000000023b8      0x160 zephyr/arch/arch/arm/core/libarch__arm__core.a(fatal.c.obj)
 .text.z_arm_fatal_error
                0x0000000000002518       0x38 zephyr/arch/arch/arm/core/libarch__arm__core.a(fatal.c.obj)
                0x0000000000002518                z_arm_fatal_error
 .text.z_SysNmiOnReset
                0x0000000000002550        0x8 zephyr/arch/arch/arm/core/libarch__arm__core.a(nmi_on_reset.S.obj)
                0x0000000000002550                z_SysNmiOnReset
 .text.z_tls_copy
                0x0000000000002558       0x28 zephyr/arch/arch/arm/core/libarch__arm__core.a(tls.c.obj)
 .text.arch_tls_stack_setup
                0x0000000000002580       0x28 zephyr/arch/arch/arm/core/libarch__arm__core.a(tls.c.obj)
                0x0000000000002580                arch_tls_stack_setup
 .text._HandlerModeExit
                0x00000000000025a8       0x20 zephyr/arch/arch/arm/core/cortex_m/libarch__arm__core__cortex_m.a(exc_exit.c.obj)
                0x00000000000025a8                z_arm_exc_exit
                0x00000000000025a8                z_arm_int_exit
 .text.z_arm_is_synchronous_svc
                0x00000000000025c8       0x3c zephyr/arch/arch/arm/core/cortex_m/libarch__arm__core__cortex_m.a(fault.c.obj)
 .text.get_esf  0x0000000000002604       0x48 zephyr/arch/arch/arm/core/cortex_m/libarch__arm__core__cortex_m.a(fault.c.obj)
 .text.usage_fault
                0x000000000000264c       0xf0 zephyr/arch/arch/arm/core/cortex_m/libarch__arm__core__cortex_m.a(fault.c.obj)
 .text.debug_monitor
                0x000000000000273c       0x1c zephyr/arch/arch/arm/core/cortex_m/libarch__arm__core__cortex_m.a(fault.c.obj)
 .text.reserved_exception
                0x0000000000002758       0xd8 zephyr/arch/arch/arm/core/cortex_m/libarch__arm__core__cortex_m.a(fault.c.obj)
 .text.mem_manage_fault
                0x0000000000002830      0x114 zephyr/arch/arch/arm/core/cortex_m/libarch__arm__core__cortex_m.a(fault.c.obj)
 .text.bus_fault
                0x0000000000002944      0x110 zephyr/arch/arch/arm/core/cortex_m/libarch__arm__core__cortex_m.a(fault.c.obj)
 .text.hard_fault
                0x0000000000002a54       0xd0 zephyr/arch/arch/arm/core/cortex_m/libarch__arm__core__cortex_m.a(fault.c.obj)
 .text.z_arm_fault
                0x0000000000002b24       0x88 zephyr/arch/arch/arm/core/cortex_m/libarch__arm__core__cortex_m.a(fault.c.obj)
                0x0000000000002b24                z_arm_fault
 .text.z_arm_fault_init
                0x0000000000002bac       0x20 zephyr/arch/arch/arm/core/cortex_m/libarch__arm__core__cortex_m.a(fault.c.obj)
                0x0000000000002bac                z_arm_fault_init
 .text.__fault  0x0000000000002bcc       0x14 zephyr/arch/arch/arm/core/cortex_m/libarch__arm__core__cortex_m.a(fault_s.S.obj)
                0x0000000000002bcc                z_arm_bus_fault
                0x0000000000002bcc                z_arm_usage_fault
                0x0000000000002bcc                z_arm_mpu_fault
                0x0000000000002bcc                z_arm_exc_spurious
                0x0000000000002bcc                z_arm_debug_monitor
                0x0000000000002bcc                z_arm_hard_fault
 .text._reset_section
                0x0000000000002be0       0x68 zephyr/arch/arch/arm/core/cortex_m/libarch__arm__core__cortex_m.a(reset.S.obj)
                0x0000000000002be0                z_arm_reset
                0x0000000000002be0                __start
 .text.z_arm_clear_arm_mpu_config
                0x0000000000002c48       0x28 zephyr/arch/arch/arm/core/cortex_m/libarch__arm__core__cortex_m.a(scb.c.obj)
                0x0000000000002c48                z_arm_clear_arm_mpu_config
 .text.z_arm_init_arch_hw_at_boot
                0x0000000000002c70       0x54 zephyr/arch/arch/arm/core/cortex_m/libarch__arm__core__cortex_m.a(scb.c.obj)
                0x0000000000002c70                z_arm_init_arch_hw_at_boot
 .text.z_impl_k_thread_abort
                0x0000000000002cc4       0x34 zephyr/arch/arch/arm/core/cortex_m/libarch__arm__core__cortex_m.a(thread_abort.c.obj)
                0x0000000000002cc4                z_impl_k_thread_abort
 .text.z_arm_pendsv
                0x0000000000002cf8       0x68 zephyr/arch/arch/arm/core/cortex_m/libarch__arm__core__cortex_m.a(swap_helper.S.obj)
                0x0000000000002cf8                z_arm_pendsv
 .text.z_arm_svc
                0x0000000000002d60       0x24 zephyr/arch/arch/arm/core/cortex_m/libarch__arm__core__cortex_m.a(swap_helper.S.obj)
                0x0000000000002d60                z_arm_svc
 .text.__NVIC_EnableIRQ
                0x0000000000002d84       0x1c zephyr/arch/arch/arm/core/cortex_m/libarch__arm__core__cortex_m.a(irq_manage.c.obj)
 .text.__NVIC_DisableIRQ
                0x0000000000002da0       0x24 zephyr/arch/arch/arm/core/cortex_m/libarch__arm__core__cortex_m.a(irq_manage.c.obj)
 .text.__NVIC_SetPriority
                0x0000000000002dc4       0x28 zephyr/arch/arch/arm/core/cortex_m/libarch__arm__core__cortex_m.a(irq_manage.c.obj)
 .text.arm_irq_is_enabled
                0x0000000000002dec       0x1c zephyr/arch/arch/arm/core/cortex_m/libarch__arm__core__cortex_m.a(irq_manage.c.obj)
                0x0000000000002dec                arm_irq_is_enabled
 .text.relocate_vector_table
                0x0000000000002e08       0x1c zephyr/arch/arch/arm/core/cortex_m/libarch__arm__core__cortex_m.a(prep_c.c.obj)
                0x0000000000002e08                relocate_vector_table
 .text.z_prep_c
                0x0000000000002e24       0x28 zephyr/arch/arch/arm/core/cortex_m/libarch__arm__core__cortex_m.a(prep_c.c.obj)
                0x0000000000002e24                z_prep_c
 .text.arch_new_thread
                0x0000000000002e4c       0x44 zephyr/arch/arch/arm/core/cortex_m/libarch__arm__core__cortex_m.a(thread.c.obj)
                0x0000000000002e4c                arch_new_thread
 .text.arch_switch_to_main_thread
                0x0000000000002e90       0x44 zephyr/arch/arch/arm/core/cortex_m/libarch__arm__core__cortex_m.a(thread.c.obj)
                0x0000000000002e90                arch_switch_to_main_thread
 .text.z_arm_cpu_idle_init
                0x0000000000002ed4        0xc zephyr/arch/arch/arm/core/cortex_m/libarch__arm__core__cortex_m.a(cpu_idle.c.obj)
                0x0000000000002ed4                z_arm_cpu_idle_init
 .text.z_arm_interrupt_init
                0x0000000000002ee0       0x34 zephyr/arch/arch/arm/core/cortex_m/libarch__arm__core__cortex_m.a(irq_init.c.obj)
                0x0000000000002ee0                z_arm_interrupt_init
 .text._isr_wrapper
                0x0000000000002f14       0x20 zephyr/arch/arch/arm/core/cortex_m/libarch__arm__core__cortex_m.a(isr_wrapper.c.obj)
                0x0000000000002f14                _isr_wrapper
 .text.arch_timing_init
                0x0000000000002f34       0x28 zephyr/arch/arch/arm/core/cortex_m/libarch__arm__core__cortex_m.a(timing.c.obj)
                0x0000000000002f34                arch_timing_init
 .text.arch_timing_start
                0x0000000000002f5c       0x14 zephyr/arch/arch/arm/core/cortex_m/libarch__arm__core__cortex_m.a(timing.c.obj)
                0x0000000000002f5c                arch_timing_start
 .text.arch_timing_counter_get
                0x0000000000002f70        0xc zephyr/arch/arch/arm/core/cortex_m/libarch__arm__core__cortex_m.a(timing.c.obj)
                0x0000000000002f70                arch_timing_counter_get
 .text.arch_timing_freq_get
                0x0000000000002f7c       0x14 zephyr/arch/arch/arm/core/cortex_m/libarch__arm__core__cortex_m.a(timing.c.obj)
                0x0000000000002f7c                arch_timing_freq_get
 .text.arch_timing_freq_get_mhz
                0x0000000000002f90       0x14 zephyr/arch/arch/arm/core/cortex_m/libarch__arm__core__cortex_m.a(timing.c.obj)
                0x0000000000002f90                arch_timing_freq_get_mhz
 .text.z_arm_configure_static_mpu_regions
                0x0000000000002fa4       0x40 zephyr/arch/arch/arm/core/mpu/libarch__arm__core__mpu.a(arm_core_mpu.c.obj)
                0x0000000000002fa4                z_arm_configure_static_mpu_regions
 .text.mpu_init
                0x0000000000002fe4       0x14 zephyr/arch/arch/arm/core/mpu/libarch__arm__core__mpu.a(arm_mpu.c.obj)
 .text.mpu_set_region
                0x0000000000002ff8       0x14 zephyr/arch/arch/arm/core/mpu/libarch__arm__core__mpu.a(arm_mpu.c.obj)
 .text.mpu_region_get_conf
                0x000000000000300c       0x40 zephyr/arch/arch/arm/core/mpu/libarch__arm__core__mpu.a(arm_mpu.c.obj)
 .text.mpu_mark_areas_for_dynamic_regions
                0x000000000000304c       0x60 zephyr/arch/arch/arm/core/mpu/libarch__arm__core__mpu.a(arm_mpu.c.obj)
 .text.region_allocate_and_init
                0x00000000000030ac       0x3c zephyr/arch/arch/arm/core/mpu/libarch__arm__core__mpu.a(arm_mpu.c.obj)
 .text.mpu_configure_regions_and_partition
                0x00000000000030e8      0x1ac zephyr/arch/arch/arm/core/mpu/libarch__arm__core__mpu.a(arm_mpu.c.obj)
 .text.mpu_configure_static_mpu_regions
                0x0000000000003294       0x14 zephyr/arch/arch/arm/core/mpu/libarch__arm__core__mpu.a(arm_mpu.c.obj)
 .text.arm_core_mpu_enable
                0x00000000000032a8       0x18 zephyr/arch/arch/arm/core/mpu/libarch__arm__core__mpu.a(arm_mpu.c.obj)
                0x00000000000032a8                arm_core_mpu_enable
 .text.arm_core_mpu_disable
                0x00000000000032c0       0x14 zephyr/arch/arch/arm/core/mpu/libarch__arm__core__mpu.a(arm_mpu.c.obj)
                0x00000000000032c0                arm_core_mpu_disable
 .text.z_arm_mpu_init
                0x00000000000032d4       0x80 zephyr/arch/arch/arm/core/mpu/libarch__arm__core__mpu.a(arm_mpu.c.obj)
                0x00000000000032d4                z_arm_mpu_init
 .text.cbvprintf
                0x0000000000003354       0x34 zephyr/lib/libc/picolibc/liblib__libc__picolibc.a(cbprintf.c.obj)
                0x0000000000003354                cbvprintf
 .text.z_impl_zephyr_fputc
                0x0000000000003388       0x10 zephyr/lib/libc/picolibc/liblib__libc__picolibc.a(stdio.c.obj)
                0x0000000000003388                z_impl_zephyr_fputc
 .text.__stdout_hook_install
                0x0000000000003398       0x18 zephyr/lib/libc/picolibc/liblib__libc__picolibc.a(stdio.c.obj)
                0x0000000000003398                __stdout_hook_install
 .text.malloc_prepare
                0x00000000000033b0       0x24 zephyr/lib/libc/common/liblib__libc__common.a(malloc.c.obj)
 .text.nrfx_coredep_delay_us
                0x00000000000033d4       0x2c zephyr/soc/soc/nrf5340/libsoc__nordic.a(soc.c.obj)
 .text.nrf53_anomaly_160_check
                0x0000000000003400       0x7c zephyr/soc/soc/nrf5340/libsoc__nordic.a(soc.c.obj)
 .text.rtc_pretick_cpuapp_init
                0x000000000000347c       0x64 zephyr/soc/soc/nrf5340/libsoc__nordic.a(soc.c.obj)
 .text.soc_early_init_hook
                0x00000000000034e0       0x54 zephyr/soc/soc/nrf5340/libsoc__nordic.a(soc.c.obj)
                0x00000000000034e0                soc_early_init_hook
 .text.nrf_gpio_pin_control_select
                0x0000000000003534       0x34 zephyr/soc/soc/nrf5340/libsoc__nordic.a(nrf53_cpunet_mgmt.c.obj)
 .text.assign_pins
                0x0000000000003568       0x20 zephyr/soc/soc/nrf5340/libsoc__nordic.a(nrf53_cpunet_mgmt.c.obj)
 .text.nrf53_cpunet_mgmt_init
                0x0000000000003588       0x14 zephyr/soc/soc/nrf5340/libsoc__nordic.a(nrf53_cpunet_mgmt.c.obj)
                0x0000000000003588                nrf53_cpunet_mgmt_init
 .text.rand_get
                0x000000000000359c       0x50 zephyr/subsys/random/libsubsys__random.a(random_entropy_device.c.obj)
 .text.timing_init
                0x00000000000035ec       0x1c zephyr/subsys/timing/libsubsys__timing.a(timing.c.obj)
                0x00000000000035ec                timing_init
 .text.timing_start
                0x0000000000003608       0x20 zephyr/subsys/timing/libsubsys__timing.a(timing.c.obj)
                0x0000000000003608                timing_start
 .text.get_hf_flags
                0x0000000000003628        0x8 zephyr/drivers/clock_control/libdrivers__clock_control.a(clock_control_nrf.c.obj)
 .text.get_subsys
                0x0000000000003630        0xc zephyr/drivers/clock_control/libdrivers__clock_control.a(clock_control_nrf.c.obj)
 .text.onoff_stop
                0x000000000000363c       0x20 zephyr/drivers/clock_control/libdrivers__clock_control.a(clock_control_nrf.c.obj)
 .text.onoff_start
                0x000000000000365c       0x34 zephyr/drivers/clock_control/libdrivers__clock_control.a(clock_control_nrf.c.obj)
 .text.clock_event_handler
                0x0000000000003690       0x50 zephyr/drivers/clock_control/libdrivers__clock_control.a(clock_control_nrf.c.obj)
 .text.generic_hfclk_start
                0x00000000000036e0       0x70 zephyr/drivers/clock_control/libdrivers__clock_control.a(clock_control_nrf.c.obj)
 .text.generic_hfclk_stop
                0x0000000000003750       0x34 zephyr/drivers/clock_control/libdrivers__clock_control.a(clock_control_nrf.c.obj)
 .text.lfclk_spinwait
                0x0000000000003784       0xd8 zephyr/drivers/clock_control/libdrivers__clock_control.a(clock_control_nrf.c.obj)
 .text.api_blocking_start
                0x000000000000385c       0x38 zephyr/drivers/clock_control/libdrivers__clock_control.a(clock_control_nrf.c.obj)
 .text.clk_init
                0x0000000000003894       0x60 zephyr/drivers/clock_control/libdrivers__clock_control.a(clock_control_nrf.c.obj)
 .text.z_nrf_clock_control_lf_on
                0x00000000000038f4       0x4c zephyr/drivers/clock_control/libdrivers__clock_control.a(clock_control_nrf.c.obj)
                0x00000000000038f4                z_nrf_clock_control_lf_on
 .text.console_out
                0x0000000000003940       0x28 zephyr/drivers/console/libdrivers__console.a(uart_console.c.obj)
 .text.uart_console_hook_install
                0x0000000000003968       0x18 zephyr/drivers/console/libdrivers__console.a(uart_console.c.obj)
 .text.uart_console_init
                0x0000000000003980       0x1c zephyr/drivers/console/libdrivers__console.a(uart_console.c.obj)
 .text.nrf_gpio_reconfigure
                0x000000000000399c       0xc0 zephyr/drivers/gpio/libdrivers__gpio.a(gpio_nrfx.c.obj)
 .text.nrf_gpio_pin_dir_get
                0x0000000000003a5c       0x2c zephyr/drivers/gpio/libdrivers__gpio.a(gpio_nrfx.c.obj)
 .text.get_dev  0x0000000000003a88       0x1c zephyr/drivers/gpio/libdrivers__gpio.a(gpio_nrfx.c.obj)
 .text.gpio_nrfx_pin_interrupt_configure
                0x0000000000003aa4      0x100 zephyr/drivers/gpio/libdrivers__gpio.a(gpio_nrfx.c.obj)
 .text.gpio_nrfx_pin_configure
                0x0000000000003ba4      0x1b4 zephyr/drivers/gpio/libdrivers__gpio.a(gpio_nrfx.c.obj)
 .text.gpio_nrfx_init
                0x0000000000003d58       0x5c zephyr/drivers/gpio/libdrivers__gpio.a(gpio_nrfx.c.obj)
 .text.event_handler
                0x0000000000003db4       0x40 zephyr/drivers/i2c/libdrivers__i2c.a(i2c_nrfx_twim.c.obj)
 .text.i2c_nrfx_twim_transfer
                0x0000000000003df4      0x27c zephyr/drivers/i2c/libdrivers__i2c.a(i2c_nrfx_twim.c.obj)
 .text.i2c_nrfx_twim_recover_bus
                0x0000000000004070       0x40 zephyr/drivers/i2c/libdrivers__i2c.a(i2c_nrfx_twim_common.c.obj)
                0x0000000000004070                i2c_nrfx_twim_recover_bus
 .text.i2c_nrfx_twim_configure
                0x00000000000040b0       0x64 zephyr/drivers/i2c/libdrivers__i2c.a(i2c_nrfx_twim_common.c.obj)
                0x00000000000040b0                i2c_nrfx_twim_configure
 .text.i2c_nrfx_twim_msg_transfer
                0x0000000000004114       0x7c zephyr/drivers/i2c/libdrivers__i2c.a(i2c_nrfx_twim_common.c.obj)
                0x0000000000004114                i2c_nrfx_twim_msg_transfer
 .text.i2c_nrfx_twim_common_init
                0x0000000000004190       0xf0 zephyr/drivers/i2c/libdrivers__i2c.a(i2c_nrfx_twim_common.c.obj)
                0x0000000000004190                i2c_nrfx_twim_common_init
 .text.nrf_gpio_cfg
                0x0000000000004280       0x54 zephyr/drivers/pinctrl/libdrivers__pinctrl.a(pinctrl_nrf.c.obj)
 .text.nrf_gpio_pin_set
                0x00000000000042d4       0x28 zephyr/drivers/pinctrl/libdrivers__pinctrl.a(pinctrl_nrf.c.obj)
 .text.nrf_gpio_pin_clear
                0x00000000000042fc       0x28 zephyr/drivers/pinctrl/libdrivers__pinctrl.a(pinctrl_nrf.c.obj)
 .text.pinctrl_configure_pins
                0x0000000000004324      0x274 zephyr/drivers/pinctrl/libdrivers__pinctrl.a(pinctrl_nrf.c.obj)
                0x0000000000004324                pinctrl_configure_pins
 .text.uarte_nrfx_poll_out
                0x0000000000004598       0xa4 zephyr/drivers/serial/libdrivers__serial.a(uart_nrfx_uarte.c.obj)
 .text.uarte_nrfx_rx_enable
                0x000000000000463c      0x1ac zephyr/drivers/serial/libdrivers__serial.a(uart_nrfx_uarte.c.obj)
 .text.uarte_nrfx_tx
                0x00000000000047e8       0xc8 zephyr/drivers/serial/libdrivers__serial.a(uart_nrfx_uarte.c.obj)
 .text.uarte_async_init
                0x00000000000048b0       0x44 zephyr/drivers/serial/libdrivers__serial.a(uart_nrfx_uarte.c.obj)
 .text.endtx_stoptx_ppi_init
                0x00000000000048f4       0x4c zephyr/drivers/serial/libdrivers__serial.a(uart_nrfx_uarte.c.obj)
 .text.uarte_instance_init
                0x0000000000004940       0x54 zephyr/drivers/serial/libdrivers__serial.a(uart_nrfx_uarte.c.obj)
 .text.set_comparator
                0x0000000000004994       0x14 zephyr/drivers/timer/libdrivers__timer.a(nrf_rtc_timer.c.obj)
 .text.event_enable
                0x00000000000049a8       0x14 zephyr/drivers/timer/libdrivers__timer.a(nrf_rtc_timer.c.obj)
 .text.event_disable
                0x00000000000049bc       0x14 zephyr/drivers/timer/libdrivers__timer.a(nrf_rtc_timer.c.obj)
 .text.counter  0x00000000000049d0        0xc zephyr/drivers/timer/libdrivers__timer.a(nrf_rtc_timer.c.obj)
 .text.set_alarm
                0x00000000000049dc       0x88 zephyr/drivers/timer/libdrivers__timer.a(nrf_rtc_timer.c.obj)
 .text.int_event_disable_rtc
                0x0000000000004a64       0x18 zephyr/drivers/timer/libdrivers__timer.a(nrf_rtc_timer.c.obj)
 .text.compare_int_lock
                0x0000000000004a7c       0x44 zephyr/drivers/timer/libdrivers__timer.a(nrf_rtc_timer.c.obj)
 .text.channel_processing_check_and_clear
                0x0000000000004ac0       0x58 zephyr/drivers/timer/libdrivers__timer.a(nrf_rtc_timer.c.obj)
 .text.compare_int_unlock
                0x0000000000004b18       0x50 zephyr/drivers/timer/libdrivers__timer.a(nrf_rtc_timer.c.obj)
 .text.sys_clock_timeout_handler
                0x0000000000004b68       0x50 zephyr/drivers/timer/libdrivers__timer.a(nrf_rtc_timer.c.obj)
 .text.z_nrf_rtc_timer_read
                0x0000000000004bb8       0x40 zephyr/drivers/timer/libdrivers__timer.a(nrf_rtc_timer.c.obj)
                0x0000000000004bb8                z_nrf_rtc_timer_read
 .text.compare_set_nolocks
                0x0000000000004bf8       0xa4 zephyr/drivers/timer/libdrivers__timer.a(nrf_rtc_timer.c.obj)
 .text.sys_clock_driver_init
                0x0000000000004c9c       0x9c zephyr/drivers/timer/libdrivers__timer.a(nrf_rtc_timer.c.obj)
 .text.process_channel
                0x0000000000004d38       0x7c zephyr/drivers/timer/libdrivers__timer.a(nrf_rtc_timer.c.obj)
 .text.rtc_nrf_isr
                0x0000000000004db4       0x40 zephyr/drivers/timer/libdrivers__timer.a(nrf_rtc_timer.c.obj)
                0x0000000000004db4                rtc_nrf_isr
 .text.sys_clock_set_timeout
                0x0000000000004df4       0x74 zephyr/drivers/timer/libdrivers__timer.a(nrf_rtc_timer.c.obj)
                0x0000000000004df4                sys_clock_set_timeout
 .text.sys_clock_elapsed
                0x0000000000004e68       0x14 zephyr/drivers/timer/libdrivers__timer.a(nrf_rtc_timer.c.obj)
                0x0000000000004e68                sys_clock_elapsed
 .text.SystemCoreClockUpdate
                0x0000000000004e7c       0x20 modules/hal_nordic/modules/hal_nordic/nrfx/libmodules__hal_nordic__nrfx.a(system_nrf5340_application.c.obj)
                0x0000000000004e7c                SystemCoreClockUpdate
 .text.SystemInit
                0x0000000000004e9c      0x1a0 modules/hal_nordic/modules/hal_nordic/nrfx/libmodules__hal_nordic__nrfx.a(system_nrf5340_application.c.obj)
                0x0000000000004e9c                SystemInit
 .text.nrfx_flag32_alloc
                0x000000000000503c       0x40 modules/hal_nordic/modules/hal_nordic/nrfx/libmodules__hal_nordic__nrfx.a(nrfx_flag32_allocator.c.obj)
                0x000000000000503c                nrfx_flag32_alloc
 .text.nrfx_flag32_free
                0x000000000000507c       0x3c modules/hal_nordic/modules/hal_nordic/nrfx/libmodules__hal_nordic__nrfx.a(nrfx_flag32_allocator.c.obj)
                0x000000000000507c                nrfx_flag32_free
 .text.nrfx_gppi_channels_enable
                0x00000000000050b8        0xc modules/hal_nordic/modules/hal_nordic/nrfx/libmodules__hal_nordic__nrfx.a(nrfx_gppi_dppi.c.obj)
                0x00000000000050b8                nrfx_gppi_channels_enable
 .text.nrfx_gppi_channel_alloc
                0x00000000000050c4       0x10 modules/hal_nordic/modules/hal_nordic/nrfx/libmodules__hal_nordic__nrfx.a(nrfx_gppi_dppi.c.obj)
                0x00000000000050c4                nrfx_gppi_channel_alloc
 .text.nrfx_clock_init
                0x00000000000050d4       0x24 modules/hal_nordic/modules/hal_nordic/nrfx/libmodules__hal_nordic__nrfx.a(nrfx_clock.c.obj)
                0x00000000000050d4                nrfx_clock_init
 .text.nrfx_clock_enable
                0x00000000000050f8       0x28 modules/hal_nordic/modules/hal_nordic/nrfx/libmodules__hal_nordic__nrfx.a(nrfx_clock.c.obj)
                0x00000000000050f8                nrfx_clock_enable
 .text.nrfx_clock_start
                0x0000000000005120      0x104 modules/hal_nordic/modules/hal_nordic/nrfx/libmodules__hal_nordic__nrfx.a(nrfx_clock.c.obj)
                0x0000000000005120                nrfx_clock_start
 .text.nrfx_power_clock_irq_handler
                0x0000000000005224       0x78 modules/hal_nordic/modules/hal_nordic/nrfx/libmodules__hal_nordic__nrfx.a(nrfx_clock.c.obj)
                0x0000000000005224                nrfx_power_clock_irq_handler
 .text.dppi_channel_alloc
                0x000000000000529c       0x14 modules/hal_nordic/modules/hal_nordic/nrfx/libmodules__hal_nordic__nrfx.a(nrfx_dppi.c.obj)
 .text.nrf_gpio_cfg
                0x00000000000052b0       0x54 modules/hal_nordic/modules/hal_nordic/nrfx/libmodules__hal_nordic__nrfx.a(nrfx_gpiote.c.obj)
 .text.nrf_gpio_reconfigure
                0x0000000000005304       0xc0 modules/hal_nordic/modules/hal_nordic/nrfx/libmodules__hal_nordic__nrfx.a(nrfx_gpiote.c.obj)
 .text.nrf_gpio_pin_read
                0x00000000000053c4       0x28 modules/hal_nordic/modules/hal_nordic/nrfx/libmodules__hal_nordic__nrfx.a(nrfx_gpiote.c.obj)
 .text.nrf_gpio_pin_sense_get
                0x00000000000053ec       0x2c modules/hal_nordic/modules/hal_nordic/nrfx/libmodules__hal_nordic__nrfx.a(nrfx_gpiote.c.obj)
 .text.nrf_gpio_latches_read_and_clear
                0x0000000000005418       0x40 modules/hal_nordic/modules/hal_nordic/nrfx/libmodules__hal_nordic__nrfx.a(nrfx_gpiote.c.obj)
 .text.nrf_gpio_pin_latch_clear
                0x0000000000005458       0x28 modules/hal_nordic/modules/hal_nordic/nrfx/libmodules__hal_nordic__nrfx.a(nrfx_gpiote.c.obj)
 .text.get_pin_idx
                0x0000000000005480       0x14 modules/hal_nordic/modules/hal_nordic/nrfx/libmodules__hal_nordic__nrfx.a(nrfx_gpiote.c.obj)
 .text.get_cb   0x0000000000005494        0x8 modules/hal_nordic/modules/hal_nordic/nrfx/libmodules__hal_nordic__nrfx.a(nrfx_gpiote.c.obj)
 .text.get_config
                0x000000000000549c        0x8 modules/hal_nordic/modules/hal_nordic/nrfx/libmodules__hal_nordic__nrfx.a(nrfx_gpiote.c.obj)
 .text.gpiote_output_configure
                0x00000000000054a4       0xfc modules/hal_nordic/modules/hal_nordic/nrfx/libmodules__hal_nordic__nrfx.a(nrfx_gpiote.c.obj)
 .text.gpiote_channel_get
                0x00000000000055a0       0x38 modules/hal_nordic/modules/hal_nordic/nrfx/libmodules__hal_nordic__nrfx.a(nrfx_gpiote.c.obj)
 .text.latch_pending_read_and_check
                0x00000000000055d8       0x50 modules/hal_nordic/modules/hal_nordic/nrfx/libmodules__hal_nordic__nrfx.a(nrfx_gpiote.c.obj)
 .text.pin_channel_alloc
                0x0000000000005628       0x14 modules/hal_nordic/modules/hal_nordic/nrfx/libmodules__hal_nordic__nrfx.a(nrfx_gpiote.c.obj)
 .text.pin_handler_set
                0x000000000000563c       0x88 modules/hal_nordic/modules/hal_nordic/nrfx/libmodules__hal_nordic__nrfx.a(nrfx_gpiote.c.obj)
 .text.gpiote_input_configure
                0x00000000000056c4      0x160 modules/hal_nordic/modules/hal_nordic/nrfx/libmodules__hal_nordic__nrfx.a(nrfx_gpiote.c.obj)
 .text.pin_uninit
                0x0000000000005824       0x34 modules/hal_nordic/modules/hal_nordic/nrfx/libmodules__hal_nordic__nrfx.a(nrfx_gpiote.c.obj)
 .text.pin_channel_free
                0x0000000000005858       0x14 modules/hal_nordic/modules/hal_nordic/nrfx/libmodules__hal_nordic__nrfx.a(nrfx_gpiote.c.obj)
 .text.gpiote_init
                0x000000000000586c       0x54 modules/hal_nordic/modules/hal_nordic/nrfx/libmodules__hal_nordic__nrfx.a(nrfx_gpiote.c.obj)
 .text.port_event_handle
                0x00000000000058c0       0xc8 modules/hal_nordic/modules/hal_nordic/nrfx/libmodules__hal_nordic__nrfx.a(nrfx_gpiote.c.obj)
 .text.irq_handler
                0x0000000000005988       0x54 modules/hal_nordic/modules/hal_nordic/nrfx/libmodules__hal_nordic__nrfx.a(nrfx_gpiote.c.obj)
 .text.nrfx_gpiote_0_irq_handler
                0x00000000000059dc       0x14 modules/hal_nordic/modules/hal_nordic/nrfx/libmodules__hal_nordic__nrfx.a(nrfx_gpiote.c.obj)
                0x00000000000059dc                nrfx_gpiote_0_irq_handler
 .text.nrfy_twim_rx_start
                0x00000000000059f0       0x3c modules/hal_nordic/modules/hal_nordic/nrfx/libmodules__hal_nordic__nrfx.a(nrfx_twim.c.obj)
 .text.nrfy_twim_tx_start
                0x0000000000005a2c       0x8c modules/hal_nordic/modules/hal_nordic/nrfx/libmodules__hal_nordic__nrfx.a(nrfx_twim.c.obj)
 .text.nrf_gpio_cfg
                0x0000000000005ab8       0x54 modules/hal_nordic/modules/hal_nordic/nrfx/libmodules__hal_nordic__nrfx.a(nrfx_twim.c.obj)
 .text.twi_process_error
                0x0000000000005b0c       0x34 modules/hal_nordic/modules/hal_nordic/nrfx/libmodules__hal_nordic__nrfx.a(nrfx_twim.c.obj)
 .text.twim_xfer
                0x0000000000005b40      0x280 modules/hal_nordic/modules/hal_nordic/nrfx/libmodules__hal_nordic__nrfx.a(nrfx_twim.c.obj)
 .text.irq_handler
                0x0000000000005dc0      0x1fc modules/hal_nordic/modules/hal_nordic/nrfx/libmodules__hal_nordic__nrfx.a(nrfx_twim.c.obj)
 .text.twim_configure
                0x0000000000005fbc       0x48 modules/hal_nordic/modules/hal_nordic/nrfx/libmodules__hal_nordic__nrfx.a(nrfx_twim.c.obj)
 .text.nrfx_twim_init
                0x0000000000006004       0x8c modules/hal_nordic/modules/hal_nordic/nrfx/libmodules__hal_nordic__nrfx.a(nrfx_twim.c.obj)
                0x0000000000006004                nrfx_twim_init
 .text.nrfx_twim_enable
                0x0000000000006090       0x20 modules/hal_nordic/modules/hal_nordic/nrfx/libmodules__hal_nordic__nrfx.a(nrfx_twim.c.obj)
                0x0000000000006090                nrfx_twim_enable
 .text.nrfx_twim_disable
                0x00000000000060b0       0x40 modules/hal_nordic/modules/hal_nordic/nrfx/libmodules__hal_nordic__nrfx.a(nrfx_twim.c.obj)
                0x00000000000060b0                nrfx_twim_disable
 .text.nrfx_twim_uninit
                0x00000000000060f0       0x68 modules/hal_nordic/modules/hal_nordic/nrfx/libmodules__hal_nordic__nrfx.a(nrfx_twim.c.obj)
                0x00000000000060f0                nrfx_twim_uninit
 .text.nrfx_twim_xfer
                0x0000000000006158       0x20 modules/hal_nordic/modules/hal_nordic/nrfx/libmodules__hal_nordic__nrfx.a(nrfx_twim.c.obj)
                0x0000000000006158                nrfx_twim_xfer
 .text.nrfx_twim_1_irq_handler
                0x0000000000006178       0x14 modules/hal_nordic/modules/hal_nordic/nrfx/libmodules__hal_nordic__nrfx.a(nrfx_twim.c.obj)
                0x0000000000006178                nrfx_twim_1_irq_handler
 .text.nrf_gpio_cfg
                0x000000000000618c       0x54 modules/hal_nordic/modules/hal_nordic/nrfx/libmodules__hal_nordic__nrfx.a(nrfx_twi_twim.c.obj)
 .text.nrf_gpio_pin_set
                0x00000000000061e0       0x28 modules/hal_nordic/modules/hal_nordic/nrfx/libmodules__hal_nordic__nrfx.a(nrfx_twi_twim.c.obj)
 .text.nrf_gpio_pin_clear
                0x0000000000006208       0x28 modules/hal_nordic/modules/hal_nordic/nrfx/libmodules__hal_nordic__nrfx.a(nrfx_twi_twim.c.obj)
 .text.nrf_gpio_pin_read
                0x0000000000006230       0x28 modules/hal_nordic/modules/hal_nordic/nrfx/libmodules__hal_nordic__nrfx.a(nrfx_twi_twim.c.obj)
 .text.nrfx_twi_twim_bus_recover
                0x0000000000006258       0x98 modules/hal_nordic/modules/hal_nordic/nrfx/libmodules__hal_nordic__nrfx.a(nrfx_twi_twim.c.obj)
                0x0000000000006258                nrfx_twi_twim_bus_recover
 .text.z_device_state_init
                0x00000000000062f0       0x18 zephyr/kernel/libkernel.a(device.c.obj)
                0x00000000000062f0                z_device_state_init
 .text.reason_to_str
                0x0000000000006308       0x40 zephyr/kernel/libkernel.a(fatal.c.obj)
 .text.thread_name_get
                0x0000000000006348       0x20 zephyr/kernel/libkernel.a(fatal.c.obj)
 .text.k_sys_fatal_error_handler
                0x0000000000006368       0x20 zephyr/kernel/libkernel.a(fatal.c.obj)
                0x0000000000006368                k_sys_fatal_error_handler
 .text.z_fatal_error
                0x0000000000006388      0x1f4 zephyr/kernel/libkernel.a(fatal.c.obj)
                0x0000000000006388                z_fatal_error
 .text.z_sys_init_run_level
                0x000000000000657c       0x38 zephyr/kernel/libkernel.a(init.c.obj)
 .text.z_static_init_gnu
                0x00000000000065b4       0x20 zephyr/kernel/libkernel.a(init.c.obj)
 .text.init_idle_thread
                0x00000000000065d4       0x5c zephyr/kernel/libkernel.a(init.c.obj)
 .text.thread_schedule_new
                0x0000000000006630       0x1c zephyr/kernel/libkernel.a(init.c.obj)
 .text.z_init_static_threads
                0x000000000000664c       0x70 zephyr/kernel/libkernel.a(init.c.obj)
 .text.bg_thread_main
                0x00000000000066bc       0x3c zephyr/kernel/libkernel.a(init.c.obj)
 .text.switch_to_main_thread
                0x00000000000066f8       0x14 zephyr/kernel/libkernel.a(init.c.obj)
 .text.z_bss_zero
                0x000000000000670c       0x18 zephyr/kernel/libkernel.a(init.c.obj)
                0x000000000000670c                z_bss_zero
 .text.z_init_cpu
                0x0000000000006724       0x40 zephyr/kernel/libkernel.a(init.c.obj)
                0x0000000000006724                z_init_cpu
 .text.prepare_multithreading
                0x0000000000006764       0x60 zephyr/kernel/libkernel.a(init.c.obj)
 .text.z_cstart
                0x00000000000067c4       0x84 zephyr/kernel/libkernel.a(init.c.obj)
                0x00000000000067c4                z_cstart
 .text.init_mem_slab_obj_core_list
                0x0000000000006848       0x24 zephyr/kernel/libkernel.a(mem_slab.c.obj)
 .text.k_mem_slab_alloc
                0x000000000000686c       0x64 zephyr/kernel/libkernel.a(mem_slab.c.obj)
                0x000000000000686c                k_mem_slab_alloc
 .text.z_impl_k_mutex_lock
                0x00000000000068d0      0x100 zephyr/kernel/libkernel.a(mutex.c.obj)
                0x00000000000068d0                z_impl_k_mutex_lock
 .text.z_impl_k_mutex_unlock
                0x00000000000069d0       0xac zephyr/kernel/libkernel.a(mutex.c.obj)
                0x00000000000069d0                z_impl_k_mutex_unlock
 .text.z_impl_k_queue_get
                0x0000000000006a7c       0x74 zephyr/kernel/libkernel.a(queue.c.obj)
                0x0000000000006a7c                z_impl_k_queue_get
 .text.z_impl_k_sem_give
                0x0000000000006af0       0x88 zephyr/kernel/libkernel.a(sem.c.obj)
                0x0000000000006af0                z_impl_k_sem_give
 .text.z_impl_k_sem_take
                0x0000000000006b78       0x50 zephyr/kernel/libkernel.a(sem.c.obj)
                0x0000000000006b78                z_impl_k_sem_take
 .text.thread_schedule_new
                0x0000000000006bc8       0x1c zephyr/kernel/libkernel.a(thread.c.obj)
 .text.z_impl_k_thread_name_set
                0x0000000000006be4       0x24 zephyr/kernel/libkernel.a(thread.c.obj)
                0x0000000000006be4                z_impl_k_thread_name_set
 .text.z_setup_new_thread
                0x0000000000006c08       0xc4 zephyr/kernel/libkernel.a(thread.c.obj)
                0x0000000000006c08                z_setup_new_thread
 .text.z_dummy_thread_init
                0x0000000000006ccc       0x24 zephyr/kernel/libkernel.a(thread.c.obj)
                0x0000000000006ccc                z_dummy_thread_init
 .text.z_swap_irqlock
                0x0000000000006cf0       0x34 zephyr/kernel/libkernel.a(sched.c.obj)
 .text.ready_thread
                0x0000000000006d24       0xa8 zephyr/kernel/libkernel.a(sched.c.obj)
 .text.unready_thread
                0x0000000000006dcc       0x5c zephyr/kernel/libkernel.a(sched.c.obj)
 .text.thread_halt_spin
                0x0000000000006e28      0x100 zephyr/kernel/libkernel.a(sched.c.obj)
 .text.add_thread_timeout
                0x0000000000006f28       0x20 zephyr/kernel/libkernel.a(sched.c.obj)
 .text.z_pend_curr
                0x0000000000006f48       0x2c zephyr/kernel/libkernel.a(sched.c.obj)
                0x0000000000006f48                z_pend_curr
 .text.z_thread_prio_set
                0x0000000000006f74      0x138 zephyr/kernel/libkernel.a(sched.c.obj)
                0x0000000000006f74                z_thread_prio_set
 .text.z_reschedule
                0x00000000000070ac       0x2c zephyr/kernel/libkernel.a(sched.c.obj)
                0x00000000000070ac                z_reschedule
 .text.z_reschedule_irqlock
                0x00000000000070d8       0x2c zephyr/kernel/libkernel.a(sched.c.obj)
                0x00000000000070d8                z_reschedule_irqlock
 .text.k_sched_lock
                0x0000000000007104       0x30 zephyr/kernel/libkernel.a(sched.c.obj)
                0x0000000000007104                k_sched_lock
 .text.k_sched_unlock
                0x0000000000007134       0x64 zephyr/kernel/libkernel.a(sched.c.obj)
                0x0000000000007134                k_sched_unlock
 .text.z_sched_init
                0x0000000000007198       0x10 zephyr/kernel/libkernel.a(sched.c.obj)
                0x0000000000007198                z_sched_init
 .text.z_impl_k_yield
                0x00000000000071a8       0x90 zephyr/kernel/libkernel.a(sched.c.obj)
                0x00000000000071a8                z_impl_k_yield
 .text.z_tick_sleep
                0x0000000000007238       0x74 zephyr/kernel/libkernel.a(sched.c.obj)
 .text.z_impl_k_wakeup
                0x00000000000072ac       0x48 zephyr/kernel/libkernel.a(sched.c.obj)
                0x00000000000072ac                z_impl_k_wakeup
 .text.z_impl_k_sched_current_thread_query
                0x00000000000072f4        0xc zephyr/kernel/libkernel.a(sched.c.obj)
                0x00000000000072f4                z_impl_k_sched_current_thread_query
 .text.z_thread_abort
                0x0000000000007300      0x15c zephyr/kernel/libkernel.a(sched.c.obj)
                0x0000000000007300                z_thread_abort
 .text.z_thread_monitor_exit
                0x000000000000745c       0x3c zephyr/kernel/libkernel.a(thread_monitor.c.obj)
                0x000000000000745c                z_thread_monitor_exit
 .text.z_data_copy
                0x0000000000007498       0x34 zephyr/kernel/libkernel.a(xip.c.obj)
                0x0000000000007498                z_data_copy
 .text.first    0x00000000000074cc       0x14 zephyr/kernel/libkernel.a(timeout.c.obj)
 .text.next     0x00000000000074e0       0x18 zephyr/kernel/libkernel.a(timeout.c.obj)
 .text.elapsed  0x00000000000074f8       0x18 zephyr/kernel/libkernel.a(timeout.c.obj)
 .text.z_add_timeout
                0x0000000000007510      0x144 zephyr/kernel/libkernel.a(timeout.c.obj)
                0x0000000000007510                z_add_timeout
 .text.sys_clock_announce
                0x0000000000007654       0xc0 zephyr/kernel/libkernel.a(timeout.c.obj)
                0x0000000000007654                sys_clock_announce
 .text.sys_clock_tick_get
                0x0000000000007714       0x40 zephyr/kernel/libkernel.a(timeout.c.obj)
                0x0000000000007714                sys_clock_tick_get
 .text.z_timer_expiration_handler
                0x0000000000007754       0xf8 zephyr/kernel/libkernel.a(timer.c.obj)
                0x0000000000007754                z_timer_expiration_handler
 .text.z_impl_k_timer_start
                0x000000000000784c       0x80 zephyr/kernel/libkernel.a(timer.c.obj)
                0x000000000000784c                z_impl_k_timer_start
 .text.z_thread_alloc_helper
                0x00000000000078cc       0x30 zephyr/kernel/libkernel.a(mempool.c.obj)
 .text.k_malloc
                0x00000000000078fc       0x18 zephyr/kernel/libkernel.a(mempool.c.obj)
                0x00000000000078fc                k_malloc
 .text.k_thread_system_pool_assign
                0x0000000000007914        0xc zephyr/kernel/libkernel.a(mempool.c.obj)
                0x0000000000007914                k_thread_system_pool_assign
 .text.z_thread_malloc
                0x0000000000007920       0x14 zephyr/kernel/libkernel.a(mempool.c.obj)
                0x0000000000007920                z_thread_malloc
 .text.statics_init
                0x0000000000007934       0x24 zephyr/kernel/libkernel.a(kheap.c.obj)
 .text.nrf_cc3xx_platform_init
                0x0000000000007958       0x44 /home/musman/ncs/nrfSDK/nrfxlib/crypto/nrf_cc312_platform/lib/cortex-m33/soft-float/no-interrupts/libnrf_cc312_platform_0.9.19.a(nrf_cc3xx_platform.c.obj)
                0x0000000000007958                nrf_cc3xx_platform_init
 .text.nrf_cc3xx_platform_abort
                0x000000000000799c       0x24 /home/musman/ncs/nrfSDK/nrfxlib/crypto/nrf_cc312_platform/lib/cortex-m33/soft-float/no-interrupts/libnrf_cc312_platform_0.9.19.a(nrf_cc3xx_platform_abort.c.obj)
 .text.CC_PalAbort
                0x00000000000079c0       0x44 /home/musman/ncs/nrfSDK/nrfxlib/crypto/nrf_cc312_platform/lib/cortex-m33/soft-float/no-interrupts/libnrf_cc312_platform_0.9.19.a(nrf_cc3xx_platform_abort.c.obj)
                0x00000000000079c0                CC_PalAbort
 .text.nrf_cc3xx_platform_set_abort
                0x0000000000007a04       0x10 /home/musman/ncs/nrfSDK/nrfxlib/crypto/nrf_cc312_platform/lib/cortex-m33/soft-float/no-interrupts/libnrf_cc312_platform_0.9.19.a(nrf_cc3xx_platform_abort.c.obj)
                0x0000000000007a04                nrf_cc3xx_platform_set_abort
 .text.nrf_cc3xx_platform_ctr_drbg_init
                0x0000000000007a14       0x60 /home/musman/ncs/nrfSDK/nrfxlib/crypto/nrf_cc312_platform/lib/cortex-m33/soft-float/no-interrupts/libnrf_cc312_platform_0.9.19.a(nrf_cc3xx_platform_ctr_drbg.c.obj)
                0x0000000000007a14                nrf_cc3xx_platform_ctr_drbg_init
 .text.nrf_cc3xx_platform_ctr_drbg_get
                0x0000000000007a74       0x44 /home/musman/ncs/nrfSDK/nrfxlib/crypto/nrf_cc312_platform/lib/cortex-m33/soft-float/no-interrupts/libnrf_cc312_platform_0.9.19.a(nrf_cc3xx_platform_ctr_drbg.c.obj)
                0x0000000000007a74                nrf_cc3xx_platform_ctr_drbg_get
 .text.mutex_free
                0x0000000000007ab8       0x34 /home/musman/ncs/nrfSDK/nrfxlib/crypto/nrf_cc312_platform/lib/cortex-m33/soft-float/no-interrupts/libnrf_cc312_platform_0.9.19.a(nrf_cc3xx_platform_mutex.c.obj)
 .text.mutex_lock
                0x0000000000007aec       0x48 /home/musman/ncs/nrfSDK/nrfxlib/crypto/nrf_cc312_platform/lib/cortex-m33/soft-float/no-interrupts/libnrf_cc312_platform_0.9.19.a(nrf_cc3xx_platform_mutex.c.obj)
 .text.mutex_unlock
                0x0000000000007b34       0x38 /home/musman/ncs/nrfSDK/nrfxlib/crypto/nrf_cc312_platform/lib/cortex-m33/soft-float/no-interrupts/libnrf_cc312_platform_0.9.19.a(nrf_cc3xx_platform_mutex.c.obj)
 .text.mutex_init
                0x0000000000007b6c       0x20 /home/musman/ncs/nrfSDK/nrfxlib/crypto/nrf_cc312_platform/lib/cortex-m33/soft-float/no-interrupts/libnrf_cc312_platform_0.9.19.a(nrf_cc3xx_platform_mutex.c.obj)
 .text.nrf_cc3xx_platform_set_mutexes
                0x0000000000007b8c       0x78 /home/musman/ncs/nrfSDK/nrfxlib/crypto/nrf_cc312_platform/lib/cortex-m33/soft-float/no-interrupts/libnrf_cc312_platform_0.9.19.a(nrf_cc3xx_platform_mutex.c.obj)
                0x0000000000007b8c                nrf_cc3xx_platform_set_mutexes
 .text.mbedtls_zeroize_internal
                0x0000000000007c04       0x14 /home/musman/ncs/nrfSDK/nrfxlib/crypto/nrf_cc312_platform/lib/cortex-m33/soft-float/no-interrupts/libnrf_cc312_platform_0.9.19.a(mbedtls_common.c.obj)
                0x0000000000007c04                mbedtls_zeroize_internal
 .text.cc_mbedtls_platform_zeroize
                0x0000000000007c18       0x14 /home/musman/ncs/nrfSDK/nrfxlib/crypto/nrf_cc312_platform/lib/cortex-m33/soft-float/no-interrupts/libnrf_cc312_platform_0.9.19.a(mbedtls_common.c.obj)
                0x0000000000007c18                cc_mbedtls_platform_zeroize
 .text.block_cipher_df
                0x0000000000007c2c      0x1d0 /home/musman/ncs/nrfSDK/nrfxlib/crypto/nrf_cc312_platform/lib/cortex-m33/soft-float/no-interrupts/libnrf_cc312_platform_0.9.19.a(ctr_drbg.c.obj)
 .text.ctr_drbg_update_internal
                0x0000000000007dfc      0x174 /home/musman/ncs/nrfSDK/nrfxlib/crypto/nrf_cc312_platform/lib/cortex-m33/soft-float/no-interrupts/libnrf_cc312_platform_0.9.19.a(ctr_drbg.c.obj)
 .text.mbedtls_ctr_drbg_reseed_internal
                0x0000000000007f70       0xc4 /home/musman/ncs/nrfSDK/nrfxlib/crypto/nrf_cc312_platform/lib/cortex-m33/soft-float/no-interrupts/libnrf_cc312_platform_0.9.19.a(ctr_drbg.c.obj)
 .text.cc_mbedtls_ctr_drbg_init
                0x0000000000008034       0x2c /home/musman/ncs/nrfSDK/nrfxlib/crypto/nrf_cc312_platform/lib/cortex-m33/soft-float/no-interrupts/libnrf_cc312_platform_0.9.19.a(ctr_drbg.c.obj)
                0x0000000000008034                cc_mbedtls_ctr_drbg_init
 .text.cc_mbedtls_ctr_drbg_seed
                0x0000000000008060       0xa0 /home/musman/ncs/nrfSDK/nrfxlib/crypto/nrf_cc312_platform/lib/cortex-m33/soft-float/no-interrupts/libnrf_cc312_platform_0.9.19.a(ctr_drbg.c.obj)
                0x0000000000008060                cc_mbedtls_ctr_drbg_seed
 .text.cc_mbedtls_ctr_drbg_random_with_add
                0x0000000000008100      0x1e4 /home/musman/ncs/nrfSDK/nrfxlib/crypto/nrf_cc312_platform/lib/cortex-m33/soft-float/no-interrupts/libnrf_cc312_platform_0.9.19.a(ctr_drbg.c.obj)
                0x0000000000008100                cc_mbedtls_ctr_drbg_random_with_add
 .text.entropy_update
                0x00000000000082e4       0x7c /home/musman/ncs/nrfSDK/nrfxlib/crypto/nrf_cc312_platform/lib/cortex-m33/soft-float/no-interrupts/libnrf_cc312_platform_0.9.19.a(custom_entropy.c.obj)
 .text.entropy_gather_internal.part.0
                0x0000000000008360       0x88 /home/musman/ncs/nrfSDK/nrfxlib/crypto/nrf_cc312_platform/lib/cortex-m33/soft-float/no-interrupts/libnrf_cc312_platform_0.9.19.a(custom_entropy.c.obj)
 .text.cc_mbedtls_entropy_init
                0x00000000000083e8       0x84 /home/musman/ncs/nrfSDK/nrfxlib/crypto/nrf_cc312_platform/lib/cortex-m33/soft-float/no-interrupts/libnrf_cc312_platform_0.9.19.a(custom_entropy.c.obj)
                0x00000000000083e8                cc_mbedtls_entropy_init
 .text.cc_mbedtls_entropy_func
                0x000000000000846c      0x110 /home/musman/ncs/nrfSDK/nrfxlib/crypto/nrf_cc312_platform/lib/cortex-m33/soft-float/no-interrupts/libnrf_cc312_platform_0.9.19.a(custom_entropy.c.obj)
                0x000000000000846c                cc_mbedtls_entropy_func
 .text.RndStartupTest.constprop.0
                0x000000000000857c       0xac /home/musman/ncs/nrfSDK/nrfxlib/crypto/nrf_cc312_platform/lib/cortex-m33/soft-float/no-interrupts/libnrf_cc312_platform_0.9.19.a(cc_lib.c.obj)
 .text.CC_LibInit
                0x0000000000008628       0x74 /home/musman/ncs/nrfSDK/nrfxlib/crypto/nrf_cc312_platform/lib/cortex-m33/soft-float/no-interrupts/libnrf_cc312_platform_0.9.19.a(cc_lib.c.obj)
                0x0000000000008628                CC_LibInit
 .text.CC_HalInit
                0x000000000000869c        0x4 /home/musman/ncs/nrfSDK/nrfxlib/crypto/nrf_cc312_platform/lib/cortex-m33/soft-float/no-interrupts/libnrf_cc312_platform_0.9.19.a(cc_hal.c.obj)
                0x000000000000869c                CC_HalInit
 .text.CC_HalClearInterruptBit
                0x00000000000086a0       0x1c /home/musman/ncs/nrfSDK/nrfxlib/crypto/nrf_cc312_platform/lib/cortex-m33/soft-float/no-interrupts/libnrf_cc312_platform_0.9.19.a(cc_hal.c.obj)
                0x00000000000086a0                CC_HalClearInterruptBit
 .text.CC_HalMaskInterrupt
                0x00000000000086bc        0xc /home/musman/ncs/nrfSDK/nrfxlib/crypto/nrf_cc312_platform/lib/cortex-m33/soft-float/no-interrupts/libnrf_cc312_platform_0.9.19.a(cc_hal.c.obj)
                0x00000000000086bc                CC_HalMaskInterrupt
 .text.CC_HalWaitInterrupt
                0x00000000000086c8        0xc /home/musman/ncs/nrfSDK/nrfxlib/crypto/nrf_cc312_platform/lib/cortex-m33/soft-float/no-interrupts/libnrf_cc312_platform_0.9.19.a(cc_hal.c.obj)
                0x00000000000086c8                CC_HalWaitInterrupt
 .text.CC_HalWaitInterruptRND
                0x00000000000086d4        0xc /home/musman/ncs/nrfSDK/nrfxlib/crypto/nrf_cc312_platform/lib/cortex-m33/soft-float/no-interrupts/libnrf_cc312_platform_0.9.19.a(cc_hal.c.obj)
                0x00000000000086d4                CC_HalWaitInterruptRND
 .text.CC_PalInit
                0x00000000000086e0       0x5c /home/musman/ncs/nrfSDK/nrfxlib/crypto/nrf_cc312_platform/lib/cortex-m33/soft-float/no-interrupts/libnrf_cc312_platform_0.9.19.a(cc_pal.c.obj)
                0x00000000000086e0                CC_PalInit
 .text.CC_PalTerminate
                0x000000000000873c       0x34 /home/musman/ncs/nrfSDK/nrfxlib/crypto/nrf_cc312_platform/lib/cortex-m33/soft-float/no-interrupts/libnrf_cc312_platform_0.9.19.a(cc_pal.c.obj)
                0x000000000000873c                CC_PalTerminate
 .text.CC_PalDmaInit
                0x0000000000008770        0x4 /home/musman/ncs/nrfSDK/nrfxlib/crypto/nrf_cc312_platform/lib/cortex-m33/soft-float/no-interrupts/libnrf_cc312_platform_0.9.19.a(cc_pal_dma.c.obj)
                0x0000000000008770                CC_PalDmaInit
 .text.CC_PalDmaTerminate
                0x0000000000008774        0x4 /home/musman/ncs/nrfSDK/nrfxlib/crypto/nrf_cc312_platform/lib/cortex-m33/soft-float/no-interrupts/libnrf_cc312_platform_0.9.19.a(cc_pal_dma.c.obj)
                0x0000000000008774                CC_PalDmaTerminate
 .text.CC_PalWaitInterruptRND
                0x0000000000008778       0x38 /home/musman/ncs/nrfSDK/nrfxlib/crypto/nrf_cc312_platform/lib/cortex-m33/soft-float/no-interrupts/libnrf_cc312_platform_0.9.19.a(cc_pal_interrupt_ctrl.c.obj)
                0x0000000000008778                CC_PalWaitInterruptRND
 .text.CC_PalWaitInterrupt
                0x00000000000087b0       0x28 /home/musman/ncs/nrfSDK/nrfxlib/crypto/nrf_cc312_platform/lib/cortex-m33/soft-float/no-interrupts/libnrf_cc312_platform_0.9.19.a(cc_pal_interrupt_ctrl.c.obj)
                0x00000000000087b0                CC_PalWaitInterrupt
 .text.CC_PalMemCopyPlat
                0x00000000000087d8        0x4 /home/musman/ncs/nrfSDK/nrfxlib/crypto/nrf_cc312_platform/lib/cortex-m33/soft-float/no-interrupts/libnrf_cc312_platform_0.9.19.a(cc_pal_mem.c.obj)
                0x00000000000087d8                CC_PalMemCopyPlat
 .text.CC_PalMemSetPlat
                0x00000000000087dc        0x4 /home/musman/ncs/nrfSDK/nrfxlib/crypto/nrf_cc312_platform/lib/cortex-m33/soft-float/no-interrupts/libnrf_cc312_platform_0.9.19.a(cc_pal_mem.c.obj)
                0x00000000000087dc                CC_PalMemSetPlat
 .text.CC_PalMemSetZeroPlat
                0x00000000000087e0        0x8 /home/musman/ncs/nrfSDK/nrfxlib/crypto/nrf_cc312_platform/lib/cortex-m33/soft-float/no-interrupts/libnrf_cc312_platform_0.9.19.a(cc_pal_mem.c.obj)
                0x00000000000087e0                CC_PalMemSetZeroPlat
 .text.CC_PalMutexCreate
                0x00000000000087e8       0x14 /home/musman/ncs/nrfSDK/nrfxlib/crypto/nrf_cc312_platform/lib/cortex-m33/soft-float/no-interrupts/libnrf_cc312_platform_0.9.19.a(cc_pal_mutex.c.obj)
                0x00000000000087e8                CC_PalMutexCreate
 .text.CC_PalMutexDestroy
                0x00000000000087fc       0x14 /home/musman/ncs/nrfSDK/nrfxlib/crypto/nrf_cc312_platform/lib/cortex-m33/soft-float/no-interrupts/libnrf_cc312_platform_0.9.19.a(cc_pal_mutex.c.obj)
                0x00000000000087fc                CC_PalMutexDestroy
 .text.CC_PalMutexLock
                0x0000000000008810       0x10 /home/musman/ncs/nrfSDK/nrfxlib/crypto/nrf_cc312_platform/lib/cortex-m33/soft-float/no-interrupts/libnrf_cc312_platform_0.9.19.a(cc_pal_mutex.c.obj)
                0x0000000000008810                CC_PalMutexLock
 .text.CC_PalMutexUnlock
                0x0000000000008820       0x14 /home/musman/ncs/nrfSDK/nrfxlib/crypto/nrf_cc312_platform/lib/cortex-m33/soft-float/no-interrupts/libnrf_cc312_platform_0.9.19.a(cc_pal_mutex.c.obj)
                0x0000000000008820                CC_PalMutexUnlock
 .text.CC_PalPowerSaveModeInit
                0x0000000000008834       0x3c /home/musman/ncs/nrfSDK/nrfxlib/crypto/nrf_cc312_platform/lib/cortex-m33/soft-float/no-interrupts/libnrf_cc312_platform_0.9.19.a(cc_pal_pm.c.obj)
                0x0000000000008834                CC_PalPowerSaveModeInit
 .text.CC_PalPowerSaveModeSelect
                0x0000000000008870       0x84 /home/musman/ncs/nrfSDK/nrfxlib/crypto/nrf_cc312_platform/lib/cortex-m33/soft-float/no-interrupts/libnrf_cc312_platform_0.9.19.a(cc_pal_pm.c.obj)
                0x0000000000008870                CC_PalPowerSaveModeSelect
 .text.mutex_init
                0x00000000000088f4        0xc /home/musman/ncs/nrfSDK/nrfxlib/crypto/nrf_cc312_platform/lib/cortex-m33/soft-float/no-interrupts/libnrf_cc312_platform_0.9.19.a(threading_alt.c.obj)
                0x00000000000088f4                mutex_init
 .text.mutex_lock
                0x0000000000008900        0xc /home/musman/ncs/nrfSDK/nrfxlib/crypto/nrf_cc312_platform/lib/cortex-m33/soft-float/no-interrupts/libnrf_cc312_platform_0.9.19.a(threading_alt.c.obj)
                0x0000000000008900                mutex_lock
 .text.mutex_unlock
                0x000000000000890c        0xc /home/musman/ncs/nrfSDK/nrfxlib/crypto/nrf_cc312_platform/lib/cortex-m33/soft-float/no-interrupts/libnrf_cc312_platform_0.9.19.a(threading_alt.c.obj)
                0x000000000000890c                mutex_unlock
 .text.startTrngHW
                0x0000000000008918      0x130 /home/musman/ncs/nrfSDK/nrfxlib/crypto/nrf_cc312_platform/lib/cortex-m33/soft-float/no-interrupts/libnrf_cc312_platform_0.9.19.a(llf_rnd_trng90b.c.obj)
 .text.LLF_RND_RepetitionCounterTest
                0x0000000000008a48       0x64 /home/musman/ncs/nrfSDK/nrfxlib/crypto/nrf_cc312_platform/lib/cortex-m33/soft-float/no-interrupts/libnrf_cc312_platform_0.9.19.a(llf_rnd_trng90b.c.obj)
                0x0000000000008a48                LLF_RND_RepetitionCounterTest
 .text.LLF_RND_AdaptiveProportionTest
                0x0000000000008aac       0x80 /home/musman/ncs/nrfSDK/nrfxlib/crypto/nrf_cc312_platform/lib/cortex-m33/soft-float/no-interrupts/libnrf_cc312_platform_0.9.19.a(llf_rnd_trng90b.c.obj)
                0x0000000000008aac                LLF_RND_AdaptiveProportionTest
 .text.getTrngSource
                0x0000000000008b2c      0x2a8 /home/musman/ncs/nrfSDK/nrfxlib/crypto/nrf_cc312_platform/lib/cortex-m33/soft-float/no-interrupts/libnrf_cc312_platform_0.9.19.a(llf_rnd_trng90b.c.obj)
 .text.LLF_RND_GetTrngSource
                0x0000000000008dd4       0x18 /home/musman/ncs/nrfSDK/nrfxlib/crypto/nrf_cc312_platform/lib/cortex-m33/soft-float/no-interrupts/libnrf_cc312_platform_0.9.19.a(llf_rnd_trng90b.c.obj)
                0x0000000000008dd4                LLF_RND_GetTrngSource
 .text.LLF_RND_RunTrngStartupTest
                0x0000000000008dec       0x1c /home/musman/ncs/nrfSDK/nrfxlib/crypto/nrf_cc312_platform/lib/cortex-m33/soft-float/no-interrupts/libnrf_cc312_platform_0.9.19.a(llf_rnd_trng90b.c.obj)
                0x0000000000008dec                LLF_RND_RunTrngStartupTest
 .text.mbedtls_hardware_poll
                0x0000000000008e08      0x104 /home/musman/ncs/nrfSDK/nrfxlib/crypto/nrf_cc312_platform/lib/cortex-m33/soft-float/no-interrupts/libnrf_cc312_platform_0.9.19.a(trng_api.c.obj)
                0x0000000000008e08                mbedtls_hardware_poll
 .text.cc_mbedtls_aes_init
                0x0000000000008f0c       0x20 /home/musman/ncs/nrfSDK/nrfxlib/crypto/nrf_cc312_platform/lib/cortex-m33/soft-float/no-interrupts/libnrf_cc312_platform_0.9.19.a(aes_alt.c.obj)
                0x0000000000008f0c                cc_mbedtls_aes_init
 .text.cc_mbedtls_aes_free
                0x0000000000008f2c        0xc /home/musman/ncs/nrfSDK/nrfxlib/crypto/nrf_cc312_platform/lib/cortex-m33/soft-float/no-interrupts/libnrf_cc312_platform_0.9.19.a(aes_alt.c.obj)
                0x0000000000008f2c                cc_mbedtls_aes_free
 .text.cc_mbedtls_aes_setkey_enc
                0x0000000000008f38       0x44 /home/musman/ncs/nrfSDK/nrfxlib/crypto/nrf_cc312_platform/lib/cortex-m33/soft-float/no-interrupts/libnrf_cc312_platform_0.9.19.a(aes_alt.c.obj)
                0x0000000000008f38                cc_mbedtls_aes_setkey_enc
 .text.cc_mbedtls_aes_crypt_ecb
                0x0000000000008f7c       0x50 /home/musman/ncs/nrfSDK/nrfxlib/crypto/nrf_cc312_platform/lib/cortex-m33/soft-float/no-interrupts/libnrf_cc312_platform_0.9.19.a(aes_alt.c.obj)
                0x0000000000008f7c                cc_mbedtls_aes_crypt_ecb
 .text.cc_mbedtls_sha256_init
                0x0000000000008fcc       0x28 /home/musman/ncs/nrfSDK/nrfxlib/crypto/nrf_cc312_platform/lib/cortex-m33/soft-float/no-interrupts/libnrf_cc312_platform_0.9.19.a(sha256_alt.c.obj)
                0x0000000000008fcc                cc_mbedtls_sha256_init
 .text.cc_mbedtls_sha256_free
                0x0000000000008ff4        0xc /home/musman/ncs/nrfSDK/nrfxlib/crypto/nrf_cc312_platform/lib/cortex-m33/soft-float/no-interrupts/libnrf_cc312_platform_0.9.19.a(sha256_alt.c.obj)
                0x0000000000008ff4                cc_mbedtls_sha256_free
 .text.cc_mbedtls_sha256_starts
                0x0000000000009000       0x28 /home/musman/ncs/nrfSDK/nrfxlib/crypto/nrf_cc312_platform/lib/cortex-m33/soft-float/no-interrupts/libnrf_cc312_platform_0.9.19.a(sha256_alt.c.obj)
                0x0000000000009000                cc_mbedtls_sha256_starts
 .text.cc_mbedtls_sha256_update
                0x0000000000009028       0x54 /home/musman/ncs/nrfSDK/nrfxlib/crypto/nrf_cc312_platform/lib/cortex-m33/soft-float/no-interrupts/libnrf_cc312_platform_0.9.19.a(sha256_alt.c.obj)
                0x0000000000009028                cc_mbedtls_sha256_update
 .text.cc_mbedtls_sha256_finish
                0x000000000000907c       0x48 /home/musman/ncs/nrfSDK/nrfxlib/crypto/nrf_cc312_platform/lib/cortex-m33/soft-float/no-interrupts/libnrf_cc312_platform_0.9.19.a(sha256_alt.c.obj)
                0x000000000000907c                cc_mbedtls_sha256_finish
 .text.mbedtls_sha_starts_internal
                0x00000000000090c4       0x28 /home/musman/ncs/nrfSDK/nrfxlib/crypto/nrf_cc312_platform/lib/cortex-m33/soft-float/no-interrupts/libnrf_cc312_platform_0.9.19.a(mbedtls_hash_common.c.obj)
                0x00000000000090c4                mbedtls_sha_starts_internal
 .text.mbedtls_sha_finish_internal
                0x00000000000090ec       0x5c /home/musman/ncs/nrfSDK/nrfxlib/crypto/nrf_cc312_platform/lib/cortex-m33/soft-float/no-interrupts/libnrf_cc312_platform_0.9.19.a(mbedtls_hash_common.c.obj)
                0x00000000000090ec                mbedtls_sha_finish_internal
 .text.mbedtls_sha_update_internal
                0x0000000000009148      0x1ec /home/musman/ncs/nrfSDK/nrfxlib/crypto/nrf_cc312_platform/lib/cortex-m33/soft-float/no-interrupts/libnrf_cc312_platform_0.9.19.a(mbedtls_hash_common.c.obj)
                0x0000000000009148                mbedtls_sha_update_internal
 .text.cc_mbedtls_sha256
                0x0000000000009334       0x50 /home/musman/ncs/nrfSDK/nrfxlib/crypto/nrf_cc312_platform/lib/cortex-m33/soft-float/no-interrupts/libnrf_cc312_platform_0.9.19.a(sha256.c.obj)
                0x0000000000009334                cc_mbedtls_sha256
 .text.RNG_PLAT_SetUserRngParameters
                0x0000000000009384       0x74 /home/musman/ncs/nrfSDK/nrfxlib/crypto/nrf_cc312_platform/lib/cortex-m33/soft-float/no-interrupts/libnrf_cc312_platform_0.9.19.a(cc_rng_plat.c.obj)
                0x0000000000009384                RNG_PLAT_SetUserRngParameters
 .text.CC_PalTrngParamGet
                0x00000000000093f8       0xac /home/musman/ncs/nrfSDK/nrfxlib/crypto/nrf_cc312_platform/lib/cortex-m33/soft-float/no-interrupts/libnrf_cc312_platform_0.9.19.a(cc_pal_trng.c.obj)
                0x00000000000093f8                CC_PalTrngParamGet
 .text.LLF_RND_WaitRngInterrupt
                0x00000000000094a4       0x20 /home/musman/ncs/nrfSDK/nrfxlib/crypto/nrf_cc312_platform/lib/cortex-m33/soft-float/no-interrupts/libnrf_cc312_platform_0.9.19.a(llf_rnd.c.obj)
                0x00000000000094a4                LLF_RND_WaitRngInterrupt
 .text.LLF_RND_GetRoscSampleCnt
                0x00000000000094c4       0x34 /home/musman/ncs/nrfSDK/nrfxlib/crypto/nrf_cc312_platform/lib/cortex-m33/soft-float/no-interrupts/libnrf_cc312_platform_0.9.19.a(llf_rnd.c.obj)
                0x00000000000094c4                LLF_RND_GetRoscSampleCnt
 .text.LLF_RND_GetFastestRosc
                0x00000000000094f8       0x20 /home/musman/ncs/nrfSDK/nrfxlib/crypto/nrf_cc312_platform/lib/cortex-m33/soft-float/no-interrupts/libnrf_cc312_platform_0.9.19.a(llf_rnd.c.obj)
                0x00000000000094f8                LLF_RND_GetFastestRosc
 .text.LLF_RND_TurnOffTrng
                0x0000000000009518       0x24 /home/musman/ncs/nrfSDK/nrfxlib/crypto/nrf_cc312_platform/lib/cortex-m33/soft-float/no-interrupts/libnrf_cc312_platform_0.9.19.a(llf_rnd.c.obj)
                0x0000000000009518                LLF_RND_TurnOffTrng
 .text.SetDataBuffersInfo
                0x000000000000953c       0x64 /home/musman/ncs/nrfSDK/nrfxlib/crypto/nrf_cc312_platform/lib/cortex-m33/soft-float/no-interrupts/libnrf_cc312_platform_0.9.19.a(driver_common.c.obj)
                0x000000000000953c                SetDataBuffersInfo
 .text.InitHashDrv
                0x00000000000095a0       0x50 /home/musman/ncs/nrfSDK/nrfxlib/crypto/nrf_cc312_platform/lib/cortex-m33/soft-float/no-interrupts/libnrf_cc312_platform_0.9.19.a(hash_driver.c.obj)
                0x00000000000095a0                InitHashDrv
 .text.ProcessHashDrv
                0x00000000000095f0      0x210 /home/musman/ncs/nrfSDK/nrfxlib/crypto/nrf_cc312_platform/lib/cortex-m33/soft-float/no-interrupts/libnrf_cc312_platform_0.9.19.a(hash_driver.c.obj)
                0x00000000000095f0                ProcessHashDrv
 .text.FinishHashDrv
                0x0000000000009800       0x74 /home/musman/ncs/nrfSDK/nrfxlib/crypto/nrf_cc312_platform/lib/cortex-m33/soft-float/no-interrupts/libnrf_cc312_platform_0.9.19.a(hash_driver.c.obj)
                0x0000000000009800                FinishHashDrv
 .text.InitAes  0x0000000000009874       0xc8 /home/musman/ncs/nrfSDK/nrfxlib/crypto/nrf_cc312_platform/lib/cortex-m33/soft-float/no-interrupts/libnrf_cc312_platform_0.9.19.a(aes_driver.c.obj)
 .text.LoadAesKey
                0x000000000000993c      0x114 /home/musman/ncs/nrfSDK/nrfxlib/crypto/nrf_cc312_platform/lib/cortex-m33/soft-float/no-interrupts/libnrf_cc312_platform_0.9.19.a(aes_driver.c.obj)
 .text.write_invalid_key
                0x0000000000009a50       0x50 /home/musman/ncs/nrfSDK/nrfxlib/crypto/nrf_cc312_platform/lib/cortex-m33/soft-float/no-interrupts/libnrf_cc312_platform_0.9.19.a(aes_driver.c.obj)
                0x0000000000009a50                write_invalid_key
 .text.ProcessAesDrv
                0x0000000000009aa0      0x338 /home/musman/ncs/nrfSDK/nrfxlib/crypto/nrf_cc312_platform/lib/cortex-m33/soft-float/no-interrupts/libnrf_cc312_platform_0.9.19.a(aes_driver.c.obj)
                0x0000000000009aa0                ProcessAesDrv
 .text.FinishAesDrv
                0x0000000000009dd8      0x200 /home/musman/ncs/nrfSDK/nrfxlib/crypto/nrf_cc312_platform/lib/cortex-m33/soft-float/no-interrupts/libnrf_cc312_platform_0.9.19.a(aes_driver.c.obj)
                0x0000000000009dd8                FinishAesDrv
 .text.kmu_validate_slot_and_size
                0x0000000000009fd8       0x2c /home/musman/ncs/nrfSDK/nrfxlib/crypto/nrf_cc312_platform/lib/cortex-m33/soft-float/no-interrupts/libnrf_cc312_platform_0.9.19.a(kmu_shared.c.obj)
                0x0000000000009fd8                kmu_validate_slot_and_size
 .text.kmu_validate_slot_and_size_no_kdr
                0x000000000000a004       0x2c /home/musman/ncs/nrfSDK/nrfxlib/crypto/nrf_cc312_platform/lib/cortex-m33/soft-float/no-interrupts/libnrf_cc312_platform_0.9.19.a(kmu_shared.c.obj)
                0x000000000000a004                kmu_validate_slot_and_size_no_kdr
 .text.kmu_load_key_aes
                0x000000000000a030      0x200 /home/musman/ncs/nrfSDK/nrfxlib/crypto/nrf_cc312_platform/lib/cortex-m33/soft-float/no-interrupts/libnrf_cc312_platform_0.9.19.a(kmu_shared.c.obj)
                0x000000000000a030                kmu_load_key_aes
 .text.kmu_derive_cmac
                0x000000000000a230      0x120 /home/musman/ncs/nrfSDK/nrfxlib/crypto/nrf_cc312_platform/lib/cortex-m33/soft-float/no-interrupts/libnrf_cc312_platform_0.9.19.a(kmu_shared.c.obj)
                0x000000000000a230                kmu_derive_cmac
 .text.UtilCmacBuildDataForDerivation
                0x000000000000a350       0xc0 /home/musman/ncs/nrfSDK/nrfxlib/crypto/nrf_cc312_platform/lib/cortex-m33/soft-float/no-interrupts/libnrf_cc312_platform_0.9.19.a(cc_util_cmac.c.obj)
                0x000000000000a350                UtilCmacBuildDataForDerivation
 .text.CC_PalDataBufferAttrGet
                0x000000000000a410        0x8 /home/musman/ncs/nrfSDK/nrfxlib/crypto/nrf_cc312_platform/lib/cortex-m33/soft-float/no-interrupts/libnrf_cc312_platform_0.9.19.a(cc_pal_buff_attr.c.obj)
                0x000000000000a410                CC_PalDataBufferAttrGet
 .text.snprintf
                0x000000000000a418       0x58 /home/musman/ncs/toolchains/b2ecd2435d/opt/zephyr-sdk/arm-zephyr-eabi/bin/../lib/gcc/../../picolibc/arm-zephyr-eabi/lib/thumb/v8-m.main/nofp/libc.a(libc_tinystdio_snprintf.c.o)
                0x000000000000a418                snprintf
 .text.skip_to_arg
                0x000000000000a470      0x134 /home/musman/ncs/toolchains/b2ecd2435d/opt/zephyr-sdk/arm-zephyr-eabi/bin/../lib/gcc/../../picolibc/arm-zephyr-eabi/lib/thumb/v8-m.main/nofp/libc.a(libc_tinystdio_vfprintf.c.o)
 .text.vfprintf
                0x000000000000a5a4      0x9a8 /home/musman/ncs/toolchains/b2ecd2435d/opt/zephyr-sdk/arm-zephyr-eabi/bin/../lib/gcc/../../picolibc/arm-zephyr-eabi/lib/thumb/v8-m.main/nofp/libc.a(libc_tinystdio_vfprintf.c.o)
                0x000000000000a5a4                __d_vfprintf
 .text.div10    0x000000000000af4c       0x28 /home/musman/ncs/toolchains/b2ecd2435d/opt/zephyr-sdk/arm-zephyr-eabi/bin/../lib/gcc/../../picolibc/arm-zephyr-eabi/lib/thumb/v8-m.main/nofp/libc.a(libc_tinystdio_dtoa_ryu.c.o)
 .text.__dtoa_engine
                0x000000000000af74      0x4a8 /home/musman/ncs/toolchains/b2ecd2435d/opt/zephyr-sdk/arm-zephyr-eabi/bin/../lib/gcc/../../picolibc/arm-zephyr-eabi/lib/thumb/v8-m.main/nofp/libc.a(libc_tinystdio_dtoa_ryu.c.o)
                0x000000000000af74                __dtoa_engine
 .text.__log10Pow2
                0x000000000000b41c        0xc /home/musman/ncs/toolchains/b2ecd2435d/opt/zephyr-sdk/arm-zephyr-eabi/bin/../lib/gcc/../../picolibc/arm-zephyr-eabi/lib/thumb/v8-m.main/nofp/libc.a(libc_tinystdio_ryu_log10.c.o)
                0x000000000000b41c                __log10Pow2
 .text.__log10Pow5
                0x000000000000b428        0xc /home/musman/ncs/toolchains/b2ecd2435d/opt/zephyr-sdk/arm-zephyr-eabi/bin/../lib/gcc/../../picolibc/arm-zephyr-eabi/lib/thumb/v8-m.main/nofp/libc.a(libc_tinystdio_ryu_log10.c.o)
                0x000000000000b428                __log10Pow5
 .text.__pow5bits
                0x000000000000b434       0x10 /home/musman/ncs/toolchains/b2ecd2435d/opt/zephyr-sdk/arm-zephyr-eabi/bin/../lib/gcc/../../picolibc/arm-zephyr-eabi/lib/thumb/v8-m.main/nofp/libc.a(libc_tinystdio_ryu_pow5bits.c.o)
                0x000000000000b434                __pow5bits
 .text.__pow5Factor
                0x000000000000b444       0x30 /home/musman/ncs/toolchains/b2ecd2435d/opt/zephyr-sdk/arm-zephyr-eabi/bin/../lib/gcc/../../picolibc/arm-zephyr-eabi/lib/thumb/v8-m.main/nofp/libc.a(libc_tinystdio_ryu_table.c.o)
                0x000000000000b444                __pow5Factor
 .text.__double_computePow5
                0x000000000000b474       0xe4 /home/musman/ncs/toolchains/b2ecd2435d/opt/zephyr-sdk/arm-zephyr-eabi/bin/../lib/gcc/../../picolibc/arm-zephyr-eabi/lib/thumb/v8-m.main/nofp/libc.a(libc_tinystdio_ryu_table.c.o)
                0x000000000000b474                __double_computePow5
 .text.__double_computeInvPow5
                0x000000000000b558       0xf8 /home/musman/ncs/toolchains/b2ecd2435d/opt/zephyr-sdk/arm-zephyr-eabi/bin/../lib/gcc/../../picolibc/arm-zephyr-eabi/lib/thumb/v8-m.main/nofp/libc.a(libc_tinystdio_ryu_table.c.o)
                0x000000000000b558                __double_computeInvPow5
 .text._OffsetAbsSyms
                0x000000000000b650        0x2 zephyr/CMakeFiles/offsets.dir/./arch/arm/core/offsets/offsets.c.obj
                0x000000000000b650                _OffsetAbsSyms
 .text.gpio_pin_toggle_dt
                0x000000000000b652       0x14 app/libapp.a(main.c.obj)
 .text.k_msleep
                0x000000000000b666       0x2c app/libapp.a(main.c.obj)
 .text.k_uptime_delta
                0x000000000000b692       0x46 app/libapp.a(main.c.obj)
 .text.z_impl_gpio_pin_configure
                0x000000000000b6d8       0x50 app/libapp.a(led.c.obj)
 .text.gpio_pin_configure_dt
                0x000000000000b728       0x16 app/libapp.a(led.c.obj)
 .text.gpio_pin_set_raw
                0x000000000000b73e       0x20 app/libapp.a(led.c.obj)
 .text.gpio_pin_set
                0x000000000000b75e       0x1a app/libapp.a(led.c.obj)
 .text.z_impl_i2c_transfer
                0x000000000000b778       0x2e app/libapp.a(bme680_i2c.c.obj)
 .text.i2c_write
                0x000000000000b7a6       0x1c app/libapp.a(bme680_i2c.c.obj)
 .text.i2c_read
                0x000000000000b7c2       0x1c app/libapp.a(bme680_i2c.c.obj)
 .text.set_chunk_used
                0x000000000000b7de       0x38 zephyr/libzephyr.a(heap.c.obj)
 .text.chunk_mem
                0x000000000000b816       0x16 zephyr/libzephyr.a(heap.c.obj)
 .text.free_list_remove_bidx
                0x000000000000b82c       0x6e zephyr/libzephyr.a(heap.c.obj)
 .text.free_list_add_bidx
                0x000000000000b89a       0xa4 zephyr/libzephyr.a(heap.c.obj)
 .text.split_chunks
                0x000000000000b93e       0x86 zephyr/libzephyr.a(heap.c.obj)
 .text.merge_chunks
                0x000000000000b9c4       0x66 zephyr/libzephyr.a(heap.c.obj)
 .text.mem_to_chunkid
                0x000000000000ba2a       0x16 zephyr/libzephyr.a(heap.c.obj)
 .text.free_list_remove
                0x000000000000ba40       0x52 zephyr/libzephyr.a(heap.c.obj)
 .text.free_list_add
                0x000000000000ba92       0x52 zephyr/libzephyr.a(heap.c.obj)
 .text.free_chunk
                0x000000000000bae4       0xb6 zephyr/libzephyr.a(heap.c.obj)
 .text.alloc_chunk
                0x000000000000bb9a       0xa2 zephyr/libzephyr.a(heap.c.obj)
 .text.sys_heap_free
                0x000000000000bc3c       0x24 zephyr/libzephyr.a(heap.c.obj)
                0x000000000000bc3c                sys_heap_free
 .text.sys_heap_alloc
                0x000000000000bc60       0x7c zephyr/libzephyr.a(heap.c.obj)
                0x000000000000bc60                sys_heap_alloc
 .text.sys_heap_noalign_alloc
                0x000000000000bcdc        0xa zephyr/libzephyr.a(heap.c.obj)
                0x000000000000bcdc                sys_heap_noalign_alloc
 .text.sys_heap_init
                0x000000000000bce6       0xfc zephyr/libzephyr.a(heap.c.obj)
                0x000000000000bce6                sys_heap_init
 .text.cbprintf_via_va_list
                0x000000000000bde2        0xe zephyr/libzephyr.a(cbprintf_packaged.c.obj)
 .text.is_fmt_spec
                0x000000000000bdf0        0xe zephyr/libzephyr.a(cbprintf_packaged.c.obj)
 .text.get_package_len
                0x000000000000bdfe       0x2a zephyr/libzephyr.a(cbprintf_packaged.c.obj)
 .text.append_string
                0x000000000000be28       0x2c zephyr/libzephyr.a(cbprintf_packaged.c.obj)
 .text.cbpprintf_external
                0x000000000000be54       0x60 zephyr/libzephyr.a(cbprintf_packaged.c.obj)
                0x000000000000be54                cbpprintf_external
 .text.is_ptr   0x000000000000beb4       0x4e zephyr/libzephyr.a(cbprintf_packaged.c.obj)
                0x000000000000beb4                is_ptr
 .text.arch_printk_char_out
                0x000000000000bf02        0x4 zephyr/libzephyr.a(printk.c.obj)
                0x000000000000bf02                arch_printk_char_out
 .text.vprintk  0x000000000000bf06        0x8 zephyr/libzephyr.a(printk.c.obj)
                0x000000000000bf06                vprintk
 .text.printk   0x000000000000bf0e       0x1c zephyr/libzephyr.a(printk.c.obj)
                0x000000000000bf0e                printk
 .text.free_space
                0x000000000000bf2a       0x28 zephyr/libzephyr.a(mpsc_pbuf.c.obj)
 .text.available
                0x000000000000bf52       0x24 zephyr/libzephyr.a(mpsc_pbuf.c.obj)
 .text.get_usage
                0x000000000000bf76       0x24 zephyr/libzephyr.a(mpsc_pbuf.c.obj)
 .text.max_utilization_update
                0x000000000000bf9a       0x26 zephyr/libzephyr.a(mpsc_pbuf.c.obj)
 .text.rd_idx_inc
                0x000000000000bfc0       0x26 zephyr/libzephyr.a(mpsc_pbuf.c.obj)
 .text.add_skip_item
                0x000000000000bfe6       0x66 zephyr/libzephyr.a(mpsc_pbuf.c.obj)
 .text.drop_item_locked
                0x000000000000c04c      0x12e zephyr/libzephyr.a(mpsc_pbuf.c.obj)
 .text.post_drop_action
                0x000000000000c17a       0x62 zephyr/libzephyr.a(mpsc_pbuf.c.obj)
 .text.mpsc_pbuf_init
                0x000000000000c1dc       0x42 zephyr/libzephyr.a(mpsc_pbuf.c.obj)
                0x000000000000c1dc                mpsc_pbuf_init
 .text.mpsc_pbuf_alloc
                0x000000000000c21e      0x134 zephyr/libzephyr.a(mpsc_pbuf.c.obj)
                0x000000000000c21e                mpsc_pbuf_alloc
 .text.mpsc_pbuf_commit
                0x000000000000c352       0x50 zephyr/libzephyr.a(mpsc_pbuf.c.obj)
                0x000000000000c352                mpsc_pbuf_commit
 .text.mpsc_pbuf_claim
                0x000000000000c3a2       0xd0 zephyr/libzephyr.a(mpsc_pbuf.c.obj)
                0x000000000000c3a2                mpsc_pbuf_claim
 .text.mpsc_pbuf_free
                0x000000000000c472       0x88 zephyr/libzephyr.a(mpsc_pbuf.c.obj)
                0x000000000000c472                mpsc_pbuf_free
 .text.mpsc_pbuf_is_pending
                0x000000000000c4fa       0x2c zephyr/libzephyr.a(mpsc_pbuf.c.obj)
                0x000000000000c4fa                mpsc_pbuf_is_pending
 .text.set_state
                0x000000000000c526       0x10 zephyr/libzephyr.a(onoff.c.obj)
 .text.notify_monitors
                0x000000000000c536       0x44 zephyr/libzephyr.a(onoff.c.obj)
 .text.process_recheck
                0x000000000000c57a       0x32 zephyr/libzephyr.a(onoff.c.obj)
 .text.process_complete
                0x000000000000c5ac       0xa2 zephyr/libzephyr.a(onoff.c.obj)
 .text.validate_args
                0x000000000000c64e       0x2a zephyr/libzephyr.a(onoff.c.obj)
 .text.notify_one
                0x000000000000c678       0x26 zephyr/libzephyr.a(onoff.c.obj)
 .text.notify_all
                0x000000000000c69e       0x2e zephyr/libzephyr.a(onoff.c.obj)
 .text.transition_complete
                0x000000000000c6cc       0x1c zephyr/libzephyr.a(onoff.c.obj)
 .text.onoff_manager_init
                0x000000000000c6e8       0x38 zephyr/libzephyr.a(onoff.c.obj)
                0x000000000000c6e8                onoff_manager_init
 .text.onoff_request
                0x000000000000c720       0xbe zephyr/libzephyr.a(onoff.c.obj)
                0x000000000000c720                onoff_request
 .text.sys_notify_validate
                0x000000000000c7de       0x2e zephyr/libzephyr.a(notify.c.obj)
                0x000000000000c7de                sys_notify_validate
 .text.sys_notify_finalize
                0x000000000000c80c       0x1a zephyr/libzephyr.a(notify.c.obj)
                0x000000000000c80c                sys_notify_finalize
 .text._ConfigAbsSyms
                0x000000000000c826        0x2 zephyr/libzephyr.a(configs.c.obj)
                0x000000000000c826                _ConfigAbsSyms
 .text.log_msg_generic_get_wlen
                0x000000000000c828       0x20 zephyr/libzephyr.a(log_core.c.obj)
 .text.log_backend_init
                0x000000000000c848       0x14 zephyr/libzephyr.a(log_core.c.obj)
 .text.dummy_timestamp
                0x000000000000c85c        0x4 zephyr/libzephyr.a(log_core.c.obj)
 .text.msg_filter_check
                0x000000000000c860        0x4 zephyr/libzephyr.a(log_core.c.obj)
 .text.default_get_timestamp
                0x000000000000c864        0x8 zephyr/libzephyr.a(log_core.c.obj)
 .text.k_msleep
                0x000000000000c86c       0x2c zephyr/libzephyr.a(log_core.c.obj)
 .text.msg_alloc
                0x000000000000c898        0xc zephyr/libzephyr.a(log_core.c.obj)
 .text.msg_free
                0x000000000000c8a4        0x8 zephyr/libzephyr.a(log_core.c.obj)
 .text.msg_pending
                0x000000000000c8ac        0x8 zephyr/libzephyr.a(log_core.c.obj)
 .text.z_log_vprintk
                0x000000000000c8b4       0x1e zephyr/libzephyr.a(log_core.c.obj)
                0x000000000000c8b4                z_log_vprintk
 .text.z_log_notify_drop
                0x000000000000c8d2        0xa zephyr/libzephyr.a(log_core.c.obj)
 .text.z_log_msg_claim
                0x000000000000c8dc        0x8 zephyr/libzephyr.a(log_core.c.obj)
                0x000000000000c8dc                z_log_msg_claim
 .text.msg_commit
                0x000000000000c8e4        0xc zephyr/libzephyr.a(log_core.c.obj)
 .text.z_log_get_tag
                0x000000000000c8f0        0x4 zephyr/libzephyr.a(log_core.c.obj)
                0x000000000000c8f0                z_log_get_tag
 .text.log_backend_enable
                0x000000000000c8f4       0x16 zephyr/libzephyr.a(log_mgmt.c.obj)
                0x000000000000c8f4                log_backend_enable
 .text.z_cbprintf_cpy
                0x000000000000c90a       0x2c zephyr/libzephyr.a(log_msg.c.obj)
 .text.z_log_msg_finalize
                0x000000000000c936       0x2e zephyr/libzephyr.a(log_msg.c.obj)
                0x000000000000c936                z_log_msg_finalize
 .text.z_log_msg_simple_create
                0x000000000000c964       0x62 zephyr/libzephyr.a(log_msg.c.obj)
 .text.z_impl_z_log_msg_simple_create_0
                0x000000000000c9c6       0x14 zephyr/libzephyr.a(log_msg.c.obj)
                0x000000000000c9c6                z_impl_z_log_msg_simple_create_0
 .text.z_impl_z_log_msg_simple_create_1
                0x000000000000c9da       0x16 zephyr/libzephyr.a(log_msg.c.obj)
                0x000000000000c9da                z_impl_z_log_msg_simple_create_1
 .text.z_impl_z_log_msg_simple_create_2
                0x000000000000c9f0       0x1a zephyr/libzephyr.a(log_msg.c.obj)
                0x000000000000c9f0                z_impl_z_log_msg_simple_create_2
 .text.z_log_msg_static_create
                0x000000000000ca0a        0x8 zephyr/libzephyr.a(log_msg.c.obj)
 .text.log_output_flush
                0x000000000000ca12       0x2e zephyr/libzephyr.a(log_output.c.obj)
 .text.out_func
                0x000000000000ca40       0x30 zephyr/libzephyr.a(log_output.c.obj)
 .text.cr_out_func
                0x000000000000ca70       0x1e zephyr/libzephyr.a(log_output.c.obj)
 .text.color_prefix
                0x000000000000ca8e        0xc zephyr/libzephyr.a(log_output.c.obj)
 .text.color_postfix
                0x000000000000ca9a        0xc zephyr/libzephyr.a(log_output.c.obj)
 .text.postfix_print
                0x000000000000caa6       0x18 zephyr/libzephyr.a(log_output.c.obj)
 .text.log_msg_hexdump
                0x000000000000cabe       0x36 zephyr/libzephyr.a(log_output.c.obj)
 .text.log_output_msg_process
                0x000000000000caf4       0x66 zephyr/libzephyr.a(log_output.c.obj)
                0x000000000000caf4                log_output_msg_process
 .text.log_output_flush
                0x000000000000cb5a       0x2e zephyr/libzephyr.a(log_backend_uart.c.obj)
 .text.format_set
                0x000000000000cb88        0xc zephyr/libzephyr.a(log_backend_uart.c.obj)
 .text.log_backend_uart_init